Archive member included to satisfy reference by file (symbol)

c:/program files (x86)/gnu tools arm embedded/6 2017-q1-update/bin/../lib/gcc/arm-none-eabi/6.3.1/../../../../arm-none-eabi/lib/thumb/v7e-m/fpv4-sp/hard\libg_nano.a(lib_a-errno.o)
                              ./CMSIS/GCC/_syscalls.o (__errno)
c:/program files (x86)/gnu tools arm embedded/6 2017-q1-update/bin/../lib/gcc/arm-none-eabi/6.3.1/../../../../arm-none-eabi/lib/thumb/v7e-m/fpv4-sp/hard\libg_nano.a(lib_a-exit.o)
                              c:/program files (x86)/gnu tools arm embedded/6 2017-q1-update/bin/../lib/gcc/arm-none-eabi/6.3.1/../../../../arm-none-eabi/lib/thumb/v7e-m/fpv4-sp/hard/crt0.o (exit)
c:/program files (x86)/gnu tools arm embedded/6 2017-q1-update/bin/../lib/gcc/arm-none-eabi/6.3.1/../../../../arm-none-eabi/lib/thumb/v7e-m/fpv4-sp/hard\libg_nano.a(lib_a-impure.o)
                              c:/program files (x86)/gnu tools arm embedded/6 2017-q1-update/bin/../lib/gcc/arm-none-eabi/6.3.1/../../../../arm-none-eabi/lib/thumb/v7e-m/fpv4-sp/hard\libg_nano.a(lib_a-exit.o) (_global_impure_ptr)
c:/program files (x86)/gnu tools arm embedded/6 2017-q1-update/bin/../lib/gcc/arm-none-eabi/6.3.1/../../../../arm-none-eabi/lib/thumb/v7e-m/fpv4-sp/hard\libg_nano.a(lib_a-init.o)
                              c:/program files (x86)/gnu tools arm embedded/6 2017-q1-update/bin/../lib/gcc/arm-none-eabi/6.3.1/../../../../arm-none-eabi/lib/thumb/v7e-m/fpv4-sp/hard/crt0.o (__libc_init_array)
c:/program files (x86)/gnu tools arm embedded/6 2017-q1-update/bin/../lib/gcc/arm-none-eabi/6.3.1/../../../../arm-none-eabi/lib/thumb/v7e-m/fpv4-sp/hard\libg_nano.a(lib_a-memcpy-stub.o)
                              ./FreeRTOS/queue.o (memcpy)
c:/program files (x86)/gnu tools arm embedded/6 2017-q1-update/bin/../lib/gcc/arm-none-eabi/6.3.1/../../../../arm-none-eabi/lib/thumb/v7e-m/fpv4-sp/hard\libg_nano.a(lib_a-memset.o)
                              c:/program files (x86)/gnu tools arm embedded/6 2017-q1-update/bin/../lib/gcc/arm-none-eabi/6.3.1/../../../../arm-none-eabi/lib/thumb/v7e-m/fpv4-sp/hard/crt0.o (memset)
c:/program files (x86)/gnu tools arm embedded/6 2017-q1-update/bin/../lib/gcc/arm-none-eabi/6.3.1/../../../../arm-none-eabi/lib/thumb/v7e-m/fpv4-sp/hard\libg_nano.a(lib_a-printf.o)
                              ./Library/retarget.o (printf)
c:/program files (x86)/gnu tools arm embedded/6 2017-q1-update/bin/../lib/gcc/arm-none-eabi/6.3.1/../../../../arm-none-eabi/lib/thumb/v7e-m/fpv4-sp/hard\libg_nano.a(lib_a-puts.o)
                              ./User/main.o (puts)
c:/program files (x86)/gnu tools arm embedded/6 2017-q1-update/bin/../lib/gcc/arm-none-eabi/6.3.1/../../../../arm-none-eabi/lib/thumb/v7e-m/fpv4-sp/hard\libg_nano.a(lib_a-wbuf.o)
                              c:/program files (x86)/gnu tools arm embedded/6 2017-q1-update/bin/../lib/gcc/arm-none-eabi/6.3.1/../../../../arm-none-eabi/lib/thumb/v7e-m/fpv4-sp/hard\libg_nano.a(lib_a-puts.o) (__swbuf_r)
c:/program files (x86)/gnu tools arm embedded/6 2017-q1-update/bin/../lib/gcc/arm-none-eabi/6.3.1/../../../../arm-none-eabi/lib/thumb/v7e-m/fpv4-sp/hard\libg_nano.a(lib_a-wsetup.o)
                              c:/program files (x86)/gnu tools arm embedded/6 2017-q1-update/bin/../lib/gcc/arm-none-eabi/6.3.1/../../../../arm-none-eabi/lib/thumb/v7e-m/fpv4-sp/hard\libg_nano.a(lib_a-puts.o) (__swsetup_r)
c:/program files (x86)/gnu tools arm embedded/6 2017-q1-update/bin/../lib/gcc/arm-none-eabi/6.3.1/../../../../arm-none-eabi/lib/thumb/v7e-m/fpv4-sp/hard\libg_nano.a(lib_a-fflush.o)
                              c:/program files (x86)/gnu tools arm embedded/6 2017-q1-update/bin/../lib/gcc/arm-none-eabi/6.3.1/../../../../arm-none-eabi/lib/thumb/v7e-m/fpv4-sp/hard\libg_nano.a(lib_a-wbuf.o) (_fflush_r)
c:/program files (x86)/gnu tools arm embedded/6 2017-q1-update/bin/../lib/gcc/arm-none-eabi/6.3.1/../../../../arm-none-eabi/lib/thumb/v7e-m/fpv4-sp/hard\libg_nano.a(lib_a-findfp.o)
                              c:/program files (x86)/gnu tools arm embedded/6 2017-q1-update/bin/../lib/gcc/arm-none-eabi/6.3.1/../../../../arm-none-eabi/lib/thumb/v7e-m/fpv4-sp/hard\libg_nano.a(lib_a-printf.o) (__sinit)
c:/program files (x86)/gnu tools arm embedded/6 2017-q1-update/bin/../lib/gcc/arm-none-eabi/6.3.1/../../../../arm-none-eabi/lib/thumb/v7e-m/fpv4-sp/hard\libg_nano.a(lib_a-fwalk.o)
                              c:/program files (x86)/gnu tools arm embedded/6 2017-q1-update/bin/../lib/gcc/arm-none-eabi/6.3.1/../../../../arm-none-eabi/lib/thumb/v7e-m/fpv4-sp/hard\libg_nano.a(lib_a-findfp.o) (_fwalk)
c:/program files (x86)/gnu tools arm embedded/6 2017-q1-update/bin/../lib/gcc/arm-none-eabi/6.3.1/../../../../arm-none-eabi/lib/thumb/v7e-m/fpv4-sp/hard\libg_nano.a(lib_a-makebuf.o)
                              c:/program files (x86)/gnu tools arm embedded/6 2017-q1-update/bin/../lib/gcc/arm-none-eabi/6.3.1/../../../../arm-none-eabi/lib/thumb/v7e-m/fpv4-sp/hard\libg_nano.a(lib_a-wsetup.o) (__smakebuf_r)
[...]
Memory Configuration

Name             Origin             Length             Attributes
FLASH            0x00000000         0x00040000         xr
RAM              0x20000000         0x00020000         xrw
*default*        0x00000000         0xffffffff

Linker script and memory map

LOAD c:/program files (x86)/gnu tools arm embedded/6 2017-q1-update/bin/../lib/gcc/arm-none-eabi/6.3.1/thumb/v7e-m/fpv4-sp/hard/crti.o
LOAD c:/program files (x86)/gnu tools arm embedded/6 2017-q1-update/bin/../lib/gcc/arm-none-eabi/6.3.1/thumb/v7e-m/fpv4-sp/hard/crtbegin.o
LOAD c:/program files (x86)/gnu tools arm embedded/6 2017-q1-update/bin/../lib/gcc/arm-none-eabi/6.3.1/../../../../arm-none-eabi/lib/thumb/v7e-m/fpv4-sp/hard/crt0.o
LOAD ./User/ParTest.o
LOAD ./User/main.o
LOAD ./Library/clk.o
LOAD ./Library/retarget.o
LOAD ./Library/sys.o
LOAD ./Library/uart.o
LOAD ./FreeRTOS/Source/portable/MemMang/heap_2.o
LOAD ./FreeRTOS/Source/portable/GCC/ARM_CM4F/port.o
LOAD ./FreeRTOS/Demo/Common/Minimal/PollQ.o
LOAD ./FreeRTOS/Demo/Common/Minimal/QueueSet.o
LOAD ./FreeRTOS/Demo/Common/Minimal/flash.o
LOAD ./FreeRTOS/croutine.o
LOAD ./FreeRTOS/event_groups.o
LOAD ./FreeRTOS/list.o
LOAD ./FreeRTOS/queue.o
LOAD ./FreeRTOS/stream_buffer.o
LOAD ./FreeRTOS/tasks.o
LOAD ./FreeRTOS/timers.o
LOAD ./CMSIS/GCC/_syscalls.o
LOAD ./CMSIS/GCC/startup_M480.o
LOAD ./CMSIS/system_M480.o
LOAD c:/program files (x86)/gnu tools arm embedded/6 2017-q1-update/bin/../lib/gcc/arm-none-eabi/6.3.1/../../../../arm-none-eabi/lib/thumb/v7e-m/fpv4-sp/hard\libstdc++_nano.a
LOAD c:/program files (x86)/gnu tools arm embedded/6 2017-q1-update/bin/../lib/gcc/arm-none-eabi/6.3.1/../../../../arm-none-eabi/lib/thumb/v7e-m/fpv4-sp/hard\libm.a
START GROUP
LOAD c:/program files (x86)/gnu tools arm embedded/6 2017-q1-update/bin/../lib/gcc/arm-none-eabi/6.3.1/thumb/v7e-m/fpv4-sp/hard\libgcc.a
LOAD c:/program files (x86)/gnu tools arm embedded/6 2017-q1-update/bin/../lib/gcc/arm-none-eabi/6.3.1/../../../../arm-none-eabi/lib/thumb/v7e-m/fpv4-sp/hard\libg_nano.a
LOAD c:/program files (x86)/gnu tools arm embedded/6 2017-q1-update/bin/../lib/gcc/arm-none-eabi/6.3.1/../../../../arm-none-eabi/lib/thumb/v7e-m/fpv4-sp/hard\libc_nano.a
END GROUP
START GROUP
LOAD c:/program files (x86)/gnu tools arm embedded/6 2017-q1-update/bin/../lib/gcc/arm-none-eabi/6.3.1/thumb/v7e-m/fpv4-sp/hard\libgcc.a
LOAD c:/program files (x86)/gnu tools arm embedded/6 2017-q1-update/bin/../lib/gcc/arm-none-eabi/6.3.1/../../../../arm-none-eabi/lib/thumb/v7e-m/fpv4-sp/hard\libc_nano.a
END GROUP
LOAD c:/program files (x86)/gnu tools arm embedded/6 2017-q1-update/bin/../lib/gcc/arm-none-eabi/6.3.1/thumb/v7e-m/fpv4-sp/hard/crtend.o
LOAD c:/program files (x86)/gnu tools arm embedded/6 2017-q1-update/bin/../lib/gcc/arm-none-eabi/6.3.1/thumb/v7e-m/fpv4-sp/hard/crtn.o
START GROUP
LOAD c:/program files (x86)/gnu tools arm embedded/6 2017-q1-update/bin/../lib/gcc/arm-none-eabi/6.3.1/thumb/v7e-m/fpv4-sp/hard\libgcc.a
LOAD c:/program files (x86)/gnu tools arm embedded/6 2017-q1-update/bin/../lib/gcc/arm-none-eabi/6.3.1/../../../../arm-none-eabi/lib/thumb/v7e-m/fpv4-sp/hard\libc.a
LOAD c:/program files (x86)/gnu tools arm embedded/6 2017-q1-update/bin/../lib/gcc/arm-none-eabi/6.3.1/../../../../arm-none-eabi/lib/thumb/v7e-m/fpv4-sp/hard\libm.a
LOAD c:/program files (x86)/gnu tools arm embedded/6 2017-q1-update/bin/../lib/gcc/arm-none-eabi/6.3.1/../../../../arm-none-eabi/lib/thumb/v7e-m/fpv4-sp/hard\libnosys.a
END GROUP

.text           0x00000000     0x3c68
 *(.vectors)
 .vectors       0x00000000      0x1f4 ./CMSIS/GCC/startup_M480.o
                0x00000000                __Vectors
                0x000001f4                __Vectors_End = .
                0x000001f4                __Vectors_Size = (__Vectors_End - __Vectors)
                0x000001f4                __end__ = .
 *(.text*)
 .text          0x000001f4       0x6c c:/program files (x86)/gnu tools arm embedded/6 2017-q1-update/bin/../lib/gcc/arm-none-eabi/6.3.1/thumb/v7e-m/fpv4-sp/hard/crtbegin.o
 .text          0x00000260       0x74 c:/program files (x86)/gnu tools arm embedded/6 2017-q1-update/bin/../lib/gcc/arm-none-eabi/6.3.1/../../../../arm-none-eabi/lib/thumb/v7e-m/fpv4-sp/hard/crt0.o
                0x00000260                _start
                0x00000260                _mainCRTStartup
 .text.vParTestToggleLED
                0x000002d4       0x1c ./User/ParTest.o
                0x000002d4                vParTestToggleLED
 .text.vCheckTask
                0x000002f0       0x28 ./User/main.o
 .text.prvSetupHardware
                0x00000318       0xbc ./User/main.o
 .text.main     0x000003d4       0x40 ./User/main.o
                0x000003d4                main
 .text.vApplicationMallocFailedHook
                0x00000414       0x12 ./User/main.o
                0x00000414                vApplicationMallocFailedHook
 .text.vApplicationIdleHook
                0x00000426        0x2 ./User/main.o
                0x00000426                vApplicationIdleHook
 .text.vApplicationTickHook
                0x00000428        0x8 ./User/main.o
                0x00000428                vApplicationTickHook
 .text.CLK_SetModuleClock
                0x00000430       0xb4 ./Library/clk.o
                0x00000430                CLK_SetModuleClock
 .text.CLK_EnableXtalRC
                0x000004e4       0x10 ./Library/clk.o
                0x000004e4                CLK_EnableXtalRC
 .text.CLK_EnableModuleClock
                0x000004f4       0x1c ./Library/clk.o
                0x000004f4                CLK_EnableModuleClock
 .text.CLK_DisablePLL
                0x00000510       0x10 ./Library/clk.o
                0x00000510                CLK_DisablePLL
 .text.CLK_WaitClockReady
                0x00000520       0x28 ./Library/clk.o
                0x00000520                CLK_WaitClockReady
 .text.CLK_SetHCLK
                0x00000548       0x4c ./Library/clk.o
                0x00000548                CLK_SetHCLK
 .text.CLK_GetPLLClockFreq
                0x00000594       0x5c ./Library/clk.o
                0x00000594                CLK_GetPLLClockFreq
 .text.CLK_EnablePLL
                0x000005f0      0x15c ./Library/clk.o
                0x000005f0                CLK_EnablePLL
 .text.CLK_SetCoreClock
                0x0000074c       0x7c ./Library/clk.o
                0x0000074c                CLK_SetCoreClock
 .text.stackDump
                0x000007c8       0x68 ./Library/retarget.o
 .text.Hard_Fault_Handler
                0x00000830       0x18 ./Library/retarget.o
                0x00000830                Hard_Fault_Handler
 .text.HardFault_Handler
                0x00000848       0x24 ./Library/retarget.o
                0x00000848                HardFault_Handler
 .text._write   0x0000086c       0x44 ./Library/retarget.o
                0x0000086c                _write
 .text._read    0x000008b0       0x18 ./Library/retarget.o
                0x000008b0                _read
 .text.UART_Open
                0x000008c8      0x11c ./Library/uart.o
                0x000008c8                UART_Open
 .text.prvHeapInit
                0x000009e4       0x2c ./FreeRTOS/Source/portable/MemMang/heap_2.o
 .text.pvPortMalloc
                0x00000a10       0xac ./FreeRTOS/Source/portable/MemMang/heap_2.o
                0x00000a10                pvPortMalloc
 .text.vPortFree
                0x00000abc       0x44 ./FreeRTOS/Source/portable/MemMang/heap_2.o
                0x00000abc                vPortFree
 .text.prvTaskExitError
                0x00000b00       0x40 ./FreeRTOS/Source/portable/GCC/ARM_CM4F/port.o
 .text.prvPortStartFirstTask
                0x00000b40       0x28 ./FreeRTOS/Source/portable/GCC/ARM_CM4F/port.o
 .text.vPortEnableVFP
                0x00000b68       0x14 ./FreeRTOS/Source/portable/GCC/ARM_CM4F/port.o
 .text.pxPortInitialiseStack
                0x00000b7c       0x2c ./FreeRTOS/Source/portable/GCC/ARM_CM4F/port.o
                0x00000b7c                pxPortInitialiseStack
 *fill*         0x00000ba8        0x8 
 .text.SVC_Handler
                0x00000bb0       0x24 ./FreeRTOS/Source/portable/GCC/ARM_CM4F/port.o
                0x00000bb0                SVC_Handler
 .text.vPortEnterCritical
                0x00000bd4       0x44 ./FreeRTOS/Source/portable/GCC/ARM_CM4F/port.o
                0x00000bd4                vPortEnterCritical
 .text.vPortExitCritical
                0x00000c18       0x2c ./FreeRTOS/Source/portable/GCC/ARM_CM4F/port.o
                0x00000c18                vPortExitCritical
 *fill*         0x00000c44        0xc 
 .text.PendSV_Handler
                0x00000c50       0x64 ./FreeRTOS/Source/portable/GCC/ARM_CM4F/port.o
                0x00000c50                PendSV_Handler
 .text.SysTick_Handler
                0x00000cb4       0x2c ./FreeRTOS/Source/portable/GCC/ARM_CM4F/port.o
                0x00000cb4                SysTick_Handler
 .text.vPortSetupTimerInterrupt
                0x00000ce0       0x38 ./FreeRTOS/Source/portable/GCC/ARM_CM4F/port.o
                0x00000ce0                vPortSetupTimerInterrupt
 .text.xPortStartScheduler
                0x00000d18      0x110 ./FreeRTOS/Source/portable/GCC/ARM_CM4F/port.o
                0x00000d18                xPortStartScheduler
 .text.vPortValidateInterruptPriority
                0x00000e28       0x5c ./FreeRTOS/Source/portable/GCC/ARM_CM4F/port.o
                0x00000e28                vPortValidateInterruptPriority
 .text.vPolledQueueProducer
                0x00000e84       0x58 ./FreeRTOS/Demo/Common/Minimal/PollQ.o
 .text.vPolledQueueConsumer
                0x00000edc       0x5c ./FreeRTOS/Demo/Common/Minimal/PollQ.o
 .text.vStartPolledQueueTasks
                0x00000f38       0x5c ./FreeRTOS/Demo/Common/Minimal/PollQ.o
                0x00000f38                vStartPolledQueueTasks
 .text.xArePollingQueuesStillRunning
                0x00000f94       0x2c ./FreeRTOS/Demo/Common/Minimal/PollQ.o
                0x00000f94                xArePollingQueuesStillRunning
 .text.prvCheckReceivedValueWithinExpectedRange
                0x00000fc0       0x38 ./FreeRTOS/Demo/Common/Minimal/QueueSet.o
 .text.prvCheckReceivedValue
                0x00000ff8       0xb8 ./FreeRTOS/Demo/Common/Minimal/QueueSet.o
 .text.prvReceiveFromQueueInSetFromISR
                0x000010b0       0x34 ./FreeRTOS/Demo/Common/Minimal/QueueSet.o
 .text.prvSendToQueueInSetFromISR
                0x000010e4       0x5c ./FreeRTOS/Demo/Common/Minimal/QueueSet.o
 .text.vQueueSetAccessQueueSetFromISR
                0x00001140       0x30 ./FreeRTOS/Demo/Common/Minimal/QueueSet.o
                0x00001140                vQueueSetAccessQueueSetFromISR
 .text.vLEDFlashTask
                0x00001170       0x54 ./FreeRTOS/Demo/Common/Minimal/flash.o
 .text.vStartLEDFlashTasks
                0x000011c4       0x2c ./FreeRTOS/Demo/Common/Minimal/flash.o
                0x000011c4                vStartLEDFlashTasks
 .text.vListInitialise
                0x000011f0       0x16 ./FreeRTOS/list.o
                0x000011f0                vListInitialise
 .text.vListInitialiseItem
                0x00001206        0x6 ./FreeRTOS/list.o
                0x00001206                vListInitialiseItem
 .text.vListInsertEnd
                0x0000120c       0x18 ./FreeRTOS/list.o
                0x0000120c                vListInsertEnd
 .text.vListInsert
                0x00001224       0x34 ./FreeRTOS/list.o
                0x00001224                vListInsert
 .text.uxListRemove
                0x00001258       0x28 ./FreeRTOS/list.o
                0x00001258                uxListRemove
 .text.prvIsQueueFull
                0x00001280       0x1e ./FreeRTOS/queue.o
 .text.prvIsQueueEmpty
                0x0000129e       0x1a ./FreeRTOS/queue.o
 .text.prvCopyDataToQueue
                0x000012b8       0x76 ./FreeRTOS/queue.o
 .text.prvNotifyQueueSetContainer
                0x0000132e       0x7c ./FreeRTOS/queue.o
 .text.prvCopyDataFromQueue
                0x000013aa       0x24 ./FreeRTOS/queue.o
 .text.prvUnlockQueue
                0x000013ce       0x84 ./FreeRTOS/queue.o
 *fill*         0x00001452        0x2 
 .text.xQueueGenericReset
                0x00001454       0x80 ./FreeRTOS/queue.o
                0x00001454                xQueueGenericReset
 .text.prvInitialiseNewQueue
                0x000014d4       0x26 ./FreeRTOS/queue.o
 .text.xQueueGenericCreate
                0x000014fa       0x48 ./FreeRTOS/queue.o
                0x000014fa                xQueueGenericCreate
 *fill*         0x00001542        0x2 
 .text.xQueueGenericSend
                0x00001544      0x1ac ./FreeRTOS/queue.o
                0x00001544                xQueueGenericSend
 .text.xQueueGenericSendFromISR
                0x000016f0      0x102 ./FreeRTOS/queue.o
                0x000016f0                xQueueGenericSendFromISR
 *fill*         0x000017f2        0x2 
 .text.xQueueReceive
                0x000017f4      0x15c ./FreeRTOS/queue.o
                0x000017f4                xQueueReceive
 .text.xQueueReceiveFromISR
                0x00001950       0xb6 ./FreeRTOS/queue.o
                0x00001950                xQueueReceiveFromISR
 .text.uxQueueMessagesWaiting
                0x00001a06       0x26 ./FreeRTOS/queue.o
                0x00001a06                uxQueueMessagesWaiting
 .text.vQueueAddToRegistry
                0x00001a2c       0x28 ./FreeRTOS/queue.o
                0x00001a2c                vQueueAddToRegistry
 .text.vQueueWaitForMessageRestricted
                0x00001a54       0x52 ./FreeRTOS/queue.o
                0x00001a54                vQueueWaitForMessageRestricted
 .text.xQueueSelectFromSetFromISR
                0x00001aa6       0x18 ./FreeRTOS/queue.o
                0x00001aa6                xQueueSelectFromSetFromISR
 *fill*         0x00001abe        0x2 
 .text.prvResetNextTaskUnblockTime
                0x00001ac0       0x34 ./FreeRTOS/tasks.o
 .text.prvDeleteTCB
                0x00001af4       0x12 ./FreeRTOS/tasks.o
 .text.prvInitialiseNewTask
                0x00001b06       0x90 ./FreeRTOS/tasks.o
 *fill*         0x00001b96        0x2 
 .text.prvInitialiseTaskLists
                0x00001b98       0x68 ./FreeRTOS/tasks.o
 .text.prvAddNewTaskToReadyList
                0x00001c00       0xac ./FreeRTOS/tasks.o
 .text.prvCheckTasksWaitingTermination
                0x00001cac       0x4c ./FreeRTOS/tasks.o
 .text.prvAddCurrentTaskToDelayedList
                0x00001cf8       0x98 ./FreeRTOS/tasks.o
 .text.prvIdleTask
                0x00001d90       0x30 ./FreeRTOS/tasks.o
 .text.xTaskCreate
                0x00001dc0       0x62 ./FreeRTOS/tasks.o
                0x00001dc0                xTaskCreate
 *fill*         0x00001e22        0x2 
 .text.vTaskStartScheduler
                0x00001e24       0x84 ./FreeRTOS/tasks.o
                0x00001e24                vTaskStartScheduler
 .text.vTaskSuspendAll
                0x00001ea8       0x10 ./FreeRTOS/tasks.o
                0x00001ea8                vTaskSuspendAll
 .text.xTaskGetTickCount
                0x00001eb8        0xc ./FreeRTOS/tasks.o
                0x00001eb8                xTaskGetTickCount
 .text.xTaskIncrementTick
                0x00001ec4      0x12c ./FreeRTOS/tasks.o
                0x00001ec4                xTaskIncrementTick
 .text.xTaskResumeAll
                0x00001ff0       0xfc ./FreeRTOS/tasks.o
                0x00001ff0                xTaskResumeAll
 .text.vTaskDelayUntil
                0x000020ec       0xac ./FreeRTOS/tasks.o
                0x000020ec                vTaskDelayUntil
 .text.vTaskDelay
                0x00002198       0x50 ./FreeRTOS/tasks.o
                0x00002198                vTaskDelay
 .text.vTaskSwitchContext
                0x000021e8       0x9c ./FreeRTOS/tasks.o
                0x000021e8                vTaskSwitchContext
 .text.vTaskPlaceOnEventList
                0x00002284       0x30 ./FreeRTOS/tasks.o
                0x00002284                vTaskPlaceOnEventList
 .text.vTaskPlaceOnEventListRestricted
                0x000022b4       0x38 ./FreeRTOS/tasks.o
                0x000022b4                vTaskPlaceOnEventListRestricted
 .text.xTaskRemoveFromEventList
                0x000022ec       0x8c ./FreeRTOS/tasks.o
                0x000022ec                xTaskRemoveFromEventList
 .text.vTaskInternalSetTimeOutState
                0x00002378       0x18 ./FreeRTOS/tasks.o
                0x00002378                vTaskInternalSetTimeOutState
 .text.xTaskCheckForTimeOut
                0x00002390       0x80 ./FreeRTOS/tasks.o
                0x00002390                xTaskCheckForTimeOut
 .text.vTaskMissedYield
                0x00002410        0xc ./FreeRTOS/tasks.o
                0x00002410                vTaskMissedYield
 .text.xTaskGetSchedulerState
                0x0000241c       0x20 ./FreeRTOS/tasks.o
                0x0000241c                xTaskGetSchedulerState
 .text.xTaskPriorityDisinherit
                0x0000243c       0xb4 ./FreeRTOS/tasks.o
                0x0000243c                xTaskPriorityDisinherit
 .text.prvGetNextExpireTime
                0x000024f0       0x20 ./FreeRTOS/timers.o
 .text.prvInsertTimerInActiveList
                0x00002510       0x48 ./FreeRTOS/timers.o
 .text.prvCheckForValidListAndQueue
                0x00002558       0x5c ./FreeRTOS/timers.o
 .text.xTimerCreateTimerTask
                0x000025b4       0x50 ./FreeRTOS/timers.o
                0x000025b4                xTimerCreateTimerTask
 .text.xTimerGenericCommand
                0x00002604       0x6c ./FreeRTOS/timers.o
                0x00002604                xTimerGenericCommand
 .text.prvSwitchTimerLists
                0x00002670       0x78 ./FreeRTOS/timers.o
 .text.prvSampleTimeNow
                0x000026e8       0x2c ./FreeRTOS/timers.o
 .text.prvProcessExpiredTimer
                0x00002714       0x60 ./FreeRTOS/timers.o
 .text.prvProcessTimerOrBlockTask
                0x00002774       0x74 ./FreeRTOS/timers.o
 .text.prvProcessReceivedCommands
                0x000027e8       0xe0 ./FreeRTOS/timers.o
 .text.prvTimerTask
                0x000028c8       0x16 ./FreeRTOS/timers.o
 .text._close   0x000028de       0x10 ./CMSIS/GCC/_syscalls.o
                0x000028de                _close
 .text._fstat   0x000028ee       0x10 ./CMSIS/GCC/_syscalls.o
                0x000028ee                _fstat
 .text._isatty  0x000028fe        0xe ./CMSIS/GCC/_syscalls.o
                0x000028fe                _isatty
 .text._lseek   0x0000290c       0x10 ./CMSIS/GCC/_syscalls.o
                0x0000290c                _lseek
 .text          0x0000291c       0x68 ./CMSIS/GCC/startup_M480.o
                0x0000291c                Reset_Handler
                0x00002980                BRAKE0_IRQHandler
                0x00002980                SC2_IRQHandler
                0x00002980                DebugMon_Handler
                0x00002980                EPWM1P2_IRQHandler
                0x00002980                ACMP01_IRQHandler
                0x00002980                I2C0_IRQHandler
                0x00002980                EMAC_RX_IRQHandler
                0x00002980                SC0_IRQHandler
                0x00002980                USCI0_IRQHandler
                0x00002980                EADC13_IRQHandler
                0x00002980                NMI_Handler
                0x00002980                I2C1_IRQHandler
                0x00002980                EINT2_IRQHandler
                0x00002980                UART1_IRQHandler
                0x00002980                CAN1_IRQHandler
                0x00002980                EINT3_IRQHandler
                0x00002980                EADC01_IRQHandler
                0x00002980                I2S0_IRQHandler
                0x00002980                EINT6_IRQHandler
                0x00002980                EPWM1P1_IRQHandler
                0x00002980                UART0_IRQHandler
                0x00002980                BRAKE1_IRQHandler
                0x00002980                GPE_IRQHandler
                0x00002980                EPWM1P0_IRQHandler
                0x00002980                EADC03_IRQHandler
                0x00002980                SDH1_IRQHandler
                0x00002980                USBD_IRQHandler
                0x00002980                EADC12_IRQHandler
                0x00002980                UsageFault_Handler
                0x00002980                EADC10_IRQHandler
                0x00002980                GPB_IRQHandler
                0x00002980                SPI1_IRQHandler
                0x00002980                TAMPER_IRQHandler
                0x00002980                TMR0_IRQHandler
                0x00002980                USCI1_IRQHandler
                0x00002980                SDH0_IRQHandler
                0x00002980                QSPI0_IRQHandler
                0x00002980                EPWM0P1_IRQHandler
                0x00002980                GPA_IRQHandler
                0x00002980                IRC_IRQHandler
                0x00002980                I2C2_IRQHandler
                0x00002980                EINT7_IRQHandler
                0x00002980                EADC02_IRQHandler
                0x00002980                RTC_IRQHandler
                0x00002980                PWRWU_IRQHandler
                0x00002980                EPWM0P2_IRQHandler
                0x00002980                UART5_IRQHandler
                0x00002980                BPWM1_IRQHandler
                0x00002980                EINT1_IRQHandler
                0x00002980                EADC11_IRQHandler
                0x00002980                UART2_IRQHandler
                0x00002980                EHCI_IRQHandler
                0x00002980                GPH_IRQHandler
                0x00002980                UART4_IRQHandler
                0x00002980                GPC_IRQHandler
                0x00002980                OHCI_IRQHandler
                0x00002980                Default_Handler
                0x00002980                QSPI1_IRQHandler
                0x00002980                CKFAIL_IRQHandler
                0x00002980                USBOTG20_IRQHandler
                0x00002980                QEI1_IRQHandler
                0x00002980                TMR2_IRQHandler
                0x00002980                SPIM_IRQHandler
                0x00002980                ECAP0_IRQHandler
                0x00002980                QEI0_IRQHandler
                0x00002980                BPWM0_IRQHandler
                0x00002980                BOD_IRQHandler
                0x00002980                SPI2_IRQHandler
                0x00002980                MemManage_Handler
                0x00002980                WDT_IRQHandler
                0x00002980                USBOTG_IRQHandler
                0x00002980                OPA0_IRQHandler
                0x00002980                EINT4_IRQHandler
                0x00002980                USBD20_IRQHandler
                0x00002980                PDMA_IRQHandler
                0x00002980                SC1_IRQHandler
                0x00002980                RAMPE_IRQHandler
                0x00002980                EPWM0P0_IRQHandler
                0x00002980                EINT0_IRQHandler
                0x00002980                EINT5_IRQHandler
                0x00002980                CRYPTO_IRQHandler
                0x00002980                GPG_IRQHandler
                0x00002980                CAN0_IRQHandler
                0x00002980                TMR3_IRQHandler
                0x00002980                DAC_IRQHandler
                0x00002980                EMAC_TX_IRQHandler
                0x00002980                SPI0_IRQHandler
                0x00002980                GPD_IRQHandler
                0x00002980                UART7_IRQHandler
                0x00002980                UART6_IRQHandler
                0x00002980                CCAP_IRQHandler
                0x00002980                ECAP1_IRQHandler
                0x00002980                CAN2_IRQHandler
                0x00002980                GPF_IRQHandler
                0x00002980                BusFault_Handler
                0x00002980                SPI3_IRQHandler
                0x00002980                UART3_IRQHandler
                0x00002980                TMR1_IRQHandler
                0x00002980                TRNG_IRQHandler
                0x00002980                WWDT_IRQHandler
                0x00002980                EADC00_IRQHandler
 .text.SystemCoreClockUpdate
                0x00002984       0x5c ./CMSIS/system_M480.o
                0x00002984                SystemCoreClockUpdate
 .text.SystemInit
                0x000029e0       0x74 ./CMSIS/system_M480.o
                0x000029e0                SystemInit
 .text.__errno  0x00002a54        0xc c:/program files (x86)/gnu tools arm embedded/6 2017-q1-update/bin/../lib/gcc/arm-none-eabi/6.3.1/../../../../arm-none-eabi/lib/thumb/v7e-m/fpv4-sp/hard\libg_nano.a(lib_a-errno.o)
                0x00002a54                __errno
 .text.exit     0x00002a60       0x28 c:/program files (x86)/gnu tools arm embedded/6 2017-q1-update/bin/../lib/gcc/arm-none-eabi/6.3.1/../../../../arm-none-eabi/lib/thumb/v7e-m/fpv4-sp/hard\libg_nano.a(lib_a-exit.o)
                0x00002a60                exit
 .text.__libc_init_array
                0x00002a88       0x48 c:/program files (x86)/gnu tools arm embedded/6 2017-q1-update/bin/../lib/gcc/arm-none-eabi/6.3.1/../../../../arm-none-eabi/lib/thumb/v7e-m/fpv4-sp/hard\libg_nano.a(lib_a-init.o)
                0x00002a88                __libc_init_array
 .text.memcpy   0x00002ad0       0x16 c:/program files (x86)/gnu tools arm embedded/6 2017-q1-update/bin/../lib/gcc/arm-none-eabi/6.3.1/../../../../arm-none-eabi/lib/thumb/v7e-m/fpv4-sp/hard\libg_nano.a(lib_a-memcpy-stub.o)
                0x00002ad0                memcpy
 .text.memset   0x00002ae6       0x10 c:/program files (x86)/gnu tools arm embedded/6 2017-q1-update/bin/../lib/gcc/arm-none-eabi/6.3.1/../../../../arm-none-eabi/lib/thumb/v7e-m/fpv4-sp/hard\libg_nano.a(lib_a-memset.o)
                0x00002ae6                memset
 *fill*         0x00002af6        0x2 
 .text.printf   0x00002af8       0x30 c:/program files (x86)/gnu tools arm embedded/6 2017-q1-update/bin/../lib/gcc/arm-none-eabi/6.3.1/../../../../arm-none-eabi/lib/thumb/v7e-m/fpv4-sp/hard\libg_nano.a(lib_a-printf.o)
                0x00002af8                iprintf
                0x00002af8                printf
 .text._puts_r  0x00002b28       0xb8 c:/program files (x86)/gnu tools arm embedded/6 2017-q1-update/bin/../lib/gcc/arm-none-eabi/6.3.1/../../../../arm-none-eabi/lib/thumb/v7e-m/fpv4-sp/hard\libg_nano.a(lib_a-puts.o)
                0x00002b28                _puts_r
 .text.puts     0x00002be0       0x10 c:/program files (x86)/gnu tools arm embedded/6 2017-q1-update/bin/../lib/gcc/arm-none-eabi/6.3.1/../../../../arm-none-eabi/lib/thumb/v7e-m/fpv4-sp/hard\libg_nano.a(lib_a-puts.o)
                0x00002be0                puts
 .text.__swbuf_r
                0x00002bf0       0xa4 c:/program files (x86)/gnu tools arm embedded/6 2017-q1-update/bin/../lib/gcc/arm-none-eabi/6.3.1/../../../../arm-none-eabi/lib/thumb/v7e-m/fpv4-sp/hard\libg_nano.a(lib_a-wbuf.o)
                0x00002bf0                __swbuf_r
 .text.__swsetup_r
                0x00002c94       0xdc c:/program files (x86)/gnu tools arm embedded/6 2017-q1-update/bin/../lib/gcc/arm-none-eabi/6.3.1/../../../../arm-none-eabi/lib/thumb/v7e-m/fpv4-sp/hard\libg_nano.a(lib_a-wsetup.o)
                0x00002c94                __swsetup_r
 .text.__sflush_r
                0x00002d70      0x110 c:/program files (x86)/gnu tools arm embedded/6 2017-q1-update/bin/../lib/gcc/arm-none-eabi/6.3.1/../../../../arm-none-eabi/lib/thumb/v7e-m/fpv4-sp/hard\libg_nano.a(lib_a-fflush.o)
                0x00002d70                __sflush_r
 .text._fflush_r
                0x00002e80       0x54 c:/program files (x86)/gnu tools arm embedded/6 2017-q1-update/bin/../lib/gcc/arm-none-eabi/6.3.1/../../../../arm-none-eabi/lib/thumb/v7e-m/fpv4-sp/hard\libg_nano.a(lib_a-fflush.o)
                0x00002e80                _fflush_r
 .text._cleanup_r
                0x00002ed4        0xc c:/program files (x86)/gnu tools arm embedded/6 2017-q1-update/bin/../lib/gcc/arm-none-eabi/6.3.1/../../../../arm-none-eabi/lib/thumb/v7e-m/fpv4-sp/hard\libg_nano.a(lib_a-findfp.o)
                0x00002ed4                _cleanup_r
 .text.std.isra.0
                0x00002ee0       0x48 c:/program files (x86)/gnu tools arm embedded/6 2017-q1-update/bin/../lib/gcc/arm-none-eabi/6.3.1/../../../../arm-none-eabi/lib/thumb/v7e-m/fpv4-sp/hard\libg_nano.a(lib_a-findfp.o)
 .text.__sfmoreglue
                0x00002f28       0x2c c:/program files (x86)/gnu tools arm embedded/6 2017-q1-update/bin/../lib/gcc/arm-none-eabi/6.3.1/../../../../arm-none-eabi/lib/thumb/v7e-m/fpv4-sp/hard\libg_nano.a(lib_a-findfp.o)
                0x00002f28                __sfmoreglue
 .text.__sinit  0x00002f54       0x60 c:/program files (x86)/gnu tools arm embedded/6 2017-q1-update/bin/../lib/gcc/arm-none-eabi/6.3.1/../../../../arm-none-eabi/lib/thumb/v7e-m/fpv4-sp/hard\libg_nano.a(lib_a-findfp.o)
                0x00002f54                __sinit
 .text.__sfp    0x00002fb4       0x78 c:/program files (x86)/gnu tools arm embedded/6 2017-q1-update/bin/../lib/gcc/arm-none-eabi/6.3.1/../../../../arm-none-eabi/lib/thumb/v7e-m/fpv4-sp/hard\libg_nano.a(lib_a-findfp.o)
                0x00002fb4                __sfp
 .text._fwalk_reent
                0x0000302c       0x3c c:/program files (x86)/gnu tools arm embedded/6 2017-q1-update/bin/../lib/gcc/arm-none-eabi/6.3.1/../../../../arm-none-eabi/lib/thumb/v7e-m/fpv4-sp/hard\libg_nano.a(lib_a-fwalk.o)
                0x0000302c                _fwalk_reent
 .text.__swhatbuf_r
                0x00003068       0x48 c:/program files (x86)/gnu tools arm embedded/6 2017-q1-update/bin/../lib/gcc/arm-none-eabi/6.3.1/../../../../arm-none-eabi/lib/thumb/v7e-m/fpv4-sp/hard\libg_nano.a(lib_a-makebuf.o)
                0x00003068                __swhatbuf_r
 .text.__smakebuf_r
                0x000030b0       0x80 c:/program files (x86)/gnu tools arm embedded/6 2017-q1-update/bin/../lib/gcc/arm-none-eabi/6.3.1/../../../../arm-none-eabi/lib/thumb/v7e-m/fpv4-sp/hard\libg_nano.a(lib_a-makebuf.o)
                0x000030b0                __smakebuf_r
 .text._free_r  0x00003130       0x9c c:/program files (x86)/gnu tools arm embedded/6 2017-q1-update/bin/../lib/gcc/arm-none-eabi/6.3.1/../../../../arm-none-eabi/lib/thumb/v7e-m/fpv4-sp/hard\libg_nano.a(lib_a-nano-freer.o)
                0x00003130                _free_r
 .text._malloc_r
                0x000031cc       0xbc c:/program files (x86)/gnu tools arm embedded/6 2017-q1-update/bin/../lib/gcc/arm-none-eabi/6.3.1/../../../../arm-none-eabi/lib/thumb/v7e-m/fpv4-sp/hard\libg_nano.a(lib_a-nano-mallocr.o)
                0x000031cc                _malloc_r
 .text.__sfputc_r
                0x00003288       0x30 c:/program files (x86)/gnu tools arm embedded/6 2017-q1-update/bin/../lib/gcc/arm-none-eabi/6.3.1/../../../../arm-none-eabi/lib/thumb/v7e-m/fpv4-sp/hard\libg_nano.a(lib_a-nano-vfprintf.o)
 .text.__sfputs_r
                0x000032b8       0x24 c:/program files (x86)/gnu tools arm embedded/6 2017-q1-update/bin/../lib/gcc/arm-none-eabi/6.3.1/../../../../arm-none-eabi/lib/thumb/v7e-m/fpv4-sp/hard\libg_nano.a(lib_a-nano-vfprintf.o)
                0x000032b8                __sfputs_r
 .text._vfprintf_r
                0x000032dc      0x22c c:/program files (x86)/gnu tools arm embedded/6 2017-q1-update/bin/../lib/gcc/arm-none-eabi/6.3.1/../../../../arm-none-eabi/lib/thumb/v7e-m/fpv4-sp/hard\libg_nano.a(lib_a-nano-vfprintf.o)
                0x000032dc                _vfprintf_r
                0x000032dc                _vfiprintf_r
 .text._printf_common
                0x00003508       0xec c:/program files (x86)/gnu tools arm embedded/6 2017-q1-update/bin/../lib/gcc/arm-none-eabi/6.3.1/../../../../arm-none-eabi/lib/thumb/v7e-m/fpv4-sp/hard\libg_nano.a(lib_a-nano-vfprintf_i.o)
                0x00003508                _printf_common
 .text._printf_i
                0x000035f4      0x240 c:/program files (x86)/gnu tools arm embedded/6 2017-q1-update/bin/../lib/gcc/arm-none-eabi/6.3.1/../../../../arm-none-eabi/lib/thumb/v7e-m/fpv4-sp/hard\libg_nano.a(lib_a-nano-vfprintf_i.o)
                0x000035f4                _printf_i
 .text._sbrk_r  0x00003834       0x20 c:/program files (x86)/gnu tools arm embedded/6 2017-q1-update/bin/../lib/gcc/arm-none-eabi/6.3.1/../../../../arm-none-eabi/lib/thumb/v7e-m/fpv4-sp/hard\libg_nano.a(lib_a-sbrkr.o)
                0x00003834                _sbrk_r
 .text.__sread  0x00003854       0x22 c:/program files (x86)/gnu tools arm embedded/6 2017-q1-update/bin/../lib/gcc/arm-none-eabi/6.3.1/../../../../arm-none-eabi/lib/thumb/v7e-m/fpv4-sp/hard\libg_nano.a(lib_a-stdio.o)
                0x00003854                __sread
 .text.__swrite
                0x00003876       0x38 c:/program files (x86)/gnu tools arm embedded/6 2017-q1-update/bin/../lib/gcc/arm-none-eabi/6.3.1/../../../../arm-none-eabi/lib/thumb/v7e-m/fpv4-sp/hard\libg_nano.a(lib_a-stdio.o)
                0x00003876                __swrite
 .text.__sseek  0x000038ae       0x24 c:/program files (x86)/gnu tools arm embedded/6 2017-q1-update/bin/../lib/gcc/arm-none-eabi/6.3.1/../../../../arm-none-eabi/lib/thumb/v7e-m/fpv4-sp/hard\libg_nano.a(lib_a-stdio.o)
                0x000038ae                __sseek
 .text.__sclose
                0x000038d2        0x8 c:/program files (x86)/gnu tools arm embedded/6 2017-q1-update/bin/../lib/gcc/arm-none-eabi/6.3.1/../../../../arm-none-eabi/lib/thumb/v7e-m/fpv4-sp/hard\libg_nano.a(lib_a-stdio.o)
                0x000038d2                __sclose
 *fill*         0x000038da        0x2 
 .text._write_r
                0x000038dc       0x24 c:/program files (x86)/gnu tools arm embedded/6 2017-q1-update/bin/../lib/gcc/arm-none-eabi/6.3.1/../../../../arm-none-eabi/lib/thumb/v7e-m/fpv4-sp/hard\libg_nano.a(lib_a-writer.o)
                0x000038dc                _write_r
 .text._close_r
                0x00003900       0x20 c:/program files (x86)/gnu tools arm embedded/6 2017-q1-update/bin/../lib/gcc/arm-none-eabi/6.3.1/../../../../arm-none-eabi/lib/thumb/v7e-m/fpv4-sp/hard\libg_nano.a(lib_a-closer.o)
                0x00003900                _close_r
 .text._fstat_r
                0x00003920       0x24 c:/program files (x86)/gnu tools arm embedded/6 2017-q1-update/bin/../lib/gcc/arm-none-eabi/6.3.1/../../../../arm-none-eabi/lib/thumb/v7e-m/fpv4-sp/hard\libg_nano.a(lib_a-fstatr.o)
                0x00003920                _fstat_r
 .text._isatty_r
                0x00003944       0x20 c:/program files (x86)/gnu tools arm embedded/6 2017-q1-update/bin/../lib/gcc/arm-none-eabi/6.3.1/../../../../arm-none-eabi/lib/thumb/v7e-m/fpv4-sp/hard\libg_nano.a(lib_a-isattyr.o)
                0x00003944                _isatty_r
 .text._lseek_r
                0x00003964       0x24 c:/program files (x86)/gnu tools arm embedded/6 2017-q1-update/bin/../lib/gcc/arm-none-eabi/6.3.1/../../../../arm-none-eabi/lib/thumb/v7e-m/fpv4-sp/hard\libg_nano.a(lib_a-lseekr.o)
                0x00003964                _lseek_r
 *fill*         0x00003988        0x8 
 .text          0x00003990       0xa0 c:/program files (x86)/gnu tools arm embedded/6 2017-q1-update/bin/../lib/gcc/arm-none-eabi/6.3.1/../../../../arm-none-eabi/lib/thumb/v7e-m/fpv4-sp/hard\libg_nano.a(lib_a-memchr.o)
                0x00003990                memchr
 .text.__malloc_lock
                0x00003a30        0x2 c:/program files (x86)/gnu tools arm embedded/6 2017-q1-update/bin/../lib/gcc/arm-none-eabi/6.3.1/../../../../arm-none-eabi/lib/thumb/v7e-m/fpv4-sp/hard\libg_nano.a(lib_a-mlock.o)
                0x00003a30                __malloc_lock
 .text.__malloc_unlock
                0x00003a32        0x2 c:/program files (x86)/gnu tools arm embedded/6 2017-q1-update/bin/../lib/gcc/arm-none-eabi/6.3.1/../../../../arm-none-eabi/lib/thumb/v7e-m/fpv4-sp/hard\libg_nano.a(lib_a-mlock.o)
                0x00003a32                __malloc_unlock
 .text._read_r  0x00003a34       0x24 c:/program files (x86)/gnu tools arm embedded/6 2017-q1-update/bin/../lib/gcc/arm-none-eabi/6.3.1/../../../../arm-none-eabi/lib/thumb/v7e-m/fpv4-sp/hard\libg_nano.a(lib_a-readr.o)
                0x00003a34                _read_r
 .text._sbrk    0x00003a58       0x1c c:/program files (x86)/gnu tools arm embedded/6 2017-q1-update/bin/../lib/gcc/arm-none-eabi/6.3.1/../../../../arm-none-eabi/lib/thumb/v7e-m/fpv4-sp/hard\libnosys.a(sbrk.o)
                0x00003a58                _sbrk
 .text._exit    0x00003a74        0x4 c:/program files (x86)/gnu tools arm embedded/6 2017-q1-update/bin/../lib/gcc/arm-none-eabi/6.3.1/../../../../arm-none-eabi/lib/thumb/v7e-m/fpv4-sp/hard\libnosys.a(_exit.o)
                0x00003a74                _exit
 *(.init)
 .init          0x00003a78        0x4 c:/program files (x86)/gnu tools arm embedded/6 2017-q1-update/bin/../lib/gcc/arm-none-eabi/6.3.1/thumb/v7e-m/fpv4-sp/hard/crti.o
                0x00003a78                _init
 .init          0x00003a7c        0x8 c:/program files (x86)/gnu tools arm embedded/6 2017-q1-update/bin/../lib/gcc/arm-none-eabi/6.3.1/thumb/v7e-m/fpv4-sp/hard/crtn.o
 *(.fini)
 .fini          0x00003a84        0x4 c:/program files (x86)/gnu tools arm embedded/6 2017-q1-update/bin/../lib/gcc/arm-none-eabi/6.3.1/thumb/v7e-m/fpv4-sp/hard/crti.o
                0x00003a84                _fini
 .fini          0x00003a88        0x8 c:/program files (x86)/gnu tools arm embedded/6 2017-q1-update/bin/../lib/gcc/arm-none-eabi/6.3.1/thumb/v7e-m/fpv4-sp/hard/crtn.o
 *crtbegin.o(.ctors)
 *crtbegin?.o(.ctors)
 *(EXCLUDE_FILE(*crtend.o *crtend?.o) .ctors)
 *(SORT(.ctors.*))
 *(.ctors)
 *crtbegin.o(.dtors)
 *crtbegin?.o(.dtors)
 *(EXCLUDE_FILE(*crtend.o *crtend?.o) .dtors)
 *(SORT(.dtors.*))
 *(.dtors)
 *(.rodata*)
 .rodata.main.str1.4
                0x00003a90       0x21 ./User/main.o
 *fill*         0x00003ab1        0x3 
 .rodata.vCheckTask.str1.4
                0x00003ab4       0x10 ./User/main.o
 .rodata        0x00003ac4       0x24 ./Library/clk.o
 .rodata.Hard_Fault_Handler.str1.4
                0x00003ae8       0x16 ./Library/retarget.o
 *fill*         0x00003afe        0x2 
 .rodata.stackDump.str1.4
                0x00003b00       0x60 ./Library/retarget.o
 .rodata        0x00003b60       0x10 ./Library/uart.o
 .rodata.vStartPolledQueueTasks.str1.4
                0x00003b70       0x20 ./FreeRTOS/Demo/Common/Minimal/PollQ.o
 .rodata.vLEDFlashTask.str1.4
                0x00003b90       0x19 ./FreeRTOS/Demo/Common/Minimal/flash.o
 *fill*         0x00003ba9        0x3 
 .rodata.vStartLEDFlashTasks.str1.4
                0x00003bac        0x5 ./FreeRTOS/Demo/Common/Minimal/flash.o
 *fill*         0x00003bb1        0x3 
 .rodata.vTaskStartScheduler.str1.4
                0x00003bb4        0x5 ./FreeRTOS/tasks.o
 *fill*         0x00003bb9        0x3 
 .rodata.prvCheckForValidListAndQueue.str1.4
                0x00003bbc        0x5 ./FreeRTOS/timers.o
 *fill*         0x00003bc1        0x3 
 .rodata.xTimerCreateTimerTask.str1.4
                0x00003bc4        0x8 ./FreeRTOS/timers.o
 .rodata._global_impure_ptr
                0x00003bcc        0x4 c:/program files (x86)/gnu tools arm embedded/6 2017-q1-update/bin/../lib/gcc/arm-none-eabi/6.3.1/../../../../arm-none-eabi/lib/thumb/v7e-m/fpv4-sp/hard\libg_nano.a(lib_a-impure.o)
                0x00003bcc                _global_impure_ptr
 .rodata.__sf_fake_stderr
                0x00003bd0       0x20 c:/program files (x86)/gnu tools arm embedded/6 2017-q1-update/bin/../lib/gcc/arm-none-eabi/6.3.1/../../../../arm-none-eabi/lib/thumb/v7e-m/fpv4-sp/hard\libg_nano.a(lib_a-findfp.o)
                0x00003bd0                __sf_fake_stderr
 .rodata.__sf_fake_stdin
                0x00003bf0       0x20 c:/program files (x86)/gnu tools arm embedded/6 2017-q1-update/bin/../lib/gcc/arm-none-eabi/6.3.1/../../../../arm-none-eabi/lib/thumb/v7e-m/fpv4-sp/hard\libg_nano.a(lib_a-findfp.o)
                0x00003bf0                __sf_fake_stdin
 .rodata.__sf_fake_stdout
                0x00003c10       0x20 c:/program files (x86)/gnu tools arm embedded/6 2017-q1-update/bin/../lib/gcc/arm-none-eabi/6.3.1/../../../../arm-none-eabi/lib/thumb/v7e-m/fpv4-sp/hard\libg_nano.a(lib_a-findfp.o)
                0x00003c10                __sf_fake_stdout
 .rodata._vfprintf_r.str1.1
                0x00003c30       0x11 c:/program files (x86)/gnu tools arm embedded/6 2017-q1-update/bin/../lib/gcc/arm-none-eabi/6.3.1/../../../../arm-none-eabi/lib/thumb/v7e-m/fpv4-sp/hard\libg_nano.a(lib_a-nano-vfprintf.o)
 .rodata._printf_i.str1.1
                0x00003c41       0x22 c:/program files (x86)/gnu tools arm embedded/6 2017-q1-update/bin/../lib/gcc/arm-none-eabi/6.3.1/../../../../arm-none-eabi/lib/thumb/v7e-m/fpv4-sp/hard\libg_nano.a(lib_a-nano-vfprintf_i.o)
 *(.eh_frame*)
 *fill*         0x00003c63        0x1 
 .eh_frame      0x00003c64        0x0 c:/program files (x86)/gnu tools arm embedded/6 2017-q1-update/bin/../lib/gcc/arm-none-eabi/6.3.1/thumb/v7e-m/fpv4-sp/hard/crtbegin.o
 .eh_frame      0x00003c64        0x4 c:/program files (x86)/gnu tools arm embedded/6 2017-q1-update/bin/../lib/gcc/arm-none-eabi/6.3.1/thumb/v7e-m/fpv4-sp/hard/crtend.o

.glue_7         0x00003c68        0x0
 .glue_7        0x00003c68        0x0 linker stubs

.glue_7t        0x00003c68        0x0
 .glue_7t       0x00003c68        0x0 linker stubs

.vfp11_veneer   0x00003c68        0x0
 .vfp11_veneer  0x00003c68        0x0 linker stubs

.v4_bx          0x00003c68        0x0
 .v4_bx         0x00003c68        0x0 linker stubs

.iplt           0x00003c68        0x0
 .iplt          0x00003c68        0x0 c:/program files (x86)/gnu tools arm embedded/6 2017-q1-update/bin/../lib/gcc/arm-none-eabi/6.3.1/thumb/v7e-m/fpv4-sp/hard/crtbegin.o

.ARM.extab
 *(.ARM.extab* .gnu.linkonce.armextab.*)
                0x00003c68                __exidx_start = .

.ARM.exidx      0x00003c68        0x8
 *(.ARM.exidx* .gnu.linkonce.armexidx.*)
 .ARM.exidx     0x00003c68        0x8 c:/program files (x86)/gnu tools arm embedded/6 2017-q1-update/bin/../lib/gcc/arm-none-eabi/6.3.1/../../../../arm-none-eabi/lib/thumb/v7e-m/fpv4-sp/hard/crt0.o
                0x00003c70                __exidx_end = .
                0x00003c70                __etext = .

.rel.dyn        0x00003c70        0x0
 .rel.iplt      0x00003c70        0x0 c:/program files (x86)/gnu tools arm embedded/6 2017-q1-update/bin/../lib/gcc/arm-none-eabi/6.3.1/thumb/v7e-m/fpv4-sp/hard/crtbegin.o

.data           0x20000000       0xb0 load address 0x00003c70
                0x20000000                __data_start__ = .
 *(vtable)
 *(.data*)
 .data.xFreeBytesRemaining
                0x20000000        0x4 ./FreeRTOS/Source/portable/MemMang/heap_2.o
 .data.uxCriticalNesting
                0x20000004        0x4 ./FreeRTOS/Source/portable/GCC/ARM_CM4F/port.o
 .data.ulExpectedReceivedFromISR.6454
                0x20000008        0x4 ./FreeRTOS/Demo/Common/Minimal/QueueSet.o
 .data.ulISRTxValue
                0x2000000c        0x4 ./FreeRTOS/Demo/Common/Minimal/QueueSet.o
 .data.xQueueSetTasksStatus
                0x20000010        0x4 ./FreeRTOS/Demo/Common/Minimal/QueueSet.o
 .data.CyclesPerUs
                0x20000014        0x4 ./CMSIS/system_M480.o
                0x20000014                CyclesPerUs
 .data.PllClock
                0x20000018        0x4 ./CMSIS/system_M480.o
                0x20000018                PllClock
 .data.SystemCoreClock
                0x2000001c        0x4 ./CMSIS/system_M480.o
                0x2000001c                SystemCoreClock
 .data.gau32ClkSrcTbl
                0x20000020       0x20 ./CMSIS/system_M480.o
                0x20000020                gau32ClkSrcTbl
 .data._impure_ptr
                0x20000040        0x4 c:/program files (x86)/gnu tools arm embedded/6 2017-q1-update/bin/../lib/gcc/arm-none-eabi/6.3.1/../../../../arm-none-eabi/lib/thumb/v7e-m/fpv4-sp/hard\libg_nano.a(lib_a-impure.o)
                0x20000040                _impure_ptr
 .data.impure_data
                0x20000044       0x60 c:/program files (x86)/gnu tools arm embedded/6 2017-q1-update/bin/../lib/gcc/arm-none-eabi/6.3.1/../../../../arm-none-eabi/lib/thumb/v7e-m/fpv4-sp/hard\libg_nano.a(lib_a-impure.o)
                0x200000a4                . = ALIGN (0x4)
                0x200000a4                PROVIDE (__preinit_array_start, .)
 *(.preinit_array)
                0x200000a4                PROVIDE (__preinit_array_end, .)
                0x200000a4                . = ALIGN (0x4)
                0x200000a4                PROVIDE (__init_array_start, .)
 *(SORT(.init_array.*))
 *(.init_array)
 .init_array    0x200000a4        0x4 c:/program files (x86)/gnu tools arm embedded/6 2017-q1-update/bin/../lib/gcc/arm-none-eabi/6.3.1/thumb/v7e-m/fpv4-sp/hard/crtbegin.o
                0x200000a8                PROVIDE (__init_array_end, .)
                0x200000a8                . = ALIGN (0x4)
                [!provide]                PROVIDE (__fini_array_start, .)
 *(SORT(.fini_array.*))
 *(.fini_array)
 .fini_array    0x200000a8        0x4 c:/program files (x86)/gnu tools arm embedded/6 2017-q1-update/bin/../lib/gcc/arm-none-eabi/6.3.1/thumb/v7e-m/fpv4-sp/hard/crtbegin.o
                [!provide]                PROVIDE (__fini_array_end, .)
 *(.jcr*)
 .jcr           0x200000ac        0x0 c:/program files (x86)/gnu tools arm embedded/6 2017-q1-update/bin/../lib/gcc/arm-none-eabi/6.3.1/thumb/v7e-m/fpv4-sp/hard/crtbegin.o
 .jcr           0x200000ac        0x4 c:/program files (x86)/gnu tools arm embedded/6 2017-q1-update/bin/../lib/gcc/arm-none-eabi/6.3.1/thumb/v7e-m/fpv4-sp/hard/crtend.o
                0x200000b0                . = ALIGN (0x4)
                0x200000b0                __data_end__ = .

.igot.plt       0x200000b0        0x0 load address 0x00003d20
 .igot.plt      0x200000b0        0x0 c:/program files (x86)/gnu tools arm embedded/6 2017-q1-update/bin/../lib/gcc/arm-none-eabi/6.3.1/thumb/v7e-m/fpv4-sp/hard/crtbegin.o

.bss            0x200000b0     0x21fc load address 0x00003d20
                0x200000b0                . = ALIGN (0x4)
                0x200000b0                __bss_start__ = .
 *(.bss*)
 .bss           0x200000b0       0x1c c:/program files (x86)/gnu tools arm embedded/6 2017-q1-update/bin/../lib/gcc/arm-none-eabi/6.3.1/thumb/v7e-m/fpv4-sp/hard/crtbegin.o
 .bss.i.11091   0x200000cc        0x2 ./User/ParTest.o
 *fill*         0x200000ce        0x2 
 .bss.ucHeap    0x200000d0     0x2000 ./FreeRTOS/Source/portable/MemMang/heap_2.o
 .bss.xEnd      0x200020d0        0x8 ./FreeRTOS/Source/portable/MemMang/heap_2.o
 .bss.xHeapHasBeenInitialised.6263
                0x200020d8        0x4 ./FreeRTOS/Source/portable/MemMang/heap_2.o
 .bss.xStart    0x200020dc        0x8 ./FreeRTOS/Source/portable/MemMang/heap_2.o
 .bss.ucMaxSysCallPriority
                0x200020e4        0x1 ./FreeRTOS/Source/portable/GCC/ARM_CM4F/port.o
 *fill*         0x200020e5        0x3 
 .bss.ulMaxPRIGROUPValue
                0x200020e8        0x4 ./FreeRTOS/Source/portable/GCC/ARM_CM4F/port.o
 .bss.xPolledQueue.6380
                0x200020ec        0x4 ./FreeRTOS/Demo/Common/Minimal/PollQ.o
 .bss.xPollingConsumerCount
                0x200020f0        0x4 ./FreeRTOS/Demo/Common/Minimal/PollQ.o
 .bss.xPollingProducerCount
                0x200020f4        0x4 ./FreeRTOS/Demo/Common/Minimal/PollQ.o
 .bss.ulCallCount.6449
                0x200020f8        0x4 ./FreeRTOS/Demo/Common/Minimal/QueueSet.o
 .bss.ulExpectedReceivedFromTask.6453
                0x200020fc        0x4 ./FreeRTOS/Demo/Common/Minimal/QueueSet.o
 .bss.xQueueSet
                0x20002100        0x4 ./FreeRTOS/Demo/Common/Minimal/QueueSet.o
 .bss.xQueueToWriteTo.6472
                0x20002104        0x4 ./FreeRTOS/Demo/Common/Minimal/QueueSet.o
 .bss.xQueues   0x20002108        0xc ./FreeRTOS/Demo/Common/Minimal/QueueSet.o
 .bss.xSetupComplete
                0x20002114        0x4 ./FreeRTOS/Demo/Common/Minimal/QueueSet.o
 .bss.uxFlashTaskNumber
                0x20002118        0x4 ./FreeRTOS/Demo/Common/Minimal/flash.o
 .bss.pxCurrentTCB
                0x2000211c        0x4 ./FreeRTOS/tasks.o
                0x2000211c                pxCurrentTCB
 .bss.pxDelayedTaskList
                0x20002120        0x4 ./FreeRTOS/tasks.o
 .bss.pxOverflowDelayedTaskList
                0x20002124        0x4 ./FreeRTOS/tasks.o
 .bss.pxReadyTasksLists
                0x20002128       0x64 ./FreeRTOS/tasks.o
 .bss.uxCurrentNumberOfTasks
                0x2000218c        0x4 ./FreeRTOS/tasks.o
 .bss.uxDeletedTasksWaitingCleanUp
                0x20002190        0x4 ./FreeRTOS/tasks.o
 .bss.uxPendedTicks
                0x20002194        0x4 ./FreeRTOS/tasks.o
 .bss.uxSchedulerSuspended
                0x20002198        0x4 ./FreeRTOS/tasks.o
 .bss.uxTaskNumber
                0x2000219c        0x4 ./FreeRTOS/tasks.o
 .bss.uxTopReadyPriority
                0x200021a0        0x4 ./FreeRTOS/tasks.o
 .bss.xDelayedTaskList1
                0x200021a4       0x14 ./FreeRTOS/tasks.o
 .bss.xDelayedTaskList2
                0x200021b8       0x14 ./FreeRTOS/tasks.o
 .bss.xIdleTaskHandle
                0x200021cc        0x4 ./FreeRTOS/tasks.o
 .bss.xNextTaskUnblockTime
                0x200021d0        0x4 ./FreeRTOS/tasks.o
 .bss.xNumOfOverflows
                0x200021d4        0x4 ./FreeRTOS/tasks.o
 .bss.xPendingReadyList
                0x200021d8       0x14 ./FreeRTOS/tasks.o
 .bss.xSchedulerRunning
                0x200021ec        0x4 ./FreeRTOS/tasks.o
 .bss.xSuspendedTaskList
                0x200021f0       0x14 ./FreeRTOS/tasks.o
 .bss.xTasksWaitingTermination
                0x20002204       0x14 ./FreeRTOS/tasks.o
 .bss.xTickCount
                0x20002218        0x4 ./FreeRTOS/tasks.o
 .bss.xYieldPending
                0x2000221c        0x4 ./FreeRTOS/tasks.o
 .bss.pxCurrentTimerList
                0x20002220        0x4 ./FreeRTOS/timers.o
 .bss.pxOverflowTimerList
                0x20002224        0x4 ./FreeRTOS/timers.o
 .bss.xActiveTimerList1
                0x20002228       0x14 ./FreeRTOS/timers.o
 .bss.xActiveTimerList2
                0x2000223c       0x14 ./FreeRTOS/timers.o
 .bss.xLastTime.6557
                0x20002250        0x4 ./FreeRTOS/timers.o
 .bss.xTimerQueue
                0x20002254        0x4 ./FreeRTOS/timers.o
 .bss.xTimerTaskHandle
                0x20002258        0x4 ./FreeRTOS/timers.o
 .bss.__malloc_free_list
                0x2000225c        0x4 c:/program files (x86)/gnu tools arm embedded/6 2017-q1-update/bin/../lib/gcc/arm-none-eabi/6.3.1/../../../../arm-none-eabi/lib/thumb/v7e-m/fpv4-sp/hard\libg_nano.a(lib_a-nano-mallocr.o)
                0x2000225c                __malloc_free_list
 .bss.__malloc_sbrk_start
                0x20002260        0x4 c:/program files (x86)/gnu tools arm embedded/6 2017-q1-update/bin/../lib/gcc/arm-none-eabi/6.3.1/../../../../arm-none-eabi/lib/thumb/v7e-m/fpv4-sp/hard\libg_nano.a(lib_a-nano-mallocr.o)
                0x20002260                __malloc_sbrk_start
 .bss.heap_end.5239
                0x20002264        0x4 c:/program files (x86)/gnu tools arm embedded/6 2017-q1-update/bin/../lib/gcc/arm-none-eabi/6.3.1/../../../../arm-none-eabi/lib/thumb/v7e-m/fpv4-sp/hard\libnosys.a(sbrk.o)
 *(COMMON)
 COMMON         0x20002268       0x40 ./FreeRTOS/queue.o
                0x20002268                xQueueRegistry
 COMMON         0x200022a8        0x4 ./CMSIS/GCC/_syscalls.o
                0x200022a8                errno
                0x200022ac                . = ALIGN (0x4)
                0x200022ac                __bss_end__ = .

.heap           0x200022b0      0x100
                0x200022b0                __HeapBase = .
                0x200022b0                __end__ = .
                0x200022b0                end = __end__
 *(.heap*)
 .heap          0x200022b0      0x100 ./CMSIS/GCC/startup_M480.o
                0x200023b0                __HeapLimit = .

.stack_dummy    0x200022b0      0x800
 *(.stack*)
 .stack         0x200022b0      0x800 ./CMSIS/GCC/startup_M480.o
                0x20020000                __StackTop = (ORIGIN (RAM) + LENGTH (RAM))
                0x2001f800                __StackLimit = (__StackTop - SIZEOF (.stack_dummy))
                0x20020000                PROVIDE (__stack, __StackTop)
                0x00000001                ASSERT ((__StackLimit >= __HeapLimit), region RAM overflowed with stack)
OUTPUT(HelloWorld.elf elf32-littlearm)

.ARM.attributes
                0x00000000       0x30
 .ARM.attributes
                0x00000000       0x22 c:/program files (x86)/gnu tools arm embedded/6 2017-q1-update/bin/../lib/gcc/arm-none-eabi/6.3.1/thumb/v7e-m/fpv4-sp/hard/crti.o
 .ARM.attributes
                0x00000022       0x34 c:/program files (x86)/gnu tools arm embedded/6 2017-q1-update/bin/../lib/gcc/arm-none-eabi/6.3.1/thumb/v7e-m/fpv4-sp/hard/crtbegin.o
 .ARM.attributes
                0x00000056       0x20 c:/program files (x86)/gnu tools arm embedded/6 2017-q1-update/bin/../lib/gcc/arm-none-eabi/6.3.1/../../../../arm-none-eabi/lib/thumb/v7e-m/fpv4-sp/hard/crt0.o
 .ARM.attributes
                0x00000076       0x39 ./User/ParTest.o
 .ARM.attributes
                0x000000af       0x39 ./User/main.o
 .ARM.attributes
                0x000000e8       0x39 ./Library/clk.o
 .ARM.attributes
                0x00000121       0x39 ./Library/retarget.o
 .ARM.attributes
                0x0000015a       0x39 ./Library/uart.o
 .ARM.attributes
                0x00000193       0x39 ./FreeRTOS/Source/portable/MemMang/heap_2.o
 .ARM.attributes
                0x000001cc       0x39 ./FreeRTOS/Source/portable/GCC/ARM_CM4F/port.o
 .ARM.attributes
                0x00000205       0x39 ./FreeRTOS/Demo/Common/Minimal/PollQ.o
 .ARM.attributes
                0x0000023e       0x39 ./FreeRTOS/Demo/Common/Minimal/QueueSet.o
 .ARM.attributes
                0x00000277       0x39 ./FreeRTOS/Demo/Common/Minimal/flash.o
 .ARM.attributes
                0x000002b0       0x39 ./FreeRTOS/list.o
 .ARM.attributes
                0x000002e9       0x39 ./FreeRTOS/queue.o
 .ARM.attributes
                0x00000322       0x39 ./FreeRTOS/tasks.o
 .ARM.attributes
                0x0000035b       0x39 ./FreeRTOS/timers.o
 .ARM.attributes
                0x00000394       0x39 ./CMSIS/GCC/_syscalls.o
 .ARM.attributes
                0x000003cd       0x1f ./CMSIS/GCC/startup_M480.o
 .ARM.attributes
                0x000003ec       0x39 ./CMSIS/system_M480.o
 .ARM.attributes
                0x00000425       0x34 c:/program files (x86)/gnu tools arm embedded/6 2017-q1-update/bin/../lib/gcc/arm-none-eabi/6.3.1/../../../../arm-none-eabi/lib/thumb/v7e-m/fpv4-sp/hard\libg_nano.a(lib_a-errno.o)
 .ARM.attributes
                0x00000459       0x34 c:/program files (x86)/gnu tools arm embedded/6 2017-q1-update/bin/../lib/gcc/arm-none-eabi/6.3.1/../../../../arm-none-eabi/lib/thumb/v7e-m/fpv4-sp/hard\libg_nano.a(lib_a-exit.o)
 .ARM.attributes
                0x0000048d       0x34 c:/program files (x86)/gnu tools arm embedded/6 2017-q1-update/bin/../lib/gcc/arm-none-eabi/6.3.1/../../../../arm-none-eabi/lib/thumb/v7e-m/fpv4-sp/hard\libg_nano.a(lib_a-impure.o)
 .ARM.attributes
                0x000004c1       0x34 c:/program files (x86)/gnu tools arm embedded/6 2017-q1-update/bin/../lib/gcc/arm-none-eabi/6.3.1/../../../../arm-none-eabi/lib/thumb/v7e-m/fpv4-sp/hard\libg_nano.a(lib_a-init.o)
 .ARM.attributes
                0x000004f5       0x34 c:/program files (x86)/gnu tools arm embedded/6 2017-q1-update/bin/../lib/gcc/arm-none-eabi/6.3.1/../../../../arm-none-eabi/lib/thumb/v7e-m/fpv4-sp/hard\libg_nano.a(lib_a-memcpy-stub.o)
 .ARM.attributes
                0x00000529       0x34 c:/program files (x86)/gnu tools arm embedded/6 2017-q1-update/bin/../lib/gcc/arm-none-eabi/6.3.1/../../../../arm-none-eabi/lib/thumb/v7e-m/fpv4-sp/hard\libg_nano.a(lib_a-memset.o)
 .ARM.attributes
                0x0000055d       0x34 c:/program files (x86)/gnu tools arm embedded/6 2017-q1-update/bin/../lib/gcc/arm-none-eabi/6.3.1/../../../../arm-none-eabi/lib/thumb/v7e-m/fpv4-sp/hard\libg_nano.a(lib_a-printf.o)
 .ARM.attributes
                0x00000591       0x34 c:/program files (x86)/gnu tools arm embedded/6 2017-q1-update/bin/../lib/gcc/arm-none-eabi/6.3.1/../../../../arm-none-eabi/lib/thumb/v7e-m/fpv4-sp/hard\libg_nano.a(lib_a-puts.o)
 .ARM.attributes
                0x000005c5       0x34 c:/program files (x86)/gnu tools arm embedded/6 2017-q1-update/bin/../lib/gcc/arm-none-eabi/6.3.1/../../../../arm-none-eabi/lib/thumb/v7e-m/fpv4-sp/hard\libg_nano.a(lib_a-wbuf.o)
 .ARM.attributes
                0x000005f9       0x34 c:/program files (x86)/gnu tools arm embedded/6 2017-q1-update/bin/../lib/gcc/arm-none-eabi/6.3.1/../../../../arm-none-eabi/lib/thumb/v7e-m/fpv4-sp/hard\libg_nano.a(lib_a-wsetup.o)
 .ARM.attributes
                0x0000062d       0x34 c:/program files (x86)/gnu tools arm embedded/6 2017-q1-update/bin/../lib/gcc/arm-none-eabi/6.3.1/../../../../arm-none-eabi/lib/thumb/v7e-m/fpv4-sp/hard\libg_nano.a(lib_a-fflush.o)
 .ARM.attributes
                0x00000661       0x34 c:/program files (x86)/gnu tools arm embedded/6 2017-q1-update/bin/../lib/gcc/arm-none-eabi/6.3.1/../../../../arm-none-eabi/lib/thumb/v7e-m/fpv4-sp/hard\libg_nano.a(lib_a-findfp.o)
 .ARM.attributes
                0x00000695       0x34 c:/program files (x86)/gnu tools arm embedded/6 2017-q1-update/bin/../lib/gcc/arm-none-eabi/6.3.1/../../../../arm-none-eabi/lib/thumb/v7e-m/fpv4-sp/hard\libg_nano.a(lib_a-fwalk.o)
 .ARM.attributes
                0x000006c9       0x34 c:/program files (x86)/gnu tools arm embedded/6 2017-q1-update/bin/../lib/gcc/arm-none-eabi/6.3.1/../../../../arm-none-eabi/lib/thumb/v7e-m/fpv4-sp/hard\libg_nano.a(lib_a-makebuf.o)
 .ARM.attributes
                0x000006fd       0x34 c:/program files (x86)/gnu tools arm embedded/6 2017-q1-update/bin/../lib/gcc/arm-none-eabi/6.3.1/../../../../arm-none-eabi/lib/thumb/v7e-m/fpv4-sp/hard\libg_nano.a(lib_a-nano-freer.o)
 .ARM.attributes
                0x00000731       0x34 c:/program files (x86)/gnu tools arm embedded/6 2017-q1-update/bin/../lib/gcc/arm-none-eabi/6.3.1/../../../../arm-none-eabi/lib/thumb/v7e-m/fpv4-sp/hard\libg_nano.a(lib_a-nano-mallocr.o)
 .ARM.attributes
                0x00000765       0x34 c:/program files (x86)/gnu tools arm embedded/6 2017-q1-update/bin/../lib/gcc/arm-none-eabi/6.3.1/../../../../arm-none-eabi/lib/thumb/v7e-m/fpv4-sp/hard\libg_nano.a(lib_a-nano-vfprintf.o)
 .ARM.attributes
                0x00000799       0x34 c:/program files (x86)/gnu tools arm embedded/6 2017-q1-update/bin/../lib/gcc/arm-none-eabi/6.3.1/../../../../arm-none-eabi/lib/thumb/v7e-m/fpv4-sp/hard\libg_nano.a(lib_a-nano-vfprintf_i.o)
 .ARM.attributes
                0x000007cd       0x34 c:/program files (x86)/gnu tools arm embedded/6 2017-q1-update/bin/../lib/gcc/arm-none-eabi/6.3.1/../../../../arm-none-eabi/lib/thumb/v7e-m/fpv4-sp/hard\libg_nano.a(lib_a-sbrkr.o)
 .ARM.attributes
                0x00000801       0x34 c:/program files (x86)/gnu tools arm embedded/6 2017-q1-update/bin/../lib/gcc/arm-none-eabi/6.3.1/../../../../arm-none-eabi/lib/thumb/v7e-m/fpv4-sp/hard\libg_nano.a(lib_a-stdio.o)
 .ARM.attributes
                0x00000835       0x34 c:/program files (x86)/gnu tools arm embedded/6 2017-q1-update/bin/../lib/gcc/arm-none-eabi/6.3.1/../../../../arm-none-eabi/lib/thumb/v7e-m/fpv4-sp/hard\libg_nano.a(lib_a-writer.o)
 .ARM.attributes
                0x00000869       0x34 c:/program files (x86)/gnu tools arm embedded/6 2017-q1-update/bin/../lib/gcc/arm-none-eabi/6.3.1/../../../../arm-none-eabi/lib/thumb/v7e-m/fpv4-sp/hard\libg_nano.a(lib_a-closer.o)
 .ARM.attributes
                0x0000089d       0x34 c:/program files (x86)/gnu tools arm embedded/6 2017-q1-update/bin/../lib/gcc/arm-none-eabi/6.3.1/../../../../arm-none-eabi/lib/thumb/v7e-m/fpv4-sp/hard\libg_nano.a(lib_a-fstatr.o)
 .ARM.attributes
                0x000008d1       0x34 c:/program files (x86)/gnu tools arm embedded/6 2017-q1-update/bin/../lib/gcc/arm-none-eabi/6.3.1/../../../../arm-none-eabi/lib/thumb/v7e-m/fpv4-sp/hard\libg_nano.a(lib_a-isattyr.o)
 .ARM.attributes
                0x00000905       0x34 c:/program files (x86)/gnu tools arm embedded/6 2017-q1-update/bin/../lib/gcc/arm-none-eabi/6.3.1/../../../../arm-none-eabi/lib/thumb/v7e-m/fpv4-sp/hard\libg_nano.a(lib_a-lseekr.o)
 .ARM.attributes
                0x00000939       0x20 c:/program files (x86)/gnu tools arm embedded/6 2017-q1-update/bin/../lib/gcc/arm-none-eabi/6.3.1/../../../../arm-none-eabi/lib/thumb/v7e-m/fpv4-sp/hard\libg_nano.a(lib_a-memchr.o)
 .ARM.attributes
                0x00000959       0x34 c:/program files (x86)/gnu tools arm embedded/6 2017-q1-update/bin/../lib/gcc/arm-none-eabi/6.3.1/../../../../arm-none-eabi/lib/thumb/v7e-m/fpv4-sp/hard\libg_nano.a(lib_a-mlock.o)
 .ARM.attributes
                0x0000098d       0x34 c:/program files (x86)/gnu tools arm embedded/6 2017-q1-update/bin/../lib/gcc/arm-none-eabi/6.3.1/../../../../arm-none-eabi/lib/thumb/v7e-m/fpv4-sp/hard\libg_nano.a(lib_a-readr.o)
 .ARM.attributes
                0x000009c1       0x34 c:/program files (x86)/gnu tools arm embedded/6 2017-q1-update/bin/../lib/gcc/arm-none-eabi/6.3.1/thumb/v7e-m/fpv4-sp/hard/crtend.o
 .ARM.attributes
                0x000009f5       0x22 c:/program files (x86)/gnu tools arm embedded/6 2017-q1-update/bin/../lib/gcc/arm-none-eabi/6.3.1/thumb/v7e-m/fpv4-sp/hard/crtn.o
 .ARM.attributes
                0x00000a17       0x34 c:/program files (x86)/gnu tools arm embedded/6 2017-q1-update/bin/../lib/gcc/arm-none-eabi/6.3.1/../../../../arm-none-eabi/lib/thumb/v7e-m/fpv4-sp/hard\libnosys.a(sbrk.o)
 .ARM.attributes
                0x00000a4b       0x34 c:/program files (x86)/gnu tools arm embedded/6 2017-q1-update/bin/../lib/gcc/arm-none-eabi/6.3.1/../../../../arm-none-eabi/lib/thumb/v7e-m/fpv4-sp/hard\libnosys.a(_exit.o)

.comment        0x00000000       0x7f
 .comment       0x00000000       0x7f ./User/ParTest.o
                                 0x80 (size before relaxing)
 .comment       0x0000007f       0x80 ./User/main.o
 .comment       0x0000007f       0x80 ./Library/clk.o
 .comment       0x0000007f       0x80 ./Library/retarget.o
 .comment       0x0000007f       0x80 ./Library/uart.o
 .comment       0x0000007f       0x80 ./FreeRTOS/Source/portable/MemMang/heap_2.o
 .comment       0x0000007f       0x80 ./FreeRTOS/Source/portable/GCC/ARM_CM4F/port.o
 .comment       0x0000007f       0x80 ./FreeRTOS/Demo/Common/Minimal/PollQ.o
 .comment       0x0000007f       0x80 ./FreeRTOS/Demo/Common/Minimal/QueueSet.o
 .comment       0x0000007f       0x80 ./FreeRTOS/Demo/Common/Minimal/flash.o
 .comment       0x0000007f       0x80 ./FreeRTOS/list.o
 .comment       0x0000007f       0x80 ./FreeRTOS/queue.o
 .comment       0x0000007f       0x80 ./FreeRTOS/tasks.o
 .comment       0x0000007f       0x80 ./FreeRTOS/timers.o
 .comment       0x0000007f       0x80 ./CMSIS/GCC/_syscalls.o
 .comment       0x0000007f       0x80 ./CMSIS/system_M480.o

.debug_info     0x00000000    0x143d7
 .debug_info    0x00000000      0xcb9 ./User/ParTest.o
 .debug_info    0x00000cb9     0x174c ./User/main.o
 .debug_info    0x00002405     0x1c44 ./Library/clk.o
 .debug_info    0x00004049     0x1026 ./Library/retarget.o
 .debug_info    0x0000506f     0x137f ./Library/uart.o
 .debug_info    0x000063ee      0xb86 ./FreeRTOS/Source/portable/MemMang/heap_2.o
 .debug_info    0x00006f74      0x572 ./FreeRTOS/Source/portable/GCC/ARM_CM4F/port.o
 .debug_info    0x000074e6      0xbe7 ./FreeRTOS/Demo/Common/Minimal/PollQ.o
 .debug_info    0x000080cd     0x1172 ./FreeRTOS/Demo/Common/Minimal/QueueSet.o
 .debug_info    0x0000923f      0xab5 ./FreeRTOS/Demo/Common/Minimal/flash.o
 .debug_info    0x00009cf4      0xad5 ./FreeRTOS/list.o
 .debug_info    0x0000a7c9     0x2ae4 ./FreeRTOS/queue.o
 .debug_info    0x0000d2ad     0x315e ./FreeRTOS/tasks.o
 .debug_info    0x0001040b     0x18da ./FreeRTOS/timers.o
 .debug_info    0x00011ce5     0x11bb ./CMSIS/GCC/_syscalls.o
 .debug_info    0x00012ea0       0x65 ./CMSIS/GCC/startup_M480.o
 .debug_info    0x00012f05     0x14d2 ./CMSIS/system_M480.o

.debug_abbrev   0x00000000     0x2cfd
 .debug_abbrev  0x00000000      0x1dd ./User/ParTest.o
 .debug_abbrev  0x000001dd      0x32d ./User/main.o
 .debug_abbrev  0x0000050a      0x351 ./Library/clk.o
 .debug_abbrev  0x0000085b      0x340 ./Library/retarget.o
 .debug_abbrev  0x00000b9b      0x29a ./Library/uart.o
 .debug_abbrev  0x00000e35      0x2bb ./FreeRTOS/Source/portable/MemMang/heap_2.o
 .debug_abbrev  0x000010f0      0x23a ./FreeRTOS/Source/portable/GCC/ARM_CM4F/port.o
 .debug_abbrev  0x0000132a      0x262 ./FreeRTOS/Demo/Common/Minimal/PollQ.o
 .debug_abbrev  0x0000158c      0x37f ./FreeRTOS/Demo/Common/Minimal/QueueSet.o
 .debug_abbrev  0x0000190b      0x260 ./FreeRTOS/Demo/Common/Minimal/flash.o
 .debug_abbrev  0x00001b6b      0x220 ./FreeRTOS/list.o
 .debug_abbrev  0x00001d8b      0x3b6 ./FreeRTOS/queue.o
 .debug_abbrev  0x00002141      0x3bd ./FreeRTOS/tasks.o
 .debug_abbrev  0x000024fe      0x31e ./FreeRTOS/timers.o
 .debug_abbrev  0x0000281c      0x289 ./CMSIS/GCC/_syscalls.o
 .debug_abbrev  0x00002aa5       0x14 ./CMSIS/GCC/startup_M480.o
 .debug_abbrev  0x00002ab9      0x244 ./CMSIS/system_M480.o

.debug_aranges  0x00000000      0x978
 .debug_aranges
                0x00000000       0x20 ./User/ParTest.o
 .debug_aranges
                0x00000020       0x50 ./User/main.o
 .debug_aranges
                0x00000070      0x108 ./Library/clk.o
 .debug_aranges
                0x00000178       0x70 ./Library/retarget.o
 .debug_aranges
                0x000001e8       0x88 ./Library/uart.o
 .debug_aranges
                0x00000270       0x40 ./FreeRTOS/Source/portable/MemMang/heap_2.o
 .debug_aranges
                0x000002b0       0x80 ./FreeRTOS/Source/portable/GCC/ARM_CM4F/port.o
 .debug_aranges
                0x00000330       0x38 ./FreeRTOS/Demo/Common/Minimal/PollQ.o
 .debug_aranges
                0x00000368       0x80 ./FreeRTOS/Demo/Common/Minimal/QueueSet.o
 .debug_aranges
                0x000003e8       0x28 ./FreeRTOS/Demo/Common/Minimal/flash.o
 .debug_aranges
                0x00000410       0x40 ./FreeRTOS/list.o
 .debug_aranges
                0x00000450      0x160 ./FreeRTOS/queue.o
 .debug_aranges
                0x000005b0      0x1e8 ./FreeRTOS/tasks.o
 .debug_aranges
                0x00000798       0xc8 ./FreeRTOS/timers.o
 .debug_aranges
                0x00000860       0xd0 ./CMSIS/GCC/_syscalls.o
 .debug_aranges
                0x00000930       0x20 ./CMSIS/GCC/startup_M480.o
 .debug_aranges
                0x00000950       0x28 ./CMSIS/system_M480.o

.debug_ranges   0x00000000      0xa58
 .debug_ranges  0x00000000       0x10 ./User/ParTest.o
 .debug_ranges  0x00000010       0x40 ./User/main.o
 .debug_ranges  0x00000050       0xf8 ./Library/clk.o
 .debug_ranges  0x00000148       0x60 ./Library/retarget.o
 .debug_ranges  0x000001a8       0x78 ./Library/uart.o
 .debug_ranges  0x00000220       0x30 ./FreeRTOS/Source/portable/MemMang/heap_2.o
 .debug_ranges  0x00000250       0x70 ./FreeRTOS/Source/portable/GCC/ARM_CM4F/port.o
 .debug_ranges  0x000002c0       0x28 ./FreeRTOS/Demo/Common/Minimal/PollQ.o
 .debug_ranges  0x000002e8       0x70 ./FreeRTOS/Demo/Common/Minimal/QueueSet.o
 .debug_ranges  0x00000358       0x18 ./FreeRTOS/Demo/Common/Minimal/flash.o
 .debug_ranges  0x00000370       0x30 ./FreeRTOS/list.o
 .debug_ranges  0x000003a0      0x258 ./FreeRTOS/queue.o
 .debug_ranges  0x000005f8      0x2d0 ./FreeRTOS/tasks.o
 .debug_ranges  0x000008c8       0xb8 ./FreeRTOS/timers.o
 .debug_ranges  0x00000980       0xc0 ./CMSIS/GCC/_syscalls.o
 .debug_ranges  0x00000a40       0x18 ./CMSIS/system_M480.o

.debug_line     0x00000000     0x4f7d
 .debug_line    0x00000000      0x29d ./User/ParTest.o
 .debug_line    0x0000029d      0x43b ./User/main.o
 .debug_line    0x000006d8      0x5a6 ./Library/clk.o
 .debug_line    0x00000c7e      0x3a3 ./Library/retarget.o
 .debug_line    0x00001021      0x40a ./Library/uart.o
 .debug_line    0x0000142b      0x387 ./FreeRTOS/Source/portable/MemMang/heap_2.o
 .debug_line    0x000017b2      0x392 ./FreeRTOS/Source/portable/GCC/ARM_CM4F/port.o
 .debug_line    0x00001b44      0x36b ./FreeRTOS/Demo/Common/Minimal/PollQ.o
 .debug_line    0x00001eaf      0x4ac ./FreeRTOS/Demo/Common/Minimal/QueueSet.o
 .debug_line    0x0000235b      0x36b ./FreeRTOS/Demo/Common/Minimal/flash.o
 .debug_line    0x000026c6      0x32c ./FreeRTOS/list.o
 .debug_line    0x000029f2      0xb1d ./FreeRTOS/queue.o
 .debug_line    0x0000350f      0xdc2 ./FreeRTOS/tasks.o
 .debug_line    0x000042d1      0x5a8 ./FreeRTOS/timers.o
 .debug_line    0x00004879      0x3e2 ./CMSIS/GCC/_syscalls.o
 .debug_line    0x00004c5b       0x7f ./CMSIS/GCC/startup_M480.o
 .debug_line    0x00004cda      0x2a3 ./CMSIS/system_M480.o

.debug_str      0x00000000     0x3988
 .debug_str     0x00000000      0x83d ./User/ParTest.o
                                0x8e8 (size before relaxing)
 .debug_str     0x0000083d      0x5b1 ./User/main.o
                                0xe8a (size before relaxing)
 .debug_str     0x00000dee      0x404 ./Library/clk.o
                                0xfd4 (size before relaxing)
 .debug_str     0x000011f2       0xa9 ./Library/retarget.o
                                0x98b (size before relaxing)
 .debug_str     0x0000129b      0x1ec ./Library/uart.o
                                0xbfa (size before relaxing)
 .debug_str     0x00001487      0x1ac ./FreeRTOS/Source/portable/MemMang/heap_2.o
                                0x79a (size before relaxing)
 .debug_str     0x00001633      0x27c ./FreeRTOS/Source/portable/GCC/ARM_CM4F/port.o
                                0x499 (size before relaxing)
 .debug_str     0x000018af      0x151 ./FreeRTOS/Demo/Common/Minimal/PollQ.o
                                0x7c4 (size before relaxing)
 .debug_str     0x00001a00      0x429 ./FreeRTOS/Demo/Common/Minimal/QueueSet.o
                                0xb15 (size before relaxing)
 .debug_str     0x00001e29       0x88 ./FreeRTOS/Demo/Common/Minimal/flash.o
                                0x6f2 (size before relaxing)
 .debug_str     0x00001eb1      0x125 ./FreeRTOS/list.o
                                0x6f5 (size before relaxing)
 .debug_str     0x00001fd6      0x715 ./FreeRTOS/queue.o
                                0xfd5 (size before relaxing)
 .debug_str     0x000026eb      0xa1c ./FreeRTOS/tasks.o
                               0x1548 (size before relaxing)
 .debug_str     0x00003107      0x438 ./FreeRTOS/timers.o
                                0xcb9 (size before relaxing)
 .debug_str     0x0000353f      0x2aa ./CMSIS/GCC/_syscalls.o
                                0x8b5 (size before relaxing)
 .debug_str     0x000037e9      0x19f ./CMSIS/system_M480.o
                                0xc06 (size before relaxing)

.debug_frame    0x00000000     0x208c
 .debug_frame   0x00000000       0x20 ./User/ParTest.o
 .debug_frame   0x00000020       0xa4 ./User/main.o
 .debug_frame   0x000000c4      0x2ac ./Library/clk.o
 .debug_frame   0x00000370       0xf4 ./Library/retarget.o
 .debug_frame   0x00000464      0x160 ./Library/uart.o
 .debug_frame   0x000005c4       0x80 ./FreeRTOS/Source/portable/MemMang/heap_2.o
 .debug_frame   0x00000644      0x100 ./FreeRTOS/Source/portable/GCC/ARM_CM4F/port.o
 .debug_frame   0x00000744       0x84 ./FreeRTOS/Demo/Common/Minimal/PollQ.o
 .debug_frame   0x000007c8      0x148 ./FreeRTOS/Demo/Common/Minimal/QueueSet.o
 .debug_frame   0x00000910       0x4c ./FreeRTOS/Demo/Common/Minimal/flash.o
 .debug_frame   0x0000095c       0x6c ./FreeRTOS/list.o
 .debug_frame   0x000009c8      0x46c ./FreeRTOS/queue.o
 .debug_frame   0x00000e34      0x5f4 ./FreeRTOS/tasks.o
 .debug_frame   0x00001428      0x258 ./FreeRTOS/timers.o
 .debug_frame   0x00001680      0x230 ./CMSIS/GCC/_syscalls.o
 .debug_frame   0x000018b0       0x38 ./CMSIS/system_M480.o
 .debug_frame   0x000018e8       0x20 c:/program files (x86)/gnu tools arm embedded/6 2017-q1-update/bin/../lib/gcc/arm-none-eabi/6.3.1/../../../../arm-none-eabi/lib/thumb/v7e-m/fpv4-sp/hard\libg_nano.a(lib_a-errno.o)
 .debug_frame   0x00001908       0x28 c:/program files (x86)/gnu tools arm embedded/6 2017-q1-update/bin/../lib/gcc/arm-none-eabi/6.3.1/../../../../arm-none-eabi/lib/thumb/v7e-m/fpv4-sp/hard\libg_nano.a(lib_a-exit.o)
 .debug_frame   0x00001930       0x2c c:/program files (x86)/gnu tools arm embedded/6 2017-q1-update/bin/../lib/gcc/arm-none-eabi/6.3.1/../../../../arm-none-eabi/lib/thumb/v7e-m/fpv4-sp/hard\libg_nano.a(lib_a-init.o)
 .debug_frame   0x0000195c       0x28 c:/program files (x86)/gnu tools arm embedded/6 2017-q1-update/bin/../lib/gcc/arm-none-eabi/6.3.1/../../../../arm-none-eabi/lib/thumb/v7e-m/fpv4-sp/hard\libg_nano.a(lib_a-memcpy-stub.o)
 .debug_frame   0x00001984       0x20 c:/program files (x86)/gnu tools arm embedded/6 2017-q1-update/bin/../lib/gcc/arm-none-eabi/6.3.1/../../../../arm-none-eabi/lib/thumb/v7e-m/fpv4-sp/hard\libg_nano.a(lib_a-memset.o)
 .debug_frame   0x000019a4       0x74 c:/program files (x86)/gnu tools arm embedded/6 2017-q1-update/bin/../lib/gcc/arm-none-eabi/6.3.1/../../../../arm-none-eabi/lib/thumb/v7e-m/fpv4-sp/hard\libg_nano.a(lib_a-printf.o)
 .debug_frame   0x00001a18       0x3c c:/program files (x86)/gnu tools arm embedded/6 2017-q1-update/bin/../lib/gcc/arm-none-eabi/6.3.1/../../../../arm-none-eabi/lib/thumb/v7e-m/fpv4-sp/hard\libg_nano.a(lib_a-puts.o)
 .debug_frame   0x00001a54       0x40 c:/program files (x86)/gnu tools arm embedded/6 2017-q1-update/bin/../lib/gcc/arm-none-eabi/6.3.1/../../../../arm-none-eabi/lib/thumb/v7e-m/fpv4-sp/hard\libg_nano.a(lib_a-wbuf.o)
 .debug_frame   0x00001a94       0x2c c:/program files (x86)/gnu tools arm embedded/6 2017-q1-update/bin/../lib/gcc/arm-none-eabi/6.3.1/../../../../arm-none-eabi/lib/thumb/v7e-m/fpv4-sp/hard\libg_nano.a(lib_a-wsetup.o)
 .debug_frame   0x00001ac0       0x68 c:/program files (x86)/gnu tools arm embedded/6 2017-q1-update/bin/../lib/gcc/arm-none-eabi/6.3.1/../../../../arm-none-eabi/lib/thumb/v7e-m/fpv4-sp/hard\libg_nano.a(lib_a-fflush.o)
 .debug_frame   0x00001b28      0x11c c:/program files (x86)/gnu tools arm embedded/6 2017-q1-update/bin/../lib/gcc/arm-none-eabi/6.3.1/../../../../arm-none-eabi/lib/thumb/v7e-m/fpv4-sp/hard\libg_nano.a(lib_a-findfp.o)
 .debug_frame   0x00001c44       0x54 c:/program files (x86)/gnu tools arm embedded/6 2017-q1-update/bin/../lib/gcc/arm-none-eabi/6.3.1/../../../../arm-none-eabi/lib/thumb/v7e-m/fpv4-sp/hard\libg_nano.a(lib_a-fwalk.o)
 .debug_frame   0x00001c98       0x58 c:/program files (x86)/gnu tools arm embedded/6 2017-q1-update/bin/../lib/gcc/arm-none-eabi/6.3.1/../../../../arm-none-eabi/lib/thumb/v7e-m/fpv4-sp/hard\libg_nano.a(lib_a-makebuf.o)
 .debug_frame   0x00001cf0       0x38 c:/program files (x86)/gnu tools arm embedded/6 2017-q1-update/bin/../lib/gcc/arm-none-eabi/6.3.1/../../../../arm-none-eabi/lib/thumb/v7e-m/fpv4-sp/hard\libg_nano.a(lib_a-nano-freer.o)
 .debug_frame   0x00001d28       0x2c c:/program files (x86)/gnu tools arm embedded/6 2017-q1-update/bin/../lib/gcc/arm-none-eabi/6.3.1/../../../../arm-none-eabi/lib/thumb/v7e-m/fpv4-sp/hard\libg_nano.a(lib_a-nano-mallocr.o)
 .debug_frame   0x00001d54       0xac c:/program files (x86)/gnu tools arm embedded/6 2017-q1-update/bin/../lib/gcc/arm-none-eabi/6.3.1/../../../../arm-none-eabi/lib/thumb/v7e-m/fpv4-sp/hard\libg_nano.a(lib_a-nano-vfprintf.o)
 .debug_frame   0x00001e00       0x60 c:/program files (x86)/gnu tools arm embedded/6 2017-q1-update/bin/../lib/gcc/arm-none-eabi/6.3.1/../../../../arm-none-eabi/lib/thumb/v7e-m/fpv4-sp/hard\libg_nano.a(lib_a-nano-vfprintf_i.o)
 .debug_frame   0x00001e60       0x2c c:/program files (x86)/gnu tools arm embedded/6 2017-q1-update/bin/../lib/gcc/arm-none-eabi/6.3.1/../../../../arm-none-eabi/lib/thumb/v7e-m/fpv4-sp/hard\libg_nano.a(lib_a-sbrkr.o)
 .debug_frame   0x00001e8c       0x88 c:/program files (x86)/gnu tools arm embedded/6 2017-q1-update/bin/../lib/gcc/arm-none-eabi/6.3.1/../../../../arm-none-eabi/lib/thumb/v7e-m/fpv4-sp/hard\libg_nano.a(lib_a-stdio.o)
 .debug_frame   0x00001f14       0x2c c:/program files (x86)/gnu tools arm embedded/6 2017-q1-update/bin/../lib/gcc/arm-none-eabi/6.3.1/../../../../arm-none-eabi/lib/thumb/v7e-m/fpv4-sp/hard\libg_nano.a(lib_a-writer.o)
 .debug_frame   0x00001f40       0x2c c:/program files (x86)/gnu tools arm embedded/6 2017-q1-update/bin/../lib/gcc/arm-none-eabi/6.3.1/../../../../arm-none-eabi/lib/thumb/v7e-m/fpv4-sp/hard\libg_nano.a(lib_a-closer.o)
 .debug_frame   0x00001f6c       0x2c c:/program files (x86)/gnu tools arm embedded/6 2017-q1-update/bin/../lib/gcc/arm-none-eabi/6.3.1/../../../../arm-none-eabi/lib/thumb/v7e-m/fpv4-sp/hard\libg_nano.a(lib_a-fstatr.o)
 .debug_frame   0x00001f98       0x2c c:/program files (x86)/gnu tools arm embedded/6 2017-q1-update/bin/../lib/gcc/arm-none-eabi/6.3.1/../../../../arm-none-eabi/lib/thumb/v7e-m/fpv4-sp/hard\libg_nano.a(lib_a-isattyr.o)
 .debug_frame   0x00001fc4       0x2c c:/program files (x86)/gnu tools arm embedded/6 2017-q1-update/bin/../lib/gcc/arm-none-eabi/6.3.1/../../../../arm-none-eabi/lib/thumb/v7e-m/fpv4-sp/hard\libg_nano.a(lib_a-lseekr.o)
 .debug_frame   0x00001ff0       0x30 c:/program files (x86)/gnu tools arm embedded/6 2017-q1-update/bin/../lib/gcc/arm-none-eabi/6.3.1/../../../../arm-none-eabi/lib/thumb/v7e-m/fpv4-sp/hard\libg_nano.a(lib_a-mlock.o)
 .debug_frame   0x00002020       0x2c c:/program files (x86)/gnu tools arm embedded/6 2017-q1-update/bin/../lib/gcc/arm-none-eabi/6.3.1/../../../../arm-none-eabi/lib/thumb/v7e-m/fpv4-sp/hard\libg_nano.a(lib_a-readr.o)
 .debug_frame   0x0000204c       0x20 c:/program files (x86)/gnu tools arm embedded/6 2017-q1-update/bin/../lib/gcc/arm-none-eabi/6.3.1/../../../../arm-none-eabi/lib/thumb/v7e-m/fpv4-sp/hard\libnosys.a(sbrk.o)
 .debug_frame   0x0000206c       0x20 c:/program files (x86)/gnu tools arm embedded/6 2017-q1-update/bin/../lib/gcc/arm-none-eabi/6.3.1/../../../../arm-none-eabi/lib/thumb/v7e-m/fpv4-sp/hard\libnosys.a(_exit.o)

.debug_loc      0x00000000     0x5c6e
 .debug_loc     0x00000000       0x21 ./User/main.o
 .debug_loc     0x00000021      0xaa9 ./Library/clk.o
 .debug_loc     0x00000aca      0x179 ./Library/retarget.o
 .debug_loc     0x00000c43      0x850 ./Library/uart.o
 .debug_loc     0x00001493      0x1cc ./FreeRTOS/Source/portable/MemMang/heap_2.o
 .debug_loc     0x0000165f       0xdc ./FreeRTOS/Source/portable/GCC/ARM_CM4F/port.o
 .debug_loc     0x0000173b      0x105 ./FreeRTOS/Demo/Common/Minimal/PollQ.o
 .debug_loc     0x00001840      0x209 ./FreeRTOS/Demo/Common/Minimal/QueueSet.o
 .debug_loc     0x00001a49       0x6c ./FreeRTOS/Demo/Common/Minimal/flash.o
 .debug_loc     0x00001ab5       0x70 ./FreeRTOS/list.o
 .debug_loc     0x00001b25     0x150f ./FreeRTOS/queue.o
 .debug_loc     0x00003034     0x1d17 ./FreeRTOS/tasks.o
 .debug_loc     0x00004d4b      0x9a1 ./FreeRTOS/timers.o
 .debug_loc     0x000056ec      0x549 ./CMSIS/GCC/_syscalls.o
 .debug_loc     0x00005c35       0x39 ./CMSIS/system_M480.o
