Archive member included to satisfy reference by file (symbol)

c:/program files (x86)/gnu tools arm embedded/6 2017-q1-update/bin/../lib/gcc/arm-none-eabi/6.3.1/../../../../arm-none-eabi/lib/thumb/v7e-m/fpv4-sp/hard\libg.a(lib_a-errno.o)
                              ./CMSIS/GCC/_syscalls.o (__errno)
c:/program files (x86)/gnu tools arm embedded/6 2017-q1-update/bin/../lib/gcc/arm-none-eabi/6.3.1/../../../../arm-none-eabi/lib/thumb/v7e-m/fpv4-sp/hard\libg.a(lib_a-exit.o)
                              c:/program files (x86)/gnu tools arm embedded/6 2017-q1-update/bin/../lib/gcc/arm-none-eabi/6.3.1/../../../../arm-none-eabi/lib/thumb/v7e-m/fpv4-sp/hard/crt0.o (exit)
c:/program files (x86)/gnu tools arm embedded/6 2017-q1-update/bin/../lib/gcc/arm-none-eabi/6.3.1/../../../../arm-none-eabi/lib/thumb/v7e-m/fpv4-sp/hard\libg.a(lib_a-impure.o)
                              c:/program files (x86)/gnu tools arm embedded/6 2017-q1-update/bin/../lib/gcc/arm-none-eabi/6.3.1/../../../../arm-none-eabi/lib/thumb/v7e-m/fpv4-sp/hard\libg.a(lib_a-exit.o) (_global_impure_ptr)
c:/program files (x86)/gnu tools arm embedded/6 2017-q1-update/bin/../lib/gcc/arm-none-eabi/6.3.1/../../../../arm-none-eabi/lib/thumb/v7e-m/fpv4-sp/hard\libg.a(lib_a-init.o)
                              c:/program files (x86)/gnu tools arm embedded/6 2017-q1-update/bin/../lib/gcc/arm-none-eabi/6.3.1/../../../../arm-none-eabi/lib/thumb/v7e-m/fpv4-sp/hard/crt0.o (__libc_init_array)
c:/program files (x86)/gnu tools arm embedded/6 2017-q1-update/bin/../lib/gcc/arm-none-eabi/6.3.1/../../../../arm-none-eabi/lib/thumb/v7e-m/fpv4-sp/hard\libg.a(lib_a-memset.o)
                              c:/program files (x86)/gnu tools arm embedded/6 2017-q1-update/bin/../lib/gcc/arm-none-eabi/6.3.1/../../../../arm-none-eabi/lib/thumb/v7e-m/fpv4-sp/hard/crt0.o (memset)
c:/program files (x86)/gnu tools arm embedded/6 2017-q1-update/bin/../lib/gcc/arm-none-eabi/6.3.1/../../../../arm-none-eabi/lib/thumb/v7e-m/fpv4-sp/hard\libg.a(lib_a-printf.o)
                              ./Library/retarget.o (printf)
c:/program files (x86)/gnu tools arm embedded/6 2017-q1-update/bin/../lib/gcc/arm-none-eabi/6.3.1/../../../../arm-none-eabi/lib/thumb/v7e-m/fpv4-sp/hard\libg.a(lib_a-puts.o)
                              ./User/main.o (puts)
c:/program files (x86)/gnu tools arm embedded/6 2017-q1-update/bin/../lib/gcc/arm-none-eabi/6.3.1/../../../../arm-none-eabi/lib/thumb/v7e-m/fpv4-sp/hard\libg.a(lib_a-strlen.o)
                              c:/program files (x86)/gnu tools arm embedded/6 2017-q1-update/bin/../lib/gcc/arm-none-eabi/6.3.1/../../../../arm-none-eabi/lib/thumb/v7e-m/fpv4-sp/hard\libg.a(lib_a-puts.o) (strlen)
c:/program files (x86)/gnu tools arm embedded/6 2017-q1-update/bin/../lib/gcc/arm-none-eabi/6.3.1/../../../../arm-none-eabi/lib/thumb/v7e-m/fpv4-sp/hard\libg.a(lib_a-vfprintf.o)
                              c:/program files (x86)/gnu tools arm embedded/6 2017-q1-update/bin/../lib/gcc/arm-none-eabi/6.3.1/../../../../arm-none-eabi/lib/thumb/v7e-m/fpv4-sp/hard\libg.a(lib_a-printf.o) (_vfprintf_r)
c:/program files (x86)/gnu tools arm embedded/6 2017-q1-update/bin/../lib/gcc/arm-none-eabi/6.3.1/../../../../arm-none-eabi/lib/thumb/v7e-m/fpv4-sp/hard\libg.a(lib_a-wsetup.o)
                              c:/program files (x86)/gnu tools arm embedded/6 2017-q1-update/bin/../lib/gcc/arm-none-eabi/6.3.1/../../../../arm-none-eabi/lib/thumb/v7e-m/fpv4-sp/hard\libg.a(lib_a-vfprintf.o) (__swsetup_r)
c:/program files (x86)/gnu tools arm embedded/6 2017-q1-update/bin/../lib/gcc/arm-none-eabi/6.3.1/../../../../arm-none-eabi/lib/thumb/v7e-m/fpv4-sp/hard\libg.a(lib_a-__call_atexit.o)
                              c:/program files (x86)/gnu tools arm embedded/6 2017-q1-update/bin/../lib/gcc/arm-none-eabi/6.3.1/../../../../arm-none-eabi/lib/thumb/v7e-m/fpv4-sp/hard\libg.a(lib_a-exit.o) (__call_exitprocs)
c:/program files (x86)/gnu tools arm embedded/6 2017-q1-update/bin/../lib/gcc/arm-none-eabi/6.3.1/../../../../arm-none-eabi/lib/thumb/v7e-m/fpv4-sp/hard\libg.a(lib_a-atexit.o)
                              c:/program files (x86)/gnu tools arm embedded/6 2017-q1-update/bin/../lib/gcc/arm-none-eabi/6.3.1/../../../../arm-none-eabi/lib/thumb/v7e-m/fpv4-sp/hard\libg.a(lib_a-__call_atexit.o) (atexit)
c:/program files (x86)/gnu tools arm embedded/6 2017-q1-update/bin/../lib/gcc/arm-none-eabi/6.3.1/../../../../arm-none-eabi/lib/thumb/v7e-m/fpv4-sp/hard\libg.a(lib_a-dtoa.o)
                              c:/program files (x86)/gnu tools arm embedded/6 2017-q1-update/bin/../lib/gcc/arm-none-eabi/6.3.1/../../../../arm-none-eabi/lib/thumb/v7e-m/fpv4-sp/hard\libg.a(lib_a-vfprintf.o) (_dtoa_r)
c:/program files (x86)/gnu tools arm embedded/6 2017-q1-update/bin/../lib/gcc/arm-none-eabi/6.3.1/../../../../arm-none-eabi/lib/thumb/v7e-m/fpv4-sp/hard\libg.a(lib_a-fflush.o)
[...]
Memory Configuration

Name             Origin             Length             Attributes
FLASH            0x00000000         0x00040000         xr
RAM              0x20000000         0x00020000         xrw
*default*        0x00000000         0xffffffff

Linker script and memory map

LOAD c:/program files (x86)/gnu tools arm embedded/6 2017-q1-update/bin/../lib/gcc/arm-none-eabi/6.3.1/thumb/v7e-m/fpv4-sp/hard/crti.o
LOAD c:/program files (x86)/gnu tools arm embedded/6 2017-q1-update/bin/../lib/gcc/arm-none-eabi/6.3.1/thumb/v7e-m/fpv4-sp/hard/crtbegin.o
LOAD c:/program files (x86)/gnu tools arm embedded/6 2017-q1-update/bin/../lib/gcc/arm-none-eabi/6.3.1/../../../../arm-none-eabi/lib/thumb/v7e-m/fpv4-sp/hard/crt0.o
LOAD ./User/ParTest.o
LOAD ./User/main.o
LOAD ./Library/clk.o
LOAD ./Library/retarget.o
LOAD ./Library/sys.o
LOAD ./Library/uart.o
LOAD ./CMSIS/GCC/_syscalls.o
LOAD ./CMSIS/GCC/startup_M480.o
LOAD ./CMSIS/system_M480.o
LOAD c:/program files (x86)/gnu tools arm embedded/6 2017-q1-update/bin/../lib/gcc/arm-none-eabi/6.3.1/../../../../arm-none-eabi/lib/thumb/v7e-m/fpv4-sp/hard\libstdc++.a
LOAD c:/program files (x86)/gnu tools arm embedded/6 2017-q1-update/bin/../lib/gcc/arm-none-eabi/6.3.1/../../../../arm-none-eabi/lib/thumb/v7e-m/fpv4-sp/hard\libm.a
START GROUP
LOAD c:/program files (x86)/gnu tools arm embedded/6 2017-q1-update/bin/../lib/gcc/arm-none-eabi/6.3.1/thumb/v7e-m/fpv4-sp/hard\libgcc.a
LOAD c:/program files (x86)/gnu tools arm embedded/6 2017-q1-update/bin/../lib/gcc/arm-none-eabi/6.3.1/../../../../arm-none-eabi/lib/thumb/v7e-m/fpv4-sp/hard\libg.a
LOAD c:/program files (x86)/gnu tools arm embedded/6 2017-q1-update/bin/../lib/gcc/arm-none-eabi/6.3.1/../../../../arm-none-eabi/lib/thumb/v7e-m/fpv4-sp/hard\libc.a
END GROUP
LOAD c:/program files (x86)/gnu tools arm embedded/6 2017-q1-update/bin/../lib/gcc/arm-none-eabi/6.3.1/thumb/v7e-m/fpv4-sp/hard/crtend.o
LOAD c:/program files (x86)/gnu tools arm embedded/6 2017-q1-update/bin/../lib/gcc/arm-none-eabi/6.3.1/thumb/v7e-m/fpv4-sp/hard/crtn.o
START GROUP
LOAD c:/program files (x86)/gnu tools arm embedded/6 2017-q1-update/bin/../lib/gcc/arm-none-eabi/6.3.1/thumb/v7e-m/fpv4-sp/hard\libgcc.a
LOAD c:/program files (x86)/gnu tools arm embedded/6 2017-q1-update/bin/../lib/gcc/arm-none-eabi/6.3.1/../../../../arm-none-eabi/lib/thumb/v7e-m/fpv4-sp/hard\libc.a
LOAD c:/program files (x86)/gnu tools arm embedded/6 2017-q1-update/bin/../lib/gcc/arm-none-eabi/6.3.1/../../../../arm-none-eabi/lib/thumb/v7e-m/fpv4-sp/hard\libm.a
LOAD c:/program files (x86)/gnu tools arm embedded/6 2017-q1-update/bin/../lib/gcc/arm-none-eabi/6.3.1/../../../../arm-none-eabi/lib/thumb/v7e-m/fpv4-sp/hard\libnosys.a
END GROUP

.text           0x00000000     0x6688
 *(.vectors)
 .vectors       0x00000000      0x1f4 ./CMSIS/GCC/startup_M480.o
                0x00000000                __Vectors
                0x000001f4                __Vectors_End = .
                0x000001f4                __Vectors_Size = (__Vectors_End - __Vectors)
                0x000001f4                __end__ = .
 *(.text*)
 .text          0x000001f4       0x6c c:/program files (x86)/gnu tools arm embedded/6 2017-q1-update/bin/../lib/gcc/arm-none-eabi/6.3.1/thumb/v7e-m/fpv4-sp/hard/crtbegin.o
 .text          0x00000260       0x74 c:/program files (x86)/gnu tools arm embedded/6 2017-q1-update/bin/../lib/gcc/arm-none-eabi/6.3.1/../../../../arm-none-eabi/lib/thumb/v7e-m/fpv4-sp/hard/crt0.o
                0x00000260                _start
                0x00000260                _mainCRTStartup
 .text.vCheckTask
                0x000002d4       0x34 ./User/main.o
 .text.prvSetupHardware
                0x00000308       0xbc ./User/main.o
 .text.main     0x000003c4       0x40 ./User/main.o
                0x000003c4                main
 .text._exit    0x00000404        0x2 ./User/main.o
                0x00000404                _exit
 .text._sbrk    0x00000406        0x2 ./User/main.o
                0x00000406                _sbrk
 .text.CLK_SetModuleClock
                0x00000408       0xb4 ./Library/clk.o
                0x00000408                CLK_SetModuleClock
 .text.CLK_EnableXtalRC
                0x000004bc       0x10 ./Library/clk.o
                0x000004bc                CLK_EnableXtalRC
 .text.CLK_EnableModuleClock
                0x000004cc       0x1c ./Library/clk.o
                0x000004cc                CLK_EnableModuleClock
 .text.CLK_DisablePLL
                0x000004e8       0x10 ./Library/clk.o
                0x000004e8                CLK_DisablePLL
 .text.CLK_WaitClockReady
                0x000004f8       0x28 ./Library/clk.o
                0x000004f8                CLK_WaitClockReady
 .text.CLK_SetHCLK
                0x00000520       0x4c ./Library/clk.o
                0x00000520                CLK_SetHCLK
 .text.CLK_GetPLLClockFreq
                0x0000056c       0x5c ./Library/clk.o
                0x0000056c                CLK_GetPLLClockFreq
 .text.CLK_EnablePLL
                0x000005c8      0x15c ./Library/clk.o
                0x000005c8                CLK_EnablePLL
 .text.CLK_SetCoreClock
                0x00000724       0x7c ./Library/clk.o
                0x00000724                CLK_SetCoreClock
 .text.stackDump
                0x000007a0       0x68 ./Library/retarget.o
 .text.Hard_Fault_Handler
                0x00000808       0x18 ./Library/retarget.o
                0x00000808                Hard_Fault_Handler
 .text.HardFault_Handler
                0x00000820       0x24 ./Library/retarget.o
                0x00000820                HardFault_Handler
 .text._write   0x00000844       0x44 ./Library/retarget.o
                0x00000844                _write
 .text._read    0x00000888       0x18 ./Library/retarget.o
                0x00000888                _read
 .text.UART_Open
                0x000008a0      0x11c ./Library/uart.o
                0x000008a0                UART_Open
 .text._close   0x000009bc       0x10 ./CMSIS/GCC/_syscalls.o
                0x000009bc                _close
 .text._fstat   0x000009cc       0x10 ./CMSIS/GCC/_syscalls.o
                0x000009cc                _fstat
 .text._isatty  0x000009dc        0xe ./CMSIS/GCC/_syscalls.o
                0x000009dc                _isatty
 .text._lseek   0x000009ea       0x10 ./CMSIS/GCC/_syscalls.o
                0x000009ea                _lseek
 *fill*         0x000009fa        0x2 
 .text          0x000009fc       0x68 ./CMSIS/GCC/startup_M480.o
                0x000009fc                Reset_Handler
                0x00000a60                BRAKE0_IRQHandler
                0x00000a60                SC2_IRQHandler
                0x00000a60                DebugMon_Handler
                0x00000a60                EPWM1P2_IRQHandler
                0x00000a60                ACMP01_IRQHandler
                0x00000a60                I2C0_IRQHandler
                0x00000a60                EMAC_RX_IRQHandler
                0x00000a60                SC0_IRQHandler
                0x00000a60                USCI0_IRQHandler
                0x00000a60                SysTick_Handler
                0x00000a60                EADC13_IRQHandler
                0x00000a60                PendSV_Handler
                0x00000a60                NMI_Handler
                0x00000a60                I2C1_IRQHandler
                0x00000a60                EINT2_IRQHandler
                0x00000a60                UART1_IRQHandler
                0x00000a60                CAN1_IRQHandler
                0x00000a60                EINT3_IRQHandler
                0x00000a60                EADC01_IRQHandler
                0x00000a60                I2S0_IRQHandler
                0x00000a60                EINT6_IRQHandler
                0x00000a60                EPWM1P1_IRQHandler
                0x00000a60                UART0_IRQHandler
                0x00000a60                BRAKE1_IRQHandler
                0x00000a60                GPE_IRQHandler
                0x00000a60                EPWM1P0_IRQHandler
                0x00000a60                EADC03_IRQHandler
                0x00000a60                SDH1_IRQHandler
                0x00000a60                USBD_IRQHandler
                0x00000a60                EADC12_IRQHandler
                0x00000a60                UsageFault_Handler
                0x00000a60                EADC10_IRQHandler
                0x00000a60                GPB_IRQHandler
                0x00000a60                SPI1_IRQHandler
                0x00000a60                TAMPER_IRQHandler
                0x00000a60                TMR0_IRQHandler
                0x00000a60                USCI1_IRQHandler
                0x00000a60                SDH0_IRQHandler
                0x00000a60                QSPI0_IRQHandler
                0x00000a60                EPWM0P1_IRQHandler
                0x00000a60                GPA_IRQHandler
                0x00000a60                IRC_IRQHandler
                0x00000a60                I2C2_IRQHandler
                0x00000a60                EINT7_IRQHandler
                0x00000a60                EADC02_IRQHandler
                0x00000a60                RTC_IRQHandler
                0x00000a60                PWRWU_IRQHandler
                0x00000a60                EPWM0P2_IRQHandler
                0x00000a60                UART5_IRQHandler
                0x00000a60                BPWM1_IRQHandler
                0x00000a60                EINT1_IRQHandler
                0x00000a60                EADC11_IRQHandler
                0x00000a60                UART2_IRQHandler
                0x00000a60                EHCI_IRQHandler
                0x00000a60                GPH_IRQHandler
                0x00000a60                UART4_IRQHandler
                0x00000a60                GPC_IRQHandler
                0x00000a60                OHCI_IRQHandler
                0x00000a60                Default_Handler
                0x00000a60                QSPI1_IRQHandler
                0x00000a60                CKFAIL_IRQHandler
                0x00000a60                USBOTG20_IRQHandler
                0x00000a60                QEI1_IRQHandler
                0x00000a60                TMR2_IRQHandler
                0x00000a60                SPIM_IRQHandler
                0x00000a60                ECAP0_IRQHandler
                0x00000a60                QEI0_IRQHandler
                0x00000a60                BPWM0_IRQHandler
                0x00000a60                BOD_IRQHandler
                0x00000a60                SPI2_IRQHandler
                0x00000a60                MemManage_Handler
                0x00000a60                WDT_IRQHandler
                0x00000a60                SVC_Handler
                0x00000a60                USBOTG_IRQHandler
                0x00000a60                OPA0_IRQHandler
                0x00000a60                EINT4_IRQHandler
                0x00000a60                USBD20_IRQHandler
                0x00000a60                PDMA_IRQHandler
                0x00000a60                SC1_IRQHandler
                0x00000a60                RAMPE_IRQHandler
                0x00000a60                EPWM0P0_IRQHandler
                0x00000a60                EINT0_IRQHandler
                0x00000a60                EINT5_IRQHandler
                0x00000a60                CRYPTO_IRQHandler
                0x00000a60                GPG_IRQHandler
                0x00000a60                CAN0_IRQHandler
                0x00000a60                TMR3_IRQHandler
                0x00000a60                DAC_IRQHandler
                0x00000a60                EMAC_TX_IRQHandler
                0x00000a60                SPI0_IRQHandler
                0x00000a60                GPD_IRQHandler
                0x00000a60                UART7_IRQHandler
                0x00000a60                UART6_IRQHandler
                0x00000a60                CCAP_IRQHandler
                0x00000a60                ECAP1_IRQHandler
                0x00000a60                CAN2_IRQHandler
                0x00000a60                GPF_IRQHandler
                0x00000a60                BusFault_Handler
                0x00000a60                SPI3_IRQHandler
                0x00000a60                UART3_IRQHandler
                0x00000a60                TMR1_IRQHandler
                0x00000a60                TRNG_IRQHandler
                0x00000a60                WWDT_IRQHandler
                0x00000a60                EADC00_IRQHandler
 .text.SystemCoreClockUpdate
                0x00000a64       0x5c ./CMSIS/system_M480.o
                0x00000a64                SystemCoreClockUpdate
 .text.SystemInit
                0x00000ac0       0x74 ./CMSIS/system_M480.o
                0x00000ac0                SystemInit
 .text.__errno  0x00000b34        0xc c:/program files (x86)/gnu tools arm embedded/6 2017-q1-update/bin/../lib/gcc/arm-none-eabi/6.3.1/../../../../arm-none-eabi/lib/thumb/v7e-m/fpv4-sp/hard\libg.a(lib_a-errno.o)
                0x00000b34                __errno
 .text.exit     0x00000b40       0x20 c:/program files (x86)/gnu tools arm embedded/6 2017-q1-update/bin/../lib/gcc/arm-none-eabi/6.3.1/../../../../arm-none-eabi/lib/thumb/v7e-m/fpv4-sp/hard\libg.a(lib_a-exit.o)
                0x00000b40                exit
 .text.__libc_init_array
                0x00000b60       0x50 c:/program files (x86)/gnu tools arm embedded/6 2017-q1-update/bin/../lib/gcc/arm-none-eabi/6.3.1/../../../../arm-none-eabi/lib/thumb/v7e-m/fpv4-sp/hard\libg.a(lib_a-init.o)
                0x00000b60                __libc_init_array
 .text.memset   0x00000bb0       0x9c c:/program files (x86)/gnu tools arm embedded/6 2017-q1-update/bin/../lib/gcc/arm-none-eabi/6.3.1/../../../../arm-none-eabi/lib/thumb/v7e-m/fpv4-sp/hard\libg.a(lib_a-memset.o)
                0x00000bb0                memset
 .text.printf   0x00000c4c       0x28 c:/program files (x86)/gnu tools arm embedded/6 2017-q1-update/bin/../lib/gcc/arm-none-eabi/6.3.1/../../../../arm-none-eabi/lib/thumb/v7e-m/fpv4-sp/hard\libg.a(lib_a-printf.o)
                0x00000c4c                printf
 .text._puts_r  0x00000c74       0x9c c:/program files (x86)/gnu tools arm embedded/6 2017-q1-update/bin/../lib/gcc/arm-none-eabi/6.3.1/../../../../arm-none-eabi/lib/thumb/v7e-m/fpv4-sp/hard\libg.a(lib_a-puts.o)
                0x00000c74                _puts_r
 .text.puts     0x00000d10       0x10 c:/program files (x86)/gnu tools arm embedded/6 2017-q1-update/bin/../lib/gcc/arm-none-eabi/6.3.1/../../../../arm-none-eabi/lib/thumb/v7e-m/fpv4-sp/hard\libg.a(lib_a-puts.o)
                0x00000d10                puts
 *fill*         0x00000d20       0x20 
 .text          0x00000d40       0xdc c:/program files (x86)/gnu tools arm embedded/6 2017-q1-update/bin/../lib/gcc/arm-none-eabi/6.3.1/../../../../arm-none-eabi/lib/thumb/v7e-m/fpv4-sp/hard\libg.a(lib_a-strlen.o)
                0x00000d40                strlen
 *fill*         0x00000e1c        0x4 
 .text._vfprintf_r
                0x00000e20     0x157c c:/program files (x86)/gnu tools arm embedded/6 2017-q1-update/bin/../lib/gcc/arm-none-eabi/6.3.1/../../../../arm-none-eabi/lib/thumb/v7e-m/fpv4-sp/hard\libg.a(lib_a-vfprintf.o)
                0x00000e20                _vfprintf_r
 .text.__sbprintf
                0x0000239c       0x84 c:/program files (x86)/gnu tools arm embedded/6 2017-q1-update/bin/../lib/gcc/arm-none-eabi/6.3.1/../../../../arm-none-eabi/lib/thumb/v7e-m/fpv4-sp/hard\libg.a(lib_a-vfprintf.o)
 .text.__swsetup_r
                0x00002420       0xc8 c:/program files (x86)/gnu tools arm embedded/6 2017-q1-update/bin/../lib/gcc/arm-none-eabi/6.3.1/../../../../arm-none-eabi/lib/thumb/v7e-m/fpv4-sp/hard\libg.a(lib_a-wsetup.o)
                0x00002420                __swsetup_r
 .text.startup.register_fini
                0x000024e8       0x14 c:/program files (x86)/gnu tools arm embedded/6 2017-q1-update/bin/../lib/gcc/arm-none-eabi/6.3.1/../../../../arm-none-eabi/lib/thumb/v7e-m/fpv4-sp/hard\libg.a(lib_a-__call_atexit.o)
 .text.__call_exitprocs
                0x000024fc       0xe8 c:/program files (x86)/gnu tools arm embedded/6 2017-q1-update/bin/../lib/gcc/arm-none-eabi/6.3.1/../../../../arm-none-eabi/lib/thumb/v7e-m/fpv4-sp/hard\libg.a(lib_a-__call_atexit.o)
                0x000024fc                __call_exitprocs
 .text.atexit   0x000025e4        0xc c:/program files (x86)/gnu tools arm embedded/6 2017-q1-update/bin/../lib/gcc/arm-none-eabi/6.3.1/../../../../arm-none-eabi/lib/thumb/v7e-m/fpv4-sp/hard\libg.a(lib_a-atexit.o)
                0x000025e4                atexit
 .text.quorem   0x000025f0      0x128 c:/program files (x86)/gnu tools arm embedded/6 2017-q1-update/bin/../lib/gcc/arm-none-eabi/6.3.1/../../../../arm-none-eabi/lib/thumb/v7e-m/fpv4-sp/hard\libg.a(lib_a-dtoa.o)
 .text._dtoa_r  0x00002718      0xe4c c:/program files (x86)/gnu tools arm embedded/6 2017-q1-update/bin/../lib/gcc/arm-none-eabi/6.3.1/../../../../arm-none-eabi/lib/thumb/v7e-m/fpv4-sp/hard\libg.a(lib_a-dtoa.o)
                0x00002718                _dtoa_r
 .text.__sflush_r
                0x00003564      0x140 c:/program files (x86)/gnu tools arm embedded/6 2017-q1-update/bin/../lib/gcc/arm-none-eabi/6.3.1/../../../../arm-none-eabi/lib/thumb/v7e-m/fpv4-sp/hard\libg.a(lib_a-fflush.o)
                0x00003564                __sflush_r
 .text._fflush_r
                0x000036a4       0x54 c:/program files (x86)/gnu tools arm embedded/6 2017-q1-update/bin/../lib/gcc/arm-none-eabi/6.3.1/../../../../arm-none-eabi/lib/thumb/v7e-m/fpv4-sp/hard\libg.a(lib_a-fflush.o)
                0x000036a4                _fflush_r
 .text._cleanup_r
                0x000036f8        0xc c:/program files (x86)/gnu tools arm embedded/6 2017-q1-update/bin/../lib/gcc/arm-none-eabi/6.3.1/../../../../arm-none-eabi/lib/thumb/v7e-m/fpv4-sp/hard\libg.a(lib_a-findfp.o)
                0x000036f8                _cleanup_r
 .text.std.isra.0
                0x00003704       0x50 c:/program files (x86)/gnu tools arm embedded/6 2017-q1-update/bin/../lib/gcc/arm-none-eabi/6.3.1/../../../../arm-none-eabi/lib/thumb/v7e-m/fpv4-sp/hard\libg.a(lib_a-findfp.o)
 .text.__sinit  0x00003754       0x58 c:/program files (x86)/gnu tools arm embedded/6 2017-q1-update/bin/../lib/gcc/arm-none-eabi/6.3.1/../../../../arm-none-eabi/lib/thumb/v7e-m/fpv4-sp/hard\libg.a(lib_a-findfp.o)
                0x00003754                __sinit
 .text.__sfp_lock_acquire
                0x000037ac        0xc c:/program files (x86)/gnu tools arm embedded/6 2017-q1-update/bin/../lib/gcc/arm-none-eabi/6.3.1/../../../../arm-none-eabi/lib/thumb/v7e-m/fpv4-sp/hard\libg.a(lib_a-findfp.o)
                0x000037ac                __sfp_lock_acquire
 .text.__sfp_lock_release
                0x000037b8        0xc c:/program files (x86)/gnu tools arm embedded/6 2017-q1-update/bin/../lib/gcc/arm-none-eabi/6.3.1/../../../../arm-none-eabi/lib/thumb/v7e-m/fpv4-sp/hard\libg.a(lib_a-findfp.o)
                0x000037b8                __sfp_lock_release
 .text.__libc_fini_array
                0x000037c4       0x34 c:/program files (x86)/gnu tools arm embedded/6 2017-q1-update/bin/../lib/gcc/arm-none-eabi/6.3.1/../../../../arm-none-eabi/lib/thumb/v7e-m/fpv4-sp/hard\libg.a(lib_a-fini.o)
                0x000037c4                __libc_fini_array
 .text._malloc_trim_r
                0x000037f8       0xa0 c:/program files (x86)/gnu tools arm embedded/6 2017-q1-update/bin/../lib/gcc/arm-none-eabi/6.3.1/../../../../arm-none-eabi/lib/thumb/v7e-m/fpv4-sp/hard\libg.a(lib_a-freer.o)
                0x000037f8                _malloc_trim_r
 .text._free_r  0x00003898      0x1cc c:/program files (x86)/gnu tools arm embedded/6 2017-q1-update/bin/../lib/gcc/arm-none-eabi/6.3.1/../../../../arm-none-eabi/lib/thumb/v7e-m/fpv4-sp/hard\libg.a(lib_a-freer.o)
                0x00003898                _free_r
 .text.__sfvwrite_r
                0x00003a64      0x2f0 c:/program files (x86)/gnu tools arm embedded/6 2017-q1-update/bin/../lib/gcc/arm-none-eabi/6.3.1/../../../../arm-none-eabi/lib/thumb/v7e-m/fpv4-sp/hard\libg.a(lib_a-fvwrite.o)
                0x00003a64                __sfvwrite_r
 .text._fwalk_reent
                0x00003d54       0x54 c:/program files (x86)/gnu tools arm embedded/6 2017-q1-update/bin/../lib/gcc/arm-none-eabi/6.3.1/../../../../arm-none-eabi/lib/thumb/v7e-m/fpv4-sp/hard\libg.a(lib_a-fwalk.o)
                0x00003d54                _fwalk_reent
 .text._localeconv_r
                0x00003da8       0x1c c:/program files (x86)/gnu tools arm embedded/6 2017-q1-update/bin/../lib/gcc/arm-none-eabi/6.3.1/../../../../arm-none-eabi/lib/thumb/v7e-m/fpv4-sp/hard\libg.a(lib_a-localeconv.o)
                0x00003da8                _localeconv_r
 .text.__retarget_lock_init_recursive
                0x00003dc4        0x4 c:/program files (x86)/gnu tools arm embedded/6 2017-q1-update/bin/../lib/gcc/arm-none-eabi/6.3.1/../../../../arm-none-eabi/lib/thumb/v7e-m/fpv4-sp/hard\libg.a(lib_a-lock.o)
                0x00003dc4                __retarget_lock_init_recursive
 .text.__retarget_lock_close_recursive
                0x00003dc8        0x4 c:/program files (x86)/gnu tools arm embedded/6 2017-q1-update/bin/../lib/gcc/arm-none-eabi/6.3.1/../../../../arm-none-eabi/lib/thumb/v7e-m/fpv4-sp/hard\libg.a(lib_a-lock.o)
                0x00003dc8                __retarget_lock_close_recursive
 .text.__retarget_lock_acquire_recursive
                0x00003dcc        0x4 c:/program files (x86)/gnu tools arm embedded/6 2017-q1-update/bin/../lib/gcc/arm-none-eabi/6.3.1/../../../../arm-none-eabi/lib/thumb/v7e-m/fpv4-sp/hard\libg.a(lib_a-lock.o)
                0x00003dcc                __retarget_lock_acquire_recursive
 .text.__retarget_lock_release_recursive
                0x00003dd0        0x4 c:/program files (x86)/gnu tools arm embedded/6 2017-q1-update/bin/../lib/gcc/arm-none-eabi/6.3.1/../../../../arm-none-eabi/lib/thumb/v7e-m/fpv4-sp/hard\libg.a(lib_a-lock.o)
                0x00003dd0                __retarget_lock_release_recursive
 .text.__swhatbuf_r
                0x00003dd4       0x5c c:/program files (x86)/gnu tools arm embedded/6 2017-q1-update/bin/../lib/gcc/arm-none-eabi/6.3.1/../../../../arm-none-eabi/lib/thumb/v7e-m/fpv4-sp/hard\libg.a(lib_a-makebuf.o)
                0x00003dd4                __swhatbuf_r
 .text.__smakebuf_r
                0x00003e30       0x94 c:/program files (x86)/gnu tools arm embedded/6 2017-q1-update/bin/../lib/gcc/arm-none-eabi/6.3.1/../../../../arm-none-eabi/lib/thumb/v7e-m/fpv4-sp/hard\libg.a(lib_a-makebuf.o)
                0x00003e30                __smakebuf_r
 .text._malloc_r
                0x00003ec4      0x560 c:/program files (x86)/gnu tools arm embedded/6 2017-q1-update/bin/../lib/gcc/arm-none-eabi/6.3.1/../../../../arm-none-eabi/lib/thumb/v7e-m/fpv4-sp/hard\libg.a(lib_a-mallocr.o)
                0x00003ec4                _malloc_r
 *fill*         0x00004424        0xc 
 .text          0x00004430       0xa0 c:/program files (x86)/gnu tools arm embedded/6 2017-q1-update/bin/../lib/gcc/arm-none-eabi/6.3.1/../../../../arm-none-eabi/lib/thumb/v7e-m/fpv4-sp/hard\libg.a(lib_a-memchr.o)
                0x00004430                memchr
 .text          0x000044d0      0x134 c:/program files (x86)/gnu tools arm embedded/6 2017-q1-update/bin/../lib/gcc/arm-none-eabi/6.3.1/../../../../arm-none-eabi/lib/thumb/v7e-m/fpv4-sp/hard\libg.a(lib_a-memcpy.o)
                0x000044d0                memcpy
 .text.memmove  0x00004604       0xc8 c:/program files (x86)/gnu tools arm embedded/6 2017-q1-update/bin/../lib/gcc/arm-none-eabi/6.3.1/../../../../arm-none-eabi/lib/thumb/v7e-m/fpv4-sp/hard\libg.a(lib_a-memmove.o)
                0x00004604                memmove
 .text.__malloc_lock
                0x000046cc        0xc c:/program files (x86)/gnu tools arm embedded/6 2017-q1-update/bin/../lib/gcc/arm-none-eabi/6.3.1/../../../../arm-none-eabi/lib/thumb/v7e-m/fpv4-sp/hard\libg.a(lib_a-mlock.o)
                0x000046cc                __malloc_lock
 .text.__malloc_unlock
                0x000046d8        0xc c:/program files (x86)/gnu tools arm embedded/6 2017-q1-update/bin/../lib/gcc/arm-none-eabi/6.3.1/../../../../arm-none-eabi/lib/thumb/v7e-m/fpv4-sp/hard\libg.a(lib_a-mlock.o)
                0x000046d8                __malloc_unlock
 .text._Balloc  0x000046e4       0x4c c:/program files (x86)/gnu tools arm embedded/6 2017-q1-update/bin/../lib/gcc/arm-none-eabi/6.3.1/../../../../arm-none-eabi/lib/thumb/v7e-m/fpv4-sp/hard\libg.a(lib_a-mprec.o)
                0x000046e4                _Balloc
 .text._Bfree   0x00004730       0x14 c:/program files (x86)/gnu tools arm embedded/6 2017-q1-update/bin/../lib/gcc/arm-none-eabi/6.3.1/../../../../arm-none-eabi/lib/thumb/v7e-m/fpv4-sp/hard\libg.a(lib_a-mprec.o)
                0x00004730                _Bfree
 .text.__multadd
                0x00004744       0x80 c:/program files (x86)/gnu tools arm embedded/6 2017-q1-update/bin/../lib/gcc/arm-none-eabi/6.3.1/../../../../arm-none-eabi/lib/thumb/v7e-m/fpv4-sp/hard\libg.a(lib_a-mprec.o)
                0x00004744                __multadd
 .text.__hi0bits
                0x000047c4       0x40 c:/program files (x86)/gnu tools arm embedded/6 2017-q1-update/bin/../lib/gcc/arm-none-eabi/6.3.1/../../../../arm-none-eabi/lib/thumb/v7e-m/fpv4-sp/hard\libg.a(lib_a-mprec.o)
                0x000047c4                __hi0bits
 .text.__lo0bits
                0x00004804       0x60 c:/program files (x86)/gnu tools arm embedded/6 2017-q1-update/bin/../lib/gcc/arm-none-eabi/6.3.1/../../../../arm-none-eabi/lib/thumb/v7e-m/fpv4-sp/hard\libg.a(lib_a-mprec.o)
                0x00004804                __lo0bits
 .text.__i2b    0x00004864       0x14 c:/program files (x86)/gnu tools arm embedded/6 2017-q1-update/bin/../lib/gcc/arm-none-eabi/6.3.1/../../../../arm-none-eabi/lib/thumb/v7e-m/fpv4-sp/hard\libg.a(lib_a-mprec.o)
                0x00004864                __i2b
 .text.__multiply
                0x00004878      0x124 c:/program files (x86)/gnu tools arm embedded/6 2017-q1-update/bin/../lib/gcc/arm-none-eabi/6.3.1/../../../../arm-none-eabi/lib/thumb/v7e-m/fpv4-sp/hard\libg.a(lib_a-mprec.o)
                0x00004878                __multiply
 .text.__pow5mult
                0x0000499c       0xa0 c:/program files (x86)/gnu tools arm embedded/6 2017-q1-update/bin/../lib/gcc/arm-none-eabi/6.3.1/../../../../arm-none-eabi/lib/thumb/v7e-m/fpv4-sp/hard\libg.a(lib_a-mprec.o)
                0x0000499c                __pow5mult
 .text.__lshift
                0x00004a3c       0xa4 c:/program files (x86)/gnu tools arm embedded/6 2017-q1-update/bin/../lib/gcc/arm-none-eabi/6.3.1/../../../../arm-none-eabi/lib/thumb/v7e-m/fpv4-sp/hard\libg.a(lib_a-mprec.o)
                0x00004a3c                __lshift
 .text.__mcmp   0x00004ae0       0x38 c:/program files (x86)/gnu tools arm embedded/6 2017-q1-update/bin/../lib/gcc/arm-none-eabi/6.3.1/../../../../arm-none-eabi/lib/thumb/v7e-m/fpv4-sp/hard\libg.a(lib_a-mprec.o)
                0x00004ae0                __mcmp
 .text.__mdiff  0x00004b18      0x108 c:/program files (x86)/gnu tools arm embedded/6 2017-q1-update/bin/../lib/gcc/arm-none-eabi/6.3.1/../../../../arm-none-eabi/lib/thumb/v7e-m/fpv4-sp/hard\libg.a(lib_a-mprec.o)
                0x00004b18                __mdiff
 .text.__d2b    0x00004c20       0xbc c:/program files (x86)/gnu tools arm embedded/6 2017-q1-update/bin/../lib/gcc/arm-none-eabi/6.3.1/../../../../arm-none-eabi/lib/thumb/v7e-m/fpv4-sp/hard\libg.a(lib_a-mprec.o)
                0x00004c20                __d2b
 .text._realloc_r
                0x00004cdc      0x34c c:/program files (x86)/gnu tools arm embedded/6 2017-q1-update/bin/../lib/gcc/arm-none-eabi/6.3.1/../../../../arm-none-eabi/lib/thumb/v7e-m/fpv4-sp/hard\libg.a(lib_a-reallocr.o)
                0x00004cdc                _realloc_r
 .text._sbrk_r  0x00005028       0x24 c:/program files (x86)/gnu tools arm embedded/6 2017-q1-update/bin/../lib/gcc/arm-none-eabi/6.3.1/../../../../arm-none-eabi/lib/thumb/v7e-m/fpv4-sp/hard\libg.a(lib_a-sbrkr.o)
                0x00005028                _sbrk_r
 .text.__sread  0x0000504c       0x24 c:/program files (x86)/gnu tools arm embedded/6 2017-q1-update/bin/../lib/gcc/arm-none-eabi/6.3.1/../../../../arm-none-eabi/lib/thumb/v7e-m/fpv4-sp/hard\libg.a(lib_a-stdio.o)
                0x0000504c                __sread
 .text.__swrite
                0x00005070       0x3c c:/program files (x86)/gnu tools arm embedded/6 2017-q1-update/bin/../lib/gcc/arm-none-eabi/6.3.1/../../../../arm-none-eabi/lib/thumb/v7e-m/fpv4-sp/hard\libg.a(lib_a-stdio.o)
                0x00005070                __swrite
 .text.__sseek  0x000050ac       0x20 c:/program files (x86)/gnu tools arm embedded/6 2017-q1-update/bin/../lib/gcc/arm-none-eabi/6.3.1/../../../../arm-none-eabi/lib/thumb/v7e-m/fpv4-sp/hard\libg.a(lib_a-stdio.o)
                0x000050ac                __sseek
 .text.__sclose
                0x000050cc        0x8 c:/program files (x86)/gnu tools arm embedded/6 2017-q1-update/bin/../lib/gcc/arm-none-eabi/6.3.1/../../../../arm-none-eabi/lib/thumb/v7e-m/fpv4-sp/hard\libg.a(lib_a-stdio.o)
                0x000050cc                __sclose
 .text.__sprint_r.part.0
                0x000050d4       0x80 c:/program files (x86)/gnu tools arm embedded/6 2017-q1-update/bin/../lib/gcc/arm-none-eabi/6.3.1/../../../../arm-none-eabi/lib/thumb/v7e-m/fpv4-sp/hard\libg.a(lib_a-vfiprintf.o)
 .text.__sprint_r
                0x00005154       0x14 c:/program files (x86)/gnu tools arm embedded/6 2017-q1-update/bin/../lib/gcc/arm-none-eabi/6.3.1/../../../../arm-none-eabi/lib/thumb/v7e-m/fpv4-sp/hard\libg.a(lib_a-vfiprintf.o)
                0x00005154                __sprint_r
 .text._write_r
                0x00005168       0x2c c:/program files (x86)/gnu tools arm embedded/6 2017-q1-update/bin/../lib/gcc/arm-none-eabi/6.3.1/../../../../arm-none-eabi/lib/thumb/v7e-m/fpv4-sp/hard\libg.a(lib_a-writer.o)
                0x00005168                _write_r
 .text.__register_exitproc
                0x00005194       0xc4 c:/program files (x86)/gnu tools arm embedded/6 2017-q1-update/bin/../lib/gcc/arm-none-eabi/6.3.1/../../../../arm-none-eabi/lib/thumb/v7e-m/fpv4-sp/hard\libg.a(lib_a-__atexit.o)
                0x00005194                __register_exitproc
 .text._calloc_r
                0x00005258       0x60 c:/program files (x86)/gnu tools arm embedded/6 2017-q1-update/bin/../lib/gcc/arm-none-eabi/6.3.1/../../../../arm-none-eabi/lib/thumb/v7e-m/fpv4-sp/hard\libg.a(lib_a-callocr.o)
                0x00005258                _calloc_r
 .text._close_r
                0x000052b8       0x24 c:/program files (x86)/gnu tools arm embedded/6 2017-q1-update/bin/../lib/gcc/arm-none-eabi/6.3.1/../../../../arm-none-eabi/lib/thumb/v7e-m/fpv4-sp/hard\libg.a(lib_a-closer.o)
                0x000052b8                _close_r
 .text._fclose_r
                0x000052dc       0xc4 c:/program files (x86)/gnu tools arm embedded/6 2017-q1-update/bin/../lib/gcc/arm-none-eabi/6.3.1/../../../../arm-none-eabi/lib/thumb/v7e-m/fpv4-sp/hard\libg.a(lib_a-fclose.o)
                0x000052dc                _fclose_r
 .text.__fputwc
                0x000053a0       0xa0 c:/program files (x86)/gnu tools arm embedded/6 2017-q1-update/bin/../lib/gcc/arm-none-eabi/6.3.1/../../../../arm-none-eabi/lib/thumb/v7e-m/fpv4-sp/hard\libg.a(lib_a-fputwc.o)
                0x000053a0                __fputwc
 .text._fputwc_r
                0x00005440       0x68 c:/program files (x86)/gnu tools arm embedded/6 2017-q1-update/bin/../lib/gcc/arm-none-eabi/6.3.1/../../../../arm-none-eabi/lib/thumb/v7e-m/fpv4-sp/hard\libg.a(lib_a-fputwc.o)
                0x00005440                _fputwc_r
 .text._fstat_r
                0x000054a8       0x28 c:/program files (x86)/gnu tools arm embedded/6 2017-q1-update/bin/../lib/gcc/arm-none-eabi/6.3.1/../../../../arm-none-eabi/lib/thumb/v7e-m/fpv4-sp/hard\libg.a(lib_a-fstatr.o)
                0x000054a8                _fstat_r
 .text._isatty_r
                0x000054d0       0x24 c:/program files (x86)/gnu tools arm embedded/6 2017-q1-update/bin/../lib/gcc/arm-none-eabi/6.3.1/../../../../arm-none-eabi/lib/thumb/v7e-m/fpv4-sp/hard\libg.a(lib_a-isattyr.o)
                0x000054d0                _isatty_r
 .text.__locale_mb_cur_max
                0x000054f4       0x1c c:/program files (x86)/gnu tools arm embedded/6 2017-q1-update/bin/../lib/gcc/arm-none-eabi/6.3.1/../../../../arm-none-eabi/lib/thumb/v7e-m/fpv4-sp/hard\libg.a(lib_a-locale.o)
                0x000054f4                __locale_mb_cur_max
 .text._lseek_r
                0x00005510       0x2c c:/program files (x86)/gnu tools arm embedded/6 2017-q1-update/bin/../lib/gcc/arm-none-eabi/6.3.1/../../../../arm-none-eabi/lib/thumb/v7e-m/fpv4-sp/hard\libg.a(lib_a-lseekr.o)
                0x00005510                _lseek_r
 .text.__ascii_mbtowc
                0x0000553c       0x2c c:/program files (x86)/gnu tools arm embedded/6 2017-q1-update/bin/../lib/gcc/arm-none-eabi/6.3.1/../../../../arm-none-eabi/lib/thumb/v7e-m/fpv4-sp/hard\libg.a(lib_a-mbtowc_r.o)
                0x0000553c                __ascii_mbtowc
 .text._read_r  0x00005568       0x2c c:/program files (x86)/gnu tools arm embedded/6 2017-q1-update/bin/../lib/gcc/arm-none-eabi/6.3.1/../../../../arm-none-eabi/lib/thumb/v7e-m/fpv4-sp/hard\libg.a(lib_a-readr.o)
                0x00005568                _read_r
 .text.__swbuf_r
                0x00005594       0xb0 c:/program files (x86)/gnu tools arm embedded/6 2017-q1-update/bin/../lib/gcc/arm-none-eabi/6.3.1/../../../../arm-none-eabi/lib/thumb/v7e-m/fpv4-sp/hard\libg.a(lib_a-wbuf.o)
                0x00005594                __swbuf_r
 .text._wcrtomb_r
                0x00005644       0x54 c:/program files (x86)/gnu tools arm embedded/6 2017-q1-update/bin/../lib/gcc/arm-none-eabi/6.3.1/../../../../arm-none-eabi/lib/thumb/v7e-m/fpv4-sp/hard\libg.a(lib_a-wcrtomb.o)
                0x00005644                _wcrtomb_r
 .text.__ascii_wctomb
                0x00005698       0x1c c:/program files (x86)/gnu tools arm embedded/6 2017-q1-update/bin/../lib/gcc/arm-none-eabi/6.3.1/../../../../arm-none-eabi/lib/thumb/v7e-m/fpv4-sp/hard\libg.a(lib_a-wctomb_r.o)
                0x00005698                __ascii_wctomb
 .text          0x000056b4      0x370 c:/program files (x86)/gnu tools arm embedded/6 2017-q1-update/bin/../lib/gcc/arm-none-eabi/6.3.1/thumb/v7e-m/fpv4-sp/hard\libgcc.a(_arm_addsubdf3.o)
                0x000056b4                __aeabi_drsub
                0x000056bc                __aeabi_dsub
                0x000056bc                __subdf3
                0x000056c0                __aeabi_dadd
                0x000056c0                __adddf3
                0x00005938                __floatunsidf
                0x00005938                __aeabi_ui2d
                0x00005958                __floatsidf
                0x00005958                __aeabi_i2d
                0x0000597c                __aeabi_f2d
                0x0000597c                __extendsfdf2
                0x000059b8                __floatundidf
                0x000059b8                __aeabi_ul2d
                0x000059c8                __floatdidf
                0x000059c8                __aeabi_l2d
 .text          0x00005a24      0x424 c:/program files (x86)/gnu tools arm embedded/6 2017-q1-update/bin/../lib/gcc/arm-none-eabi/6.3.1/thumb/v7e-m/fpv4-sp/hard\libgcc.a(_arm_muldivdf3.o)
                0x00005a24                __aeabi_dmul
                0x00005a24                __muldf3
                0x00005c78                __divdf3
                0x00005c78                __aeabi_ddiv
 .text          0x00005e48      0x110 c:/program files (x86)/gnu tools arm embedded/6 2017-q1-update/bin/../lib/gcc/arm-none-eabi/6.3.1/thumb/v7e-m/fpv4-sp/hard\libgcc.a(_arm_cmpdf2.o)
                0x00005e48                __gtdf2
                0x00005e48                __gedf2
                0x00005e50                __ltdf2
                0x00005e50                __ledf2
                0x00005e58                __nedf2
                0x00005e58                __eqdf2
                0x00005e58                __cmpdf2
                0x00005ed4                __aeabi_cdrcmple
                0x00005ee4                __aeabi_cdcmpeq
                0x00005ee4                __aeabi_cdcmple
                0x00005ef4                __aeabi_dcmpeq
                0x00005f08                __aeabi_dcmplt
                0x00005f1c                __aeabi_dcmple
                0x00005f30                __aeabi_dcmpge
                0x00005f44                __aeabi_dcmpgt
 .text          0x00005f58       0x2c c:/program files (x86)/gnu tools arm embedded/6 2017-q1-update/bin/../lib/gcc/arm-none-eabi/6.3.1/thumb/v7e-m/fpv4-sp/hard\libgcc.a(_arm_unorddf2.o)
                0x00005f58                __unorddf2
                0x00005f58                __aeabi_dcmpun
 .text          0x00005f84       0x50 c:/program files (x86)/gnu tools arm embedded/6 2017-q1-update/bin/../lib/gcc/arm-none-eabi/6.3.1/thumb/v7e-m/fpv4-sp/hard\libgcc.a(_arm_fixdfsi.o)
                0x00005f84                __aeabi_d2iz
                0x00005f84                __fixdfsi
 .text          0x00005fd4       0x30 c:/program files (x86)/gnu tools arm embedded/6 2017-q1-update/bin/../lib/gcc/arm-none-eabi/6.3.1/thumb/v7e-m/fpv4-sp/hard\libgcc.a(_aeabi_uldivmod.o)
                0x00005fd4                __aeabi_uldivmod
 .text          0x00006004      0x2dc c:/program files (x86)/gnu tools arm embedded/6 2017-q1-update/bin/../lib/gcc/arm-none-eabi/6.3.1/thumb/v7e-m/fpv4-sp/hard\libgcc.a(_udivmoddi4.o)
                0x00006004                __udivmoddi4
 .text          0x000062e0        0x4 c:/program files (x86)/gnu tools arm embedded/6 2017-q1-update/bin/../lib/gcc/arm-none-eabi/6.3.1/thumb/v7e-m/fpv4-sp/hard\libgcc.a(_dvmd_tls.o)
                0x000062e0                __aeabi_idiv0
                0x000062e0                __aeabi_ldiv0
 *(.init)
 .init          0x000062e4        0x4 c:/program files (x86)/gnu tools arm embedded/6 2017-q1-update/bin/../lib/gcc/arm-none-eabi/6.3.1/thumb/v7e-m/fpv4-sp/hard/crti.o
                0x000062e4                _init
 .init          0x000062e8        0x8 c:/program files (x86)/gnu tools arm embedded/6 2017-q1-update/bin/../lib/gcc/arm-none-eabi/6.3.1/thumb/v7e-m/fpv4-sp/hard/crtn.o
 *(.fini)
 .fini          0x000062f0        0x4 c:/program files (x86)/gnu tools arm embedded/6 2017-q1-update/bin/../lib/gcc/arm-none-eabi/6.3.1/thumb/v7e-m/fpv4-sp/hard/crti.o
                0x000062f0                _fini
 .fini          0x000062f4        0x8 c:/program files (x86)/gnu tools arm embedded/6 2017-q1-update/bin/../lib/gcc/arm-none-eabi/6.3.1/thumb/v7e-m/fpv4-sp/hard/crtn.o
 *crtbegin.o(.ctors)
 *crtbegin?.o(.ctors)
 *(EXCLUDE_FILE(*crtend.o *crtend?.o) .ctors)
 *(SORT(.ctors.*))
 *(.ctors)
 *crtbegin.o(.dtors)
 *crtbegin?.o(.dtors)
 *(EXCLUDE_FILE(*crtend.o *crtend?.o) .dtors)
 *(SORT(.dtors.*))
 *(.dtors)
 *(.rodata*)
 .rodata.main.str1.4
                0x000062fc       0x21 ./User/main.o
 *fill*         0x0000631d        0x3 
 .rodata.vCheckTask.str1.4
                0x00006320       0x2c ./User/main.o
 .rodata        0x0000634c       0x24 ./Library/clk.o
 .rodata.Hard_Fault_Handler.str1.4
                0x00006370       0x16 ./Library/retarget.o
 *fill*         0x00006386        0x2 
 .rodata.stackDump.str1.4
                0x00006388       0x60 ./Library/retarget.o
 .rodata        0x000063e8       0x10 ./Library/uart.o
 .rodata._global_impure_ptr
                0x000063f8        0x4 c:/program files (x86)/gnu tools arm embedded/6 2017-q1-update/bin/../lib/gcc/arm-none-eabi/6.3.1/../../../../arm-none-eabi/lib/thumb/v7e-m/fpv4-sp/hard\libg.a(lib_a-impure.o)
                0x000063f8                _global_impure_ptr
 .rodata._puts_r.str1.4
                0x000063fc        0x2 c:/program files (x86)/gnu tools arm embedded/6 2017-q1-update/bin/../lib/gcc/arm-none-eabi/6.3.1/../../../../arm-none-eabi/lib/thumb/v7e-m/fpv4-sp/hard\libg.a(lib_a-puts.o)
 *fill*         0x000063fe        0x2 
 .rodata._vfprintf_r.str1.4
                0x00006400       0x42 c:/program files (x86)/gnu tools arm embedded/6 2017-q1-update/bin/../lib/gcc/arm-none-eabi/6.3.1/../../../../arm-none-eabi/lib/thumb/v7e-m/fpv4-sp/hard\libg.a(lib_a-vfprintf.o)
 *fill*         0x00006442        0x2 
 .rodata.blanks.8366
                0x00006444       0x10 c:/program files (x86)/gnu tools arm embedded/6 2017-q1-update/bin/../lib/gcc/arm-none-eabi/6.3.1/../../../../arm-none-eabi/lib/thumb/v7e-m/fpv4-sp/hard\libg.a(lib_a-vfprintf.o)
 .rodata.zeroes.8367
                0x00006454       0x10 c:/program files (x86)/gnu tools arm embedded/6 2017-q1-update/bin/../lib/gcc/arm-none-eabi/6.3.1/../../../../arm-none-eabi/lib/thumb/v7e-m/fpv4-sp/hard\libg.a(lib_a-vfprintf.o)
 .rodata._dtoa_r.str1.4
                0x00006464       0x10 c:/program files (x86)/gnu tools arm embedded/6 2017-q1-update/bin/../lib/gcc/arm-none-eabi/6.3.1/../../../../arm-none-eabi/lib/thumb/v7e-m/fpv4-sp/hard\libg.a(lib_a-dtoa.o)
                                 0x12 (size before relaxing)
 *fill*         0x00006474        0x4 
 .rodata.__mprec_bigtens
                0x00006478       0x28 c:/program files (x86)/gnu tools arm embedded/6 2017-q1-update/bin/../lib/gcc/arm-none-eabi/6.3.1/../../../../arm-none-eabi/lib/thumb/v7e-m/fpv4-sp/hard\libg.a(lib_a-mprec.o)
                0x00006478                __mprec_bigtens
 .rodata.__mprec_tens
                0x000064a0       0xc8 c:/program files (x86)/gnu tools arm embedded/6 2017-q1-update/bin/../lib/gcc/arm-none-eabi/6.3.1/../../../../arm-none-eabi/lib/thumb/v7e-m/fpv4-sp/hard\libg.a(lib_a-mprec.o)
                0x000064a0                __mprec_tens
 .rodata.p05.7183
                0x00006568        0xc c:/program files (x86)/gnu tools arm embedded/6 2017-q1-update/bin/../lib/gcc/arm-none-eabi/6.3.1/../../../../arm-none-eabi/lib/thumb/v7e-m/fpv4-sp/hard\libg.a(lib_a-mprec.o)
 .rodata._setlocale_r.str1.4
                0x00006574        0xa c:/program files (x86)/gnu tools arm embedded/6 2017-q1-update/bin/../lib/gcc/arm-none-eabi/6.3.1/../../../../arm-none-eabi/lib/thumb/v7e-m/fpv4-sp/hard\libg.a(lib_a-locale.o)
                                  0xd (size before relaxing)
 .rodata.str1.4
                0x0000657e        0xc c:/program files (x86)/gnu tools arm embedded/6 2017-q1-update/bin/../lib/gcc/arm-none-eabi/6.3.1/../../../../arm-none-eabi/lib/thumb/v7e-m/fpv4-sp/hard\libg.a(lib_a-locale.o)
                                  0x2 (size before relaxing)
 *fill*         0x0000657e        0x2 
 .rodata._ctype_
                0x00006580      0x101 c:/program files (x86)/gnu tools arm embedded/6 2017-q1-update/bin/../lib/gcc/arm-none-eabi/6.3.1/../../../../arm-none-eabi/lib/thumb/v7e-m/fpv4-sp/hard\libg.a(lib_a-ctype_.o)
                0x00006580                _ctype_
 *(.eh_frame*)
 *fill*         0x00006681        0x3 
 .eh_frame      0x00006684        0x0 c:/program files (x86)/gnu tools arm embedded/6 2017-q1-update/bin/../lib/gcc/arm-none-eabi/6.3.1/thumb/v7e-m/fpv4-sp/hard/crtbegin.o
 .eh_frame      0x00006684        0x4 c:/program files (x86)/gnu tools arm embedded/6 2017-q1-update/bin/../lib/gcc/arm-none-eabi/6.3.1/thumb/v7e-m/fpv4-sp/hard/crtend.o

.glue_7         0x00006688        0x0
 .glue_7        0x00006688        0x0 linker stubs

.glue_7t        0x00006688        0x0
 .glue_7t       0x00006688        0x0 linker stubs

.vfp11_veneer   0x00006688        0x0
 .vfp11_veneer  0x00006688        0x0 linker stubs

.v4_bx          0x00006688        0x0
 .v4_bx         0x00006688        0x0 linker stubs

.iplt           0x00006688        0x0
 .iplt          0x00006688        0x0 c:/program files (x86)/gnu tools arm embedded/6 2017-q1-update/bin/../lib/gcc/arm-none-eabi/6.3.1/thumb/v7e-m/fpv4-sp/hard/crtbegin.o

.ARM.extab
 *(.ARM.extab* .gnu.linkonce.armextab.*)
                0x00006688                __exidx_start = .

.ARM.exidx      0x00006688        0x8
 *(.ARM.exidx* .gnu.linkonce.armexidx.*)
 .ARM.exidx     0x00006688        0x8 c:/program files (x86)/gnu tools arm embedded/6 2017-q1-update/bin/../lib/gcc/arm-none-eabi/6.3.1/../../../../arm-none-eabi/lib/thumb/v7e-m/fpv4-sp/hard/crt0.o
 .ARM.exidx     0x00006690        0x0 c:/program files (x86)/gnu tools arm embedded/6 2017-q1-update/bin/../lib/gcc/arm-none-eabi/6.3.1/thumb/v7e-m/fpv4-sp/hard\libgcc.a(_udivmoddi4.o)
                                  0x8 (size before relaxing)
                0x00006690                __exidx_end = .
                0x00006690                __etext = .

.rel.dyn        0x00006690        0x0
 .rel.iplt      0x00006690        0x0 c:/program files (x86)/gnu tools arm embedded/6 2017-q1-update/bin/../lib/gcc/arm-none-eabi/6.3.1/thumb/v7e-m/fpv4-sp/hard/crtbegin.o

.data           0x20000000      0x9e8 load address 0x00006690
                0x20000000                __data_start__ = .
 *(vtable)
 *(.data*)
 .data.CyclesPerUs
                0x20000000        0x4 ./CMSIS/system_M480.o
                0x20000000                CyclesPerUs
 .data.PllClock
                0x20000004        0x4 ./CMSIS/system_M480.o
                0x20000004                PllClock
 .data.SystemCoreClock
                0x20000008        0x4 ./CMSIS/system_M480.o
                0x20000008                SystemCoreClock
 .data.gau32ClkSrcTbl
                0x2000000c       0x20 ./CMSIS/system_M480.o
                0x2000000c                gau32ClkSrcTbl
 .data._impure_ptr
                0x2000002c        0x4 c:/program files (x86)/gnu tools arm embedded/6 2017-q1-update/bin/../lib/gcc/arm-none-eabi/6.3.1/../../../../arm-none-eabi/lib/thumb/v7e-m/fpv4-sp/hard\libg.a(lib_a-impure.o)
                0x2000002c                _impure_ptr
 .data.impure_data
                0x20000030      0x428 c:/program files (x86)/gnu tools arm embedded/6 2017-q1-update/bin/../lib/gcc/arm-none-eabi/6.3.1/../../../../arm-none-eabi/lib/thumb/v7e-m/fpv4-sp/hard\libg.a(lib_a-impure.o)
 .data.__atexit_recursive_mutex
                0x20000458        0x4 c:/program files (x86)/gnu tools arm embedded/6 2017-q1-update/bin/../lib/gcc/arm-none-eabi/6.3.1/../../../../arm-none-eabi/lib/thumb/v7e-m/fpv4-sp/hard\libg.a(lib_a-__call_atexit.o)
                0x20000458                __atexit_recursive_mutex
 .data.__malloc_av_
                0x2000045c      0x408 c:/program files (x86)/gnu tools arm embedded/6 2017-q1-update/bin/../lib/gcc/arm-none-eabi/6.3.1/../../../../arm-none-eabi/lib/thumb/v7e-m/fpv4-sp/hard\libg.a(lib_a-mallocr.o)
                0x2000045c                __malloc_av_
 .data.__malloc_sbrk_base
                0x20000864        0x4 c:/program files (x86)/gnu tools arm embedded/6 2017-q1-update/bin/../lib/gcc/arm-none-eabi/6.3.1/../../../../arm-none-eabi/lib/thumb/v7e-m/fpv4-sp/hard\libg.a(lib_a-mallocr.o)
                0x20000864                __malloc_sbrk_base
 .data.__malloc_trim_threshold
                0x20000868        0x4 c:/program files (x86)/gnu tools arm embedded/6 2017-q1-update/bin/../lib/gcc/arm-none-eabi/6.3.1/../../../../arm-none-eabi/lib/thumb/v7e-m/fpv4-sp/hard\libg.a(lib_a-mallocr.o)
                0x20000868                __malloc_trim_threshold
 .data.__global_locale
                0x2000086c      0x16c c:/program files (x86)/gnu tools arm embedded/6 2017-q1-update/bin/../lib/gcc/arm-none-eabi/6.3.1/../../../../arm-none-eabi/lib/thumb/v7e-m/fpv4-sp/hard\libg.a(lib_a-locale.o)
                0x2000086c                __global_locale
                0x200009d8                . = ALIGN (0x4)
                0x200009d8                PROVIDE (__preinit_array_start, .)
 *(.preinit_array)
                0x200009d8                PROVIDE (__preinit_array_end, .)
                0x200009d8                . = ALIGN (0x4)
                0x200009d8                PROVIDE (__init_array_start, .)
 *(SORT(.init_array.*))
 .init_array.00000
                0x200009d8        0x4 c:/program files (x86)/gnu tools arm embedded/6 2017-q1-update/bin/../lib/gcc/arm-none-eabi/6.3.1/../../../../arm-none-eabi/lib/thumb/v7e-m/fpv4-sp/hard\libg.a(lib_a-__call_atexit.o)
 *(.init_array)
 .init_array    0x200009dc        0x4 c:/program files (x86)/gnu tools arm embedded/6 2017-q1-update/bin/../lib/gcc/arm-none-eabi/6.3.1/thumb/v7e-m/fpv4-sp/hard/crtbegin.o
                0x200009e0                PROVIDE (__init_array_end, .)
                0x200009e0                . = ALIGN (0x4)
                0x200009e0                PROVIDE (__fini_array_start, .)
 *(SORT(.fini_array.*))
 *(.fini_array)
 .fini_array    0x200009e0        0x4 c:/program files (x86)/gnu tools arm embedded/6 2017-q1-update/bin/../lib/gcc/arm-none-eabi/6.3.1/thumb/v7e-m/fpv4-sp/hard/crtbegin.o
                0x200009e4                PROVIDE (__fini_array_end, .)
 *(.jcr*)
 .jcr           0x200009e4        0x0 c:/program files (x86)/gnu tools arm embedded/6 2017-q1-update/bin/../lib/gcc/arm-none-eabi/6.3.1/thumb/v7e-m/fpv4-sp/hard/crtbegin.o
 .jcr           0x200009e4        0x4 c:/program files (x86)/gnu tools arm embedded/6 2017-q1-update/bin/../lib/gcc/arm-none-eabi/6.3.1/thumb/v7e-m/fpv4-sp/hard/crtend.o
                0x200009e8                . = ALIGN (0x4)
                0x200009e8                __data_end__ = .

.igot.plt       0x200009e8        0x0 load address 0x00007078
 .igot.plt      0x200009e8        0x0 c:/program files (x86)/gnu tools arm embedded/6 2017-q1-update/bin/../lib/gcc/arm-none-eabi/6.3.1/thumb/v7e-m/fpv4-sp/hard/crtbegin.o

.bss            0x200009e8       0x78 load address 0x00007078
                0x200009e8                . = ALIGN (0x4)
                0x200009e8                __bss_start__ = .
 *(.bss*)
 .bss           0x200009e8       0x1c c:/program files (x86)/gnu tools arm embedded/6 2017-q1-update/bin/../lib/gcc/arm-none-eabi/6.3.1/thumb/v7e-m/fpv4-sp/hard/crtbegin.o
 .bss.__malloc_current_mallinfo
                0x20000a04       0x28 c:/program files (x86)/gnu tools arm embedded/6 2017-q1-update/bin/../lib/gcc/arm-none-eabi/6.3.1/../../../../arm-none-eabi/lib/thumb/v7e-m/fpv4-sp/hard\libg.a(lib_a-mallocr.o)
                0x20000a04                __malloc_current_mallinfo
 .bss.__malloc_max_sbrked_mem
                0x20000a2c        0x4 c:/program files (x86)/gnu tools arm embedded/6 2017-q1-update/bin/../lib/gcc/arm-none-eabi/6.3.1/../../../../arm-none-eabi/lib/thumb/v7e-m/fpv4-sp/hard\libg.a(lib_a-mallocr.o)
                0x20000a2c                __malloc_max_sbrked_mem
 .bss.__malloc_max_total_mem
                0x20000a30        0x4 c:/program files (x86)/gnu tools arm embedded/6 2017-q1-update/bin/../lib/gcc/arm-none-eabi/6.3.1/../../../../arm-none-eabi/lib/thumb/v7e-m/fpv4-sp/hard\libg.a(lib_a-mallocr.o)
                0x20000a30                __malloc_max_total_mem
 .bss.__malloc_top_pad
                0x20000a34        0x4 c:/program files (x86)/gnu tools arm embedded/6 2017-q1-update/bin/../lib/gcc/arm-none-eabi/6.3.1/../../../../arm-none-eabi/lib/thumb/v7e-m/fpv4-sp/hard\libg.a(lib_a-mallocr.o)
                0x20000a34                __malloc_top_pad
 *(COMMON)
 COMMON         0x20000a38        0x4 ./CMSIS/GCC/_syscalls.o
                0x20000a38                errno
 COMMON         0x20000a3c       0x21 c:/program files (x86)/gnu tools arm embedded/6 2017-q1-update/bin/../lib/gcc/arm-none-eabi/6.3.1/../../../../arm-none-eabi/lib/thumb/v7e-m/fpv4-sp/hard\libg.a(lib_a-lock.o)
                0x20000a3c                __lock___atexit_recursive_mutex
                0x20000a40                __lock___arc4random_mutex
                0x20000a44                __lock___env_recursive_mutex
                0x20000a48                __lock___sinit_recursive_mutex
                0x20000a4c                __lock___malloc_recursive_mutex
                0x20000a50                __lock___at_quick_exit_mutex
                0x20000a54                __lock___dd_hash_mutex
                0x20000a58                __lock___tz_mutex
                0x20000a5c                __lock___sfp_recursive_mutex
                0x20000a60                . = ALIGN (0x4)
 *fill*         0x20000a5d        0x3 
                0x20000a60                __bss_end__ = .

.heap           0x20000a60      0x100
                0x20000a60                __HeapBase = .
                0x20000a60                __end__ = .
                0x20000a60                end = __end__
 *(.heap*)
 .heap          0x20000a60      0x100 ./CMSIS/GCC/startup_M480.o
                0x20000b60                __HeapLimit = .

.stack_dummy    0x20000a60      0x800
 *(.stack*)
 .stack         0x20000a60      0x800 ./CMSIS/GCC/startup_M480.o
                0x20020000                __StackTop = (ORIGIN (RAM) + LENGTH (RAM))
                0x2001f800                __StackLimit = (__StackTop - SIZEOF (.stack_dummy))
                0x20020000                PROVIDE (__stack, __StackTop)
                0x00000001                ASSERT ((__StackLimit >= __HeapLimit), region RAM overflowed with stack)
OUTPUT(HelloWorld.elf elf32-littlearm)

.ARM.attributes
                0x00000000       0x30
 .ARM.attributes
                0x00000000       0x22 c:/program files (x86)/gnu tools arm embedded/6 2017-q1-update/bin/../lib/gcc/arm-none-eabi/6.3.1/thumb/v7e-m/fpv4-sp/hard/crti.o
 .ARM.attributes
                0x00000022       0x34 c:/program files (x86)/gnu tools arm embedded/6 2017-q1-update/bin/../lib/gcc/arm-none-eabi/6.3.1/thumb/v7e-m/fpv4-sp/hard/crtbegin.o
 .ARM.attributes
                0x00000056       0x20 c:/program files (x86)/gnu tools arm embedded/6 2017-q1-update/bin/../lib/gcc/arm-none-eabi/6.3.1/../../../../arm-none-eabi/lib/thumb/v7e-m/fpv4-sp/hard/crt0.o
 .ARM.attributes
                0x00000076       0x39 ./User/main.o
 .ARM.attributes
                0x000000af       0x39 ./Library/clk.o
 .ARM.attributes
                0x000000e8       0x39 ./Library/retarget.o
 .ARM.attributes
                0x00000121       0x39 ./Library/uart.o
 .ARM.attributes
                0x0000015a       0x39 ./CMSIS/GCC/_syscalls.o
 .ARM.attributes
                0x00000193       0x1f ./CMSIS/GCC/startup_M480.o
 .ARM.attributes
                0x000001b2       0x39 ./CMSIS/system_M480.o
 .ARM.attributes
                0x000001eb       0x34 c:/program files (x86)/gnu tools arm embedded/6 2017-q1-update/bin/../lib/gcc/arm-none-eabi/6.3.1/../../../../arm-none-eabi/lib/thumb/v7e-m/fpv4-sp/hard\libg.a(lib_a-errno.o)
 .ARM.attributes
                0x0000021f       0x34 c:/program files (x86)/gnu tools arm embedded/6 2017-q1-update/bin/../lib/gcc/arm-none-eabi/6.3.1/../../../../arm-none-eabi/lib/thumb/v7e-m/fpv4-sp/hard\libg.a(lib_a-exit.o)
 .ARM.attributes
                0x00000253       0x34 c:/program files (x86)/gnu tools arm embedded/6 2017-q1-update/bin/../lib/gcc/arm-none-eabi/6.3.1/../../../../arm-none-eabi/lib/thumb/v7e-m/fpv4-sp/hard\libg.a(lib_a-impure.o)
 .ARM.attributes
                0x00000287       0x34 c:/program files (x86)/gnu tools arm embedded/6 2017-q1-update/bin/../lib/gcc/arm-none-eabi/6.3.1/../../../../arm-none-eabi/lib/thumb/v7e-m/fpv4-sp/hard\libg.a(lib_a-init.o)
 .ARM.attributes
                0x000002bb       0x34 c:/program files (x86)/gnu tools arm embedded/6 2017-q1-update/bin/../lib/gcc/arm-none-eabi/6.3.1/../../../../arm-none-eabi/lib/thumb/v7e-m/fpv4-sp/hard\libg.a(lib_a-memset.o)
 .ARM.attributes
                0x000002ef       0x34 c:/program files (x86)/gnu tools arm embedded/6 2017-q1-update/bin/../lib/gcc/arm-none-eabi/6.3.1/../../../../arm-none-eabi/lib/thumb/v7e-m/fpv4-sp/hard\libg.a(lib_a-printf.o)
 .ARM.attributes
                0x00000323       0x34 c:/program files (x86)/gnu tools arm embedded/6 2017-q1-update/bin/../lib/gcc/arm-none-eabi/6.3.1/../../../../arm-none-eabi/lib/thumb/v7e-m/fpv4-sp/hard\libg.a(lib_a-puts.o)
 .ARM.attributes
                0x00000357       0x20 c:/program files (x86)/gnu tools arm embedded/6 2017-q1-update/bin/../lib/gcc/arm-none-eabi/6.3.1/../../../../arm-none-eabi/lib/thumb/v7e-m/fpv4-sp/hard\libg.a(lib_a-strlen.o)
 .ARM.attributes
                0x00000377       0x34 c:/program files (x86)/gnu tools arm embedded/6 2017-q1-update/bin/../lib/gcc/arm-none-eabi/6.3.1/../../../../arm-none-eabi/lib/thumb/v7e-m/fpv4-sp/hard\libg.a(lib_a-vfprintf.o)
 .ARM.attributes
                0x000003ab       0x34 c:/program files (x86)/gnu tools arm embedded/6 2017-q1-update/bin/../lib/gcc/arm-none-eabi/6.3.1/../../../../arm-none-eabi/lib/thumb/v7e-m/fpv4-sp/hard\libg.a(lib_a-wsetup.o)
 .ARM.attributes
                0x000003df       0x34 c:/program files (x86)/gnu tools arm embedded/6 2017-q1-update/bin/../lib/gcc/arm-none-eabi/6.3.1/../../../../arm-none-eabi/lib/thumb/v7e-m/fpv4-sp/hard\libg.a(lib_a-__call_atexit.o)
 .ARM.attributes
                0x00000413       0x34 c:/program files (x86)/gnu tools arm embedded/6 2017-q1-update/bin/../lib/gcc/arm-none-eabi/6.3.1/../../../../arm-none-eabi/lib/thumb/v7e-m/fpv4-sp/hard\libg.a(lib_a-atexit.o)
 .ARM.attributes
                0x00000447       0x34 c:/program files (x86)/gnu tools arm embedded/6 2017-q1-update/bin/../lib/gcc/arm-none-eabi/6.3.1/../../../../arm-none-eabi/lib/thumb/v7e-m/fpv4-sp/hard\libg.a(lib_a-dtoa.o)
 .ARM.attributes
                0x0000047b       0x34 c:/program files (x86)/gnu tools arm embedded/6 2017-q1-update/bin/../lib/gcc/arm-none-eabi/6.3.1/../../../../arm-none-eabi/lib/thumb/v7e-m/fpv4-sp/hard\libg.a(lib_a-fflush.o)
 .ARM.attributes
                0x000004af       0x34 c:/program files (x86)/gnu tools arm embedded/6 2017-q1-update/bin/../lib/gcc/arm-none-eabi/6.3.1/../../../../arm-none-eabi/lib/thumb/v7e-m/fpv4-sp/hard\libg.a(lib_a-findfp.o)
 .ARM.attributes
                0x000004e3       0x34 c:/program files (x86)/gnu tools arm embedded/6 2017-q1-update/bin/../lib/gcc/arm-none-eabi/6.3.1/../../../../arm-none-eabi/lib/thumb/v7e-m/fpv4-sp/hard\libg.a(lib_a-fini.o)
 .ARM.attributes
                0x00000517       0x34 c:/program files (x86)/gnu tools arm embedded/6 2017-q1-update/bin/../lib/gcc/arm-none-eabi/6.3.1/../../../../arm-none-eabi/lib/thumb/v7e-m/fpv4-sp/hard\libg.a(lib_a-freer.o)
 .ARM.attributes
                0x0000054b       0x34 c:/program files (x86)/gnu tools arm embedded/6 2017-q1-update/bin/../lib/gcc/arm-none-eabi/6.3.1/../../../../arm-none-eabi/lib/thumb/v7e-m/fpv4-sp/hard\libg.a(lib_a-fvwrite.o)
 .ARM.attributes
                0x0000057f       0x34 c:/program files (x86)/gnu tools arm embedded/6 2017-q1-update/bin/../lib/gcc/arm-none-eabi/6.3.1/../../../../arm-none-eabi/lib/thumb/v7e-m/fpv4-sp/hard\libg.a(lib_a-fwalk.o)
 .ARM.attributes
                0x000005b3       0x34 c:/program files (x86)/gnu tools arm embedded/6 2017-q1-update/bin/../lib/gcc/arm-none-eabi/6.3.1/../../../../arm-none-eabi/lib/thumb/v7e-m/fpv4-sp/hard\libg.a(lib_a-localeconv.o)
 .ARM.attributes
                0x000005e7       0x34 c:/program files (x86)/gnu tools arm embedded/6 2017-q1-update/bin/../lib/gcc/arm-none-eabi/6.3.1/../../../../arm-none-eabi/lib/thumb/v7e-m/fpv4-sp/hard\libg.a(lib_a-lock.o)
 .ARM.attributes
                0x0000061b       0x34 c:/program files (x86)/gnu tools arm embedded/6 2017-q1-update/bin/../lib/gcc/arm-none-eabi/6.3.1/../../../../arm-none-eabi/lib/thumb/v7e-m/fpv4-sp/hard\libg.a(lib_a-makebuf.o)
 .ARM.attributes
                0x0000064f       0x34 c:/program files (x86)/gnu tools arm embedded/6 2017-q1-update/bin/../lib/gcc/arm-none-eabi/6.3.1/../../../../arm-none-eabi/lib/thumb/v7e-m/fpv4-sp/hard\libg.a(lib_a-mallocr.o)
 .ARM.attributes
                0x00000683       0x20 c:/program files (x86)/gnu tools arm embedded/6 2017-q1-update/bin/../lib/gcc/arm-none-eabi/6.3.1/../../../../arm-none-eabi/lib/thumb/v7e-m/fpv4-sp/hard\libg.a(lib_a-memchr.o)
 .ARM.attributes
                0x000006a3       0x20 c:/program files (x86)/gnu tools arm embedded/6 2017-q1-update/bin/../lib/gcc/arm-none-eabi/6.3.1/../../../../arm-none-eabi/lib/thumb/v7e-m/fpv4-sp/hard\libg.a(lib_a-memcpy.o)
 .ARM.attributes
                0x000006c3       0x34 c:/program files (x86)/gnu tools arm embedded/6 2017-q1-update/bin/../lib/gcc/arm-none-eabi/6.3.1/../../../../arm-none-eabi/lib/thumb/v7e-m/fpv4-sp/hard\libg.a(lib_a-memmove.o)
 .ARM.attributes
                0x000006f7       0x34 c:/program files (x86)/gnu tools arm embedded/6 2017-q1-update/bin/../lib/gcc/arm-none-eabi/6.3.1/../../../../arm-none-eabi/lib/thumb/v7e-m/fpv4-sp/hard\libg.a(lib_a-mlock.o)
 .ARM.attributes
                0x0000072b       0x34 c:/program files (x86)/gnu tools arm embedded/6 2017-q1-update/bin/../lib/gcc/arm-none-eabi/6.3.1/../../../../arm-none-eabi/lib/thumb/v7e-m/fpv4-sp/hard\libg.a(lib_a-mprec.o)
 .ARM.attributes
                0x0000075f       0x34 c:/program files (x86)/gnu tools arm embedded/6 2017-q1-update/bin/../lib/gcc/arm-none-eabi/6.3.1/../../../../arm-none-eabi/lib/thumb/v7e-m/fpv4-sp/hard\libg.a(lib_a-reallocr.o)
 .ARM.attributes
                0x00000793       0x34 c:/program files (x86)/gnu tools arm embedded/6 2017-q1-update/bin/../lib/gcc/arm-none-eabi/6.3.1/../../../../arm-none-eabi/lib/thumb/v7e-m/fpv4-sp/hard\libg.a(lib_a-sbrkr.o)
 .ARM.attributes
                0x000007c7       0x34 c:/program files (x86)/gnu tools arm embedded/6 2017-q1-update/bin/../lib/gcc/arm-none-eabi/6.3.1/../../../../arm-none-eabi/lib/thumb/v7e-m/fpv4-sp/hard\libg.a(lib_a-stdio.o)
 .ARM.attributes
                0x000007fb       0x34 c:/program files (x86)/gnu tools arm embedded/6 2017-q1-update/bin/../lib/gcc/arm-none-eabi/6.3.1/../../../../arm-none-eabi/lib/thumb/v7e-m/fpv4-sp/hard\libg.a(lib_a-vfiprintf.o)
 .ARM.attributes
                0x0000082f       0x34 c:/program files (x86)/gnu tools arm embedded/6 2017-q1-update/bin/../lib/gcc/arm-none-eabi/6.3.1/../../../../arm-none-eabi/lib/thumb/v7e-m/fpv4-sp/hard\libg.a(lib_a-writer.o)
 .ARM.attributes
                0x00000863       0x34 c:/program files (x86)/gnu tools arm embedded/6 2017-q1-update/bin/../lib/gcc/arm-none-eabi/6.3.1/../../../../arm-none-eabi/lib/thumb/v7e-m/fpv4-sp/hard\libg.a(lib_a-__atexit.o)
 .ARM.attributes
                0x00000897       0x34 c:/program files (x86)/gnu tools arm embedded/6 2017-q1-update/bin/../lib/gcc/arm-none-eabi/6.3.1/../../../../arm-none-eabi/lib/thumb/v7e-m/fpv4-sp/hard\libg.a(lib_a-callocr.o)
 .ARM.attributes
                0x000008cb       0x34 c:/program files (x86)/gnu tools arm embedded/6 2017-q1-update/bin/../lib/gcc/arm-none-eabi/6.3.1/../../../../arm-none-eabi/lib/thumb/v7e-m/fpv4-sp/hard\libg.a(lib_a-closer.o)
 .ARM.attributes
                0x000008ff       0x34 c:/program files (x86)/gnu tools arm embedded/6 2017-q1-update/bin/../lib/gcc/arm-none-eabi/6.3.1/../../../../arm-none-eabi/lib/thumb/v7e-m/fpv4-sp/hard\libg.a(lib_a-fclose.o)
 .ARM.attributes
                0x00000933       0x34 c:/program files (x86)/gnu tools arm embedded/6 2017-q1-update/bin/../lib/gcc/arm-none-eabi/6.3.1/../../../../arm-none-eabi/lib/thumb/v7e-m/fpv4-sp/hard\libg.a(lib_a-fputwc.o)
 .ARM.attributes
                0x00000967       0x34 c:/program files (x86)/gnu tools arm embedded/6 2017-q1-update/bin/../lib/gcc/arm-none-eabi/6.3.1/../../../../arm-none-eabi/lib/thumb/v7e-m/fpv4-sp/hard\libg.a(lib_a-fstatr.o)
 .ARM.attributes
                0x0000099b       0x34 c:/program files (x86)/gnu tools arm embedded/6 2017-q1-update/bin/../lib/gcc/arm-none-eabi/6.3.1/../../../../arm-none-eabi/lib/thumb/v7e-m/fpv4-sp/hard\libg.a(lib_a-isattyr.o)
 .ARM.attributes
                0x000009cf       0x34 c:/program files (x86)/gnu tools arm embedded/6 2017-q1-update/bin/../lib/gcc/arm-none-eabi/6.3.1/../../../../arm-none-eabi/lib/thumb/v7e-m/fpv4-sp/hard\libg.a(lib_a-locale.o)
 .ARM.attributes
                0x00000a03       0x34 c:/program files (x86)/gnu tools arm embedded/6 2017-q1-update/bin/../lib/gcc/arm-none-eabi/6.3.1/../../../../arm-none-eabi/lib/thumb/v7e-m/fpv4-sp/hard\libg.a(lib_a-lseekr.o)
 .ARM.attributes
                0x00000a37       0x34 c:/program files (x86)/gnu tools arm embedded/6 2017-q1-update/bin/../lib/gcc/arm-none-eabi/6.3.1/../../../../arm-none-eabi/lib/thumb/v7e-m/fpv4-sp/hard\libg.a(lib_a-mbtowc_r.o)
 .ARM.attributes
                0x00000a6b       0x34 c:/program files (x86)/gnu tools arm embedded/6 2017-q1-update/bin/../lib/gcc/arm-none-eabi/6.3.1/../../../../arm-none-eabi/lib/thumb/v7e-m/fpv4-sp/hard\libg.a(lib_a-readr.o)
 .ARM.attributes
                0x00000a9f       0x34 c:/program files (x86)/gnu tools arm embedded/6 2017-q1-update/bin/../lib/gcc/arm-none-eabi/6.3.1/../../../../arm-none-eabi/lib/thumb/v7e-m/fpv4-sp/hard\libg.a(lib_a-wbuf.o)
 .ARM.attributes
                0x00000ad3       0x34 c:/program files (x86)/gnu tools arm embedded/6 2017-q1-update/bin/../lib/gcc/arm-none-eabi/6.3.1/../../../../arm-none-eabi/lib/thumb/v7e-m/fpv4-sp/hard\libg.a(lib_a-wcrtomb.o)
 .ARM.attributes
                0x00000b07       0x34 c:/program files (x86)/gnu tools arm embedded/6 2017-q1-update/bin/../lib/gcc/arm-none-eabi/6.3.1/../../../../arm-none-eabi/lib/thumb/v7e-m/fpv4-sp/hard\libg.a(lib_a-wctomb_r.o)
 .ARM.attributes
                0x00000b3b       0x34 c:/program files (x86)/gnu tools arm embedded/6 2017-q1-update/bin/../lib/gcc/arm-none-eabi/6.3.1/../../../../arm-none-eabi/lib/thumb/v7e-m/fpv4-sp/hard\libg.a(lib_a-ctype_.o)
 .ARM.attributes
                0x00000b6f       0x22 c:/program files (x86)/gnu tools arm embedded/6 2017-q1-update/bin/../lib/gcc/arm-none-eabi/6.3.1/thumb/v7e-m/fpv4-sp/hard\libgcc.a(_arm_addsubdf3.o)
 .ARM.attributes
                0x00000b91       0x22 c:/program files (x86)/gnu tools arm embedded/6 2017-q1-update/bin/../lib/gcc/arm-none-eabi/6.3.1/thumb/v7e-m/fpv4-sp/hard\libgcc.a(_arm_muldivdf3.o)
 .ARM.attributes
                0x00000bb3       0x22 c:/program files (x86)/gnu tools arm embedded/6 2017-q1-update/bin/../lib/gcc/arm-none-eabi/6.3.1/thumb/v7e-m/fpv4-sp/hard\libgcc.a(_arm_cmpdf2.o)
 .ARM.attributes
                0x00000bd5       0x22 c:/program files (x86)/gnu tools arm embedded/6 2017-q1-update/bin/../lib/gcc/arm-none-eabi/6.3.1/thumb/v7e-m/fpv4-sp/hard\libgcc.a(_arm_unorddf2.o)
 .ARM.attributes
                0x00000bf7       0x22 c:/program files (x86)/gnu tools arm embedded/6 2017-q1-update/bin/../lib/gcc/arm-none-eabi/6.3.1/thumb/v7e-m/fpv4-sp/hard\libgcc.a(_arm_fixdfsi.o)
 .ARM.attributes
                0x00000c19       0x22 c:/program files (x86)/gnu tools arm embedded/6 2017-q1-update/bin/../lib/gcc/arm-none-eabi/6.3.1/thumb/v7e-m/fpv4-sp/hard\libgcc.a(_aeabi_uldivmod.o)
 .ARM.attributes
                0x00000c3b       0x34 c:/program files (x86)/gnu tools arm embedded/6 2017-q1-update/bin/../lib/gcc/arm-none-eabi/6.3.1/thumb/v7e-m/fpv4-sp/hard\libgcc.a(_udivmoddi4.o)
 .ARM.attributes
                0x00000c6f       0x22 c:/program files (x86)/gnu tools arm embedded/6 2017-q1-update/bin/../lib/gcc/arm-none-eabi/6.3.1/thumb/v7e-m/fpv4-sp/hard\libgcc.a(_dvmd_tls.o)
 .ARM.attributes
                0x00000c91       0x34 c:/program files (x86)/gnu tools arm embedded/6 2017-q1-update/bin/../lib/gcc/arm-none-eabi/6.3.1/thumb/v7e-m/fpv4-sp/hard/crtend.o
 .ARM.attributes
                0x00000cc5       0x22 c:/program files (x86)/gnu tools arm embedded/6 2017-q1-update/bin/../lib/gcc/arm-none-eabi/6.3.1/thumb/v7e-m/fpv4-sp/hard/crtn.o

.comment        0x00000000       0x7f
 .comment       0x00000000       0x7f ./User/main.o
                                 0x80 (size before relaxing)
 .comment       0x0000007f       0x80 ./Library/clk.o
 .comment       0x0000007f       0x80 ./Library/retarget.o
 .comment       0x0000007f       0x80 ./Library/uart.o
 .comment       0x0000007f       0x80 ./CMSIS/GCC/_syscalls.o
 .comment       0x0000007f       0x80 ./CMSIS/system_M480.o

.debug_info     0x00000000     0x7e5e
 .debug_info    0x00000000     0x1783 ./User/main.o
 .debug_info    0x00001783     0x1c44 ./Library/clk.o
 .debug_info    0x000033c7     0x1026 ./Library/retarget.o
 .debug_info    0x000043ed     0x137f ./Library/uart.o
 .debug_info    0x0000576c     0x11bb ./CMSIS/GCC/_syscalls.o
 .debug_info    0x00006927       0x65 ./CMSIS/GCC/startup_M480.o
 .debug_info    0x0000698c     0x14d2 ./CMSIS/system_M480.o

.debug_abbrev   0x00000000     0x117f
 .debug_abbrev  0x00000000      0x373 ./User/main.o
 .debug_abbrev  0x00000373      0x351 ./Library/clk.o
 .debug_abbrev  0x000006c4      0x340 ./Library/retarget.o
 .debug_abbrev  0x00000a04      0x29a ./Library/uart.o
 .debug_abbrev  0x00000c9e      0x289 ./CMSIS/GCC/_syscalls.o
 .debug_abbrev  0x00000f27       0x14 ./CMSIS/GCC/startup_M480.o
 .debug_abbrev  0x00000f3b      0x244 ./CMSIS/system_M480.o

.debug_loc      0x00000000     0x1a15
 .debug_loc     0x00000000       0x21 ./User/main.o
 .debug_loc     0x00000021      0xaa9 ./Library/clk.o
 .debug_loc     0x00000aca      0x179 ./Library/retarget.o
 .debug_loc     0x00000c43      0x850 ./Library/uart.o
 .debug_loc     0x00001493      0x549 ./CMSIS/GCC/_syscalls.o
 .debug_loc     0x000019dc       0x39 ./CMSIS/system_M480.o

.debug_aranges  0x00000000      0x370
 .debug_aranges
                0x00000000       0x58 ./User/main.o
 .debug_aranges
                0x00000058      0x108 ./Library/clk.o
 .debug_aranges
                0x00000160       0x70 ./Library/retarget.o
 .debug_aranges
                0x000001d0       0x88 ./Library/uart.o
 .debug_aranges
                0x00000258       0xd0 ./CMSIS/GCC/_syscalls.o
 .debug_aranges
                0x00000328       0x20 ./CMSIS/GCC/startup_M480.o
 .debug_aranges
                0x00000348       0x28 ./CMSIS/system_M480.o

.debug_ranges   0x00000000      0x2f0
 .debug_ranges  0x00000000       0x48 ./User/main.o
 .debug_ranges  0x00000048       0xf8 ./Library/clk.o
 .debug_ranges  0x00000140       0x60 ./Library/retarget.o
 .debug_ranges  0x000001a0       0x78 ./Library/uart.o
 .debug_ranges  0x00000218       0xc0 ./CMSIS/GCC/_syscalls.o
 .debug_ranges  0x000002d8       0x18 ./CMSIS/system_M480.o

.debug_line     0x00000000     0x1892
 .debug_line    0x00000000      0x43b ./User/main.o
 .debug_line    0x0000043b      0x5a6 ./Library/clk.o
 .debug_line    0x000009e1      0x3a3 ./Library/retarget.o
 .debug_line    0x00000d84      0x40a ./Library/uart.o
 .debug_line    0x0000118e      0x3e2 ./CMSIS/GCC/_syscalls.o
 .debug_line    0x00001570       0x7f ./CMSIS/GCC/startup_M480.o
 .debug_line    0x000015ef      0x2a3 ./CMSIS/system_M480.o

.debug_str      0x00000000     0x1868
 .debug_str     0x00000000      0xd86 ./User/main.o
                                0xe67 (size before relaxing)
 .debug_str     0x00000d86      0x404 ./Library/clk.o
                                0xfd4 (size before relaxing)
 .debug_str     0x0000118a       0xa9 ./Library/retarget.o
                                0x98b (size before relaxing)
 .debug_str     0x00001233      0x1ec ./Library/uart.o
                                0xbfa (size before relaxing)
 .debug_str     0x0000141f      0x2aa ./CMSIS/GCC/_syscalls.o
                                0x8b5 (size before relaxing)
 .debug_str     0x000016c9      0x19f ./CMSIS/system_M480.o
                                0xc06 (size before relaxing)

.debug_frame    0x00000000     0x1ad0
 .debug_frame   0x00000000       0xac ./User/main.o
 .debug_frame   0x000000ac      0x2ac ./Library/clk.o
 .debug_frame   0x00000358       0xf4 ./Library/retarget.o
 .debug_frame   0x0000044c      0x160 ./Library/uart.o
 .debug_frame   0x000005ac      0x230 ./CMSIS/GCC/_syscalls.o
 .debug_frame   0x000007dc       0x38 ./CMSIS/system_M480.o
 .debug_frame   0x00000814       0x20 c:/program files (x86)/gnu tools arm embedded/6 2017-q1-update/bin/../lib/gcc/arm-none-eabi/6.3.1/../../../../arm-none-eabi/lib/thumb/v7e-m/fpv4-sp/hard\libg.a(lib_a-errno.o)
 .debug_frame   0x00000834       0x28 c:/program files (x86)/gnu tools arm embedded/6 2017-q1-update/bin/../lib/gcc/arm-none-eabi/6.3.1/../../../../arm-none-eabi/lib/thumb/v7e-m/fpv4-sp/hard\libg.a(lib_a-exit.o)
 .debug_frame   0x0000085c       0x2c c:/program files (x86)/gnu tools arm embedded/6 2017-q1-update/bin/../lib/gcc/arm-none-eabi/6.3.1/../../../../arm-none-eabi/lib/thumb/v7e-m/fpv4-sp/hard\libg.a(lib_a-init.o)
 .debug_frame   0x00000888       0x34 c:/program files (x86)/gnu tools arm embedded/6 2017-q1-update/bin/../lib/gcc/arm-none-eabi/6.3.1/../../../../arm-none-eabi/lib/thumb/v7e-m/fpv4-sp/hard\libg.a(lib_a-memset.o)
 .debug_frame   0x000008bc       0x74 c:/program files (x86)/gnu tools arm embedded/6 2017-q1-update/bin/../lib/gcc/arm-none-eabi/6.3.1/../../../../arm-none-eabi/lib/thumb/v7e-m/fpv4-sp/hard\libg.a(lib_a-printf.o)
 .debug_frame   0x00000930       0x4c c:/program files (x86)/gnu tools arm embedded/6 2017-q1-update/bin/../lib/gcc/arm-none-eabi/6.3.1/../../../../arm-none-eabi/lib/thumb/v7e-m/fpv4-sp/hard\libg.a(lib_a-puts.o)
 .debug_frame   0x0000097c       0x94 c:/program files (x86)/gnu tools arm embedded/6 2017-q1-update/bin/../lib/gcc/arm-none-eabi/6.3.1/../../../../arm-none-eabi/lib/thumb/v7e-m/fpv4-sp/hard\libg.a(lib_a-vfprintf.o)
 .debug_frame   0x00000a10       0x2c c:/program files (x86)/gnu tools arm embedded/6 2017-q1-update/bin/../lib/gcc/arm-none-eabi/6.3.1/../../../../arm-none-eabi/lib/thumb/v7e-m/fpv4-sp/hard\libg.a(lib_a-wsetup.o)
 .debug_frame   0x00000a3c       0x5c c:/program files (x86)/gnu tools arm embedded/6 2017-q1-update/bin/../lib/gcc/arm-none-eabi/6.3.1/../../../../arm-none-eabi/lib/thumb/v7e-m/fpv4-sp/hard\libg.a(lib_a-__call_atexit.o)
 .debug_frame   0x00000a98       0x20 c:/program files (x86)/gnu tools arm embedded/6 2017-q1-update/bin/../lib/gcc/arm-none-eabi/6.3.1/../../../../arm-none-eabi/lib/thumb/v7e-m/fpv4-sp/hard\libg.a(lib_a-atexit.o)
 .debug_frame   0x00000ab8       0x88 c:/program files (x86)/gnu tools arm embedded/6 2017-q1-update/bin/../lib/gcc/arm-none-eabi/6.3.1/../../../../arm-none-eabi/lib/thumb/v7e-m/fpv4-sp/hard\libg.a(lib_a-dtoa.o)
 .debug_frame   0x00000b40       0x5c c:/program files (x86)/gnu tools arm embedded/6 2017-q1-update/bin/../lib/gcc/arm-none-eabi/6.3.1/../../../../arm-none-eabi/lib/thumb/v7e-m/fpv4-sp/hard\libg.a(lib_a-fflush.o)
 .debug_frame   0x00000b9c      0x148 c:/program files (x86)/gnu tools arm embedded/6 2017-q1-update/bin/../lib/gcc/arm-none-eabi/6.3.1/../../../../arm-none-eabi/lib/thumb/v7e-m/fpv4-sp/hard\libg.a(lib_a-findfp.o)
 .debug_frame   0x00000ce4       0x34 c:/program files (x86)/gnu tools arm embedded/6 2017-q1-update/bin/../lib/gcc/arm-none-eabi/6.3.1/../../../../arm-none-eabi/lib/thumb/v7e-m/fpv4-sp/hard\libg.a(lib_a-fini.o)
 .debug_frame   0x00000d18       0x74 c:/program files (x86)/gnu tools arm embedded/6 2017-q1-update/bin/../lib/gcc/arm-none-eabi/6.3.1/../../../../arm-none-eabi/lib/thumb/v7e-m/fpv4-sp/hard\libg.a(lib_a-freer.o)
 .debug_frame   0x00000d8c       0x68 c:/program files (x86)/gnu tools arm embedded/6 2017-q1-update/bin/../lib/gcc/arm-none-eabi/6.3.1/../../../../arm-none-eabi/lib/thumb/v7e-m/fpv4-sp/hard\libg.a(lib_a-fvwrite.o)
 .debug_frame   0x00000df4       0x54 c:/program files (x86)/gnu tools arm embedded/6 2017-q1-update/bin/../lib/gcc/arm-none-eabi/6.3.1/../../../../arm-none-eabi/lib/thumb/v7e-m/fpv4-sp/hard\libg.a(lib_a-fwalk.o)
 .debug_frame   0x00000e48       0x40 c:/program files (x86)/gnu tools arm embedded/6 2017-q1-update/bin/../lib/gcc/arm-none-eabi/6.3.1/../../../../arm-none-eabi/lib/thumb/v7e-m/fpv4-sp/hard\libg.a(lib_a-localeconv.o)
 .debug_frame   0x00000e88       0xb0 c:/program files (x86)/gnu tools arm embedded/6 2017-q1-update/bin/../lib/gcc/arm-none-eabi/6.3.1/../../../../arm-none-eabi/lib/thumb/v7e-m/fpv4-sp/hard\libg.a(lib_a-lock.o)
 .debug_frame   0x00000f38       0x68 c:/program files (x86)/gnu tools arm embedded/6 2017-q1-update/bin/../lib/gcc/arm-none-eabi/6.3.1/../../../../arm-none-eabi/lib/thumb/v7e-m/fpv4-sp/hard\libg.a(lib_a-makebuf.o)
 .debug_frame   0x00000fa0       0x58 c:/program files (x86)/gnu tools arm embedded/6 2017-q1-update/bin/../lib/gcc/arm-none-eabi/6.3.1/../../../../arm-none-eabi/lib/thumb/v7e-m/fpv4-sp/hard\libg.a(lib_a-mallocr.o)
 .debug_frame   0x00000ff8       0x30 c:/program files (x86)/gnu tools arm embedded/6 2017-q1-update/bin/../lib/gcc/arm-none-eabi/6.3.1/../../../../arm-none-eabi/lib/thumb/v7e-m/fpv4-sp/hard\libg.a(lib_a-memmove.o)
 .debug_frame   0x00001028       0x30 c:/program files (x86)/gnu tools arm embedded/6 2017-q1-update/bin/../lib/gcc/arm-none-eabi/6.3.1/../../../../arm-none-eabi/lib/thumb/v7e-m/fpv4-sp/hard\libg.a(lib_a-mlock.o)
 .debug_frame   0x00001058      0x25c c:/program files (x86)/gnu tools arm embedded/6 2017-q1-update/bin/../lib/gcc/arm-none-eabi/6.3.1/../../../../arm-none-eabi/lib/thumb/v7e-m/fpv4-sp/hard\libg.a(lib_a-mprec.o)
 .debug_frame   0x000012b4       0x68 c:/program files (x86)/gnu tools arm embedded/6 2017-q1-update/bin/../lib/gcc/arm-none-eabi/6.3.1/../../../../arm-none-eabi/lib/thumb/v7e-m/fpv4-sp/hard\libg.a(lib_a-reallocr.o)
 .debug_frame   0x0000131c       0x2c c:/program files (x86)/gnu tools arm embedded/6 2017-q1-update/bin/../lib/gcc/arm-none-eabi/6.3.1/../../../../arm-none-eabi/lib/thumb/v7e-m/fpv4-sp/hard\libg.a(lib_a-sbrkr.o)
 .debug_frame   0x00001348       0x88 c:/program files (x86)/gnu tools arm embedded/6 2017-q1-update/bin/../lib/gcc/arm-none-eabi/6.3.1/../../../../arm-none-eabi/lib/thumb/v7e-m/fpv4-sp/hard\libg.a(lib_a-stdio.o)
 .debug_frame   0x000013d0       0xd8 c:/program files (x86)/gnu tools arm embedded/6 2017-q1-update/bin/../lib/gcc/arm-none-eabi/6.3.1/../../../../arm-none-eabi/lib/thumb/v7e-m/fpv4-sp/hard\libg.a(lib_a-vfiprintf.o)
 .debug_frame   0x000014a8       0x2c c:/program files (x86)/gnu tools arm embedded/6 2017-q1-update/bin/../lib/gcc/arm-none-eabi/6.3.1/../../../../arm-none-eabi/lib/thumb/v7e-m/fpv4-sp/hard\libg.a(lib_a-writer.o)
 .debug_frame   0x000014d4       0x34 c:/program files (x86)/gnu tools arm embedded/6 2017-q1-update/bin/../lib/gcc/arm-none-eabi/6.3.1/../../../../arm-none-eabi/lib/thumb/v7e-m/fpv4-sp/hard\libg.a(lib_a-__atexit.o)
 .debug_frame   0x00001508       0x28 c:/program files (x86)/gnu tools arm embedded/6 2017-q1-update/bin/../lib/gcc/arm-none-eabi/6.3.1/../../../../arm-none-eabi/lib/thumb/v7e-m/fpv4-sp/hard\libg.a(lib_a-callocr.o)
 .debug_frame   0x00001530       0x2c c:/program files (x86)/gnu tools arm embedded/6 2017-q1-update/bin/../lib/gcc/arm-none-eabi/6.3.1/../../../../arm-none-eabi/lib/thumb/v7e-m/fpv4-sp/hard\libg.a(lib_a-closer.o)
 .debug_frame   0x0000155c       0x3c c:/program files (x86)/gnu tools arm embedded/6 2017-q1-update/bin/../lib/gcc/arm-none-eabi/6.3.1/../../../../arm-none-eabi/lib/thumb/v7e-m/fpv4-sp/hard\libg.a(lib_a-fclose.o)
 .debug_frame   0x00001598       0x94 c:/program files (x86)/gnu tools arm embedded/6 2017-q1-update/bin/../lib/gcc/arm-none-eabi/6.3.1/../../../../arm-none-eabi/lib/thumb/v7e-m/fpv4-sp/hard\libg.a(lib_a-fputwc.o)
 .debug_frame   0x0000162c       0x2c c:/program files (x86)/gnu tools arm embedded/6 2017-q1-update/bin/../lib/gcc/arm-none-eabi/6.3.1/../../../../arm-none-eabi/lib/thumb/v7e-m/fpv4-sp/hard\libg.a(lib_a-fstatr.o)
 .debug_frame   0x00001658       0x2c c:/program files (x86)/gnu tools arm embedded/6 2017-q1-update/bin/../lib/gcc/arm-none-eabi/6.3.1/../../../../arm-none-eabi/lib/thumb/v7e-m/fpv4-sp/hard\libg.a(lib_a-isattyr.o)
 .debug_frame   0x00001684       0x6c c:/program files (x86)/gnu tools arm embedded/6 2017-q1-update/bin/../lib/gcc/arm-none-eabi/6.3.1/../../../../arm-none-eabi/lib/thumb/v7e-m/fpv4-sp/hard\libg.a(lib_a-locale.o)
 .debug_frame   0x000016f0       0x2c c:/program files (x86)/gnu tools arm embedded/6 2017-q1-update/bin/../lib/gcc/arm-none-eabi/6.3.1/../../../../arm-none-eabi/lib/thumb/v7e-m/fpv4-sp/hard\libg.a(lib_a-lseekr.o)
 .debug_frame   0x0000171c       0x4c c:/program files (x86)/gnu tools arm embedded/6 2017-q1-update/bin/../lib/gcc/arm-none-eabi/6.3.1/../../../../arm-none-eabi/lib/thumb/v7e-m/fpv4-sp/hard\libg.a(lib_a-mbtowc_r.o)
 .debug_frame   0x00001768       0x2c c:/program files (x86)/gnu tools arm embedded/6 2017-q1-update/bin/../lib/gcc/arm-none-eabi/6.3.1/../../../../arm-none-eabi/lib/thumb/v7e-m/fpv4-sp/hard\libg.a(lib_a-readr.o)
 .debug_frame   0x00001794       0x40 c:/program files (x86)/gnu tools arm embedded/6 2017-q1-update/bin/../lib/gcc/arm-none-eabi/6.3.1/../../../../arm-none-eabi/lib/thumb/v7e-m/fpv4-sp/hard\libg.a(lib_a-wbuf.o)
 .debug_frame   0x000017d4       0x5c c:/program files (x86)/gnu tools arm embedded/6 2017-q1-update/bin/../lib/gcc/arm-none-eabi/6.3.1/../../../../arm-none-eabi/lib/thumb/v7e-m/fpv4-sp/hard\libg.a(lib_a-wcrtomb.o)
 .debug_frame   0x00001830       0x3c c:/program files (x86)/gnu tools arm embedded/6 2017-q1-update/bin/../lib/gcc/arm-none-eabi/6.3.1/../../../../arm-none-eabi/lib/thumb/v7e-m/fpv4-sp/hard\libg.a(lib_a-wctomb_r.o)
 .debug_frame   0x0000186c       0xac c:/program files (x86)/gnu tools arm embedded/6 2017-q1-update/bin/../lib/gcc/arm-none-eabi/6.3.1/thumb/v7e-m/fpv4-sp/hard\libgcc.a(_arm_addsubdf3.o)
 .debug_frame   0x00001918       0x50 c:/program files (x86)/gnu tools arm embedded/6 2017-q1-update/bin/../lib/gcc/arm-none-eabi/6.3.1/thumb/v7e-m/fpv4-sp/hard\libgcc.a(_arm_muldivdf3.o)
 .debug_frame   0x00001968       0xc4 c:/program files (x86)/gnu tools arm embedded/6 2017-q1-update/bin/../lib/gcc/arm-none-eabi/6.3.1/thumb/v7e-m/fpv4-sp/hard\libgcc.a(_arm_cmpdf2.o)
 .debug_frame   0x00001a2c       0x20 c:/program files (x86)/gnu tools arm embedded/6 2017-q1-update/bin/../lib/gcc/arm-none-eabi/6.3.1/thumb/v7e-m/fpv4-sp/hard\libgcc.a(_arm_unorddf2.o)
 .debug_frame   0x00001a4c       0x24 c:/program files (x86)/gnu tools arm embedded/6 2017-q1-update/bin/../lib/gcc/arm-none-eabi/6.3.1/thumb/v7e-m/fpv4-sp/hard\libgcc.a(_arm_fixdfsi.o)
 .debug_frame   0x00001a70       0x2c c:/program files (x86)/gnu tools arm embedded/6 2017-q1-update/bin/../lib/gcc/arm-none-eabi/6.3.1/thumb/v7e-m/fpv4-sp/hard\libgcc.a(_aeabi_uldivmod.o)
 .debug_frame   0x00001a9c       0x34 c:/program files (x86)/gnu tools arm embedded/6 2017-q1-update/bin/../lib/gcc/arm-none-eabi/6.3.1/thumb/v7e-m/fpv4-sp/hard\libgcc.a(_udivmoddi4.o)
