Archive member included to satisfy reference by file (symbol)

c:/program files (x86)/gnu tools arm embedded/6 2017-q1-update/bin/../lib/gcc/arm-none-eabi/6.3.1/../../../../arm-none-eabi/lib/thumb/v7e-m/fpv4-sp/hard\libg.a(lib_a-errno.o)
                              ./CMSIS/GCC/_syscalls.o (__errno)
c:/program files (x86)/gnu tools arm embedded/6 2017-q1-update/bin/../lib/gcc/arm-none-eabi/6.3.1/../../../../arm-none-eabi/lib/thumb/v7e-m/fpv4-sp/hard\libg.a(lib_a-exit.o)
                              c:/program files (x86)/gnu tools arm embedded/6 2017-q1-update/bin/../lib/gcc/arm-none-eabi/6.3.1/../../../../arm-none-eabi/lib/thumb/v7e-m/fpv4-sp/hard/crt0.o (exit)
c:/program files (x86)/gnu tools arm embedded/6 2017-q1-update/bin/../lib/gcc/arm-none-eabi/6.3.1/../../../../arm-none-eabi/lib/thumb/v7e-m/fpv4-sp/hard\libg.a(lib_a-impure.o)
                              c:/program files (x86)/gnu tools arm embedded/6 2017-q1-update/bin/../lib/gcc/arm-none-eabi/6.3.1/../../../../arm-none-eabi/lib/thumb/v7e-m/fpv4-sp/hard\libg.a(lib_a-exit.o) (_global_impure_ptr)
c:/program files (x86)/gnu tools arm embedded/6 2017-q1-update/bin/../lib/gcc/arm-none-eabi/6.3.1/../../../../arm-none-eabi/lib/thumb/v7e-m/fpv4-sp/hard\libg.a(lib_a-init.o)
                              c:/program files (x86)/gnu tools arm embedded/6 2017-q1-update/bin/../lib/gcc/arm-none-eabi/6.3.1/../../../../arm-none-eabi/lib/thumb/v7e-m/fpv4-sp/hard/crt0.o (__libc_init_array)
c:/program files (x86)/gnu tools arm embedded/6 2017-q1-update/bin/../lib/gcc/arm-none-eabi/6.3.1/../../../../arm-none-eabi/lib/thumb/v7e-m/fpv4-sp/hard\libg.a(lib_a-memcpy.o)
                              ./FreeRTOS/queue.o (memcpy)
c:/program files (x86)/gnu tools arm embedded/6 2017-q1-update/bin/../lib/gcc/arm-none-eabi/6.3.1/../../../../arm-none-eabi/lib/thumb/v7e-m/fpv4-sp/hard\libg.a(lib_a-memset.o)
                              c:/program files (x86)/gnu tools arm embedded/6 2017-q1-update/bin/../lib/gcc/arm-none-eabi/6.3.1/../../../../arm-none-eabi/lib/thumb/v7e-m/fpv4-sp/hard/crt0.o (memset)
c:/program files (x86)/gnu tools arm embedded/6 2017-q1-update/bin/../lib/gcc/arm-none-eabi/6.3.1/../../../../arm-none-eabi/lib/thumb/v7e-m/fpv4-sp/hard\libg.a(lib_a-printf.o)
                              ./Library/retarget.o (printf)
c:/program files (x86)/gnu tools arm embedded/6 2017-q1-update/bin/../lib/gcc/arm-none-eabi/6.3.1/../../../../arm-none-eabi/lib/thumb/v7e-m/fpv4-sp/hard\libg.a(lib_a-puts.o)
                              ./User/main.o (puts)
c:/program files (x86)/gnu tools arm embedded/6 2017-q1-update/bin/../lib/gcc/arm-none-eabi/6.3.1/../../../../arm-none-eabi/lib/thumb/v7e-m/fpv4-sp/hard\libg.a(lib_a-strlen.o)
                              c:/program files (x86)/gnu tools arm embedded/6 2017-q1-update/bin/../lib/gcc/arm-none-eabi/6.3.1/../../../../arm-none-eabi/lib/thumb/v7e-m/fpv4-sp/hard\libg.a(lib_a-puts.o) (strlen)
c:/program files (x86)/gnu tools arm embedded/6 2017-q1-update/bin/../lib/gcc/arm-none-eabi/6.3.1/../../../../arm-none-eabi/lib/thumb/v7e-m/fpv4-sp/hard\libg.a(lib_a-vfprintf.o)
                              c:/program files (x86)/gnu tools arm embedded/6 2017-q1-update/bin/../lib/gcc/arm-none-eabi/6.3.1/../../../../arm-none-eabi/lib/thumb/v7e-m/fpv4-sp/hard\libg.a(lib_a-printf.o) (_vfprintf_r)
c:/program files (x86)/gnu tools arm embedded/6 2017-q1-update/bin/../lib/gcc/arm-none-eabi/6.3.1/../../../../arm-none-eabi/lib/thumb/v7e-m/fpv4-sp/hard\libg.a(lib_a-wsetup.o)
                              c:/program files (x86)/gnu tools arm embedded/6 2017-q1-update/bin/../lib/gcc/arm-none-eabi/6.3.1/../../../../arm-none-eabi/lib/thumb/v7e-m/fpv4-sp/hard\libg.a(lib_a-vfprintf.o) (__swsetup_r)
c:/program files (x86)/gnu tools arm embedded/6 2017-q1-update/bin/../lib/gcc/arm-none-eabi/6.3.1/../../../../arm-none-eabi/lib/thumb/v7e-m/fpv4-sp/hard\libg.a(lib_a-__call_atexit.o)
                              c:/program files (x86)/gnu tools arm embedded/6 2017-q1-update/bin/../lib/gcc/arm-none-eabi/6.3.1/../../../../arm-none-eabi/lib/thumb/v7e-m/fpv4-sp/hard\libg.a(lib_a-exit.o) (__call_exitprocs)
c:/program files (x86)/gnu tools arm embedded/6 2017-q1-update/bin/../lib/gcc/arm-none-eabi/6.3.1/../../../../arm-none-eabi/lib/thumb/v7e-m/fpv4-sp/hard\libg.a(lib_a-atexit.o)
                              c:/program files (x86)/gnu tools arm embedded/6 2017-q1-update/bin/../lib/gcc/arm-none-eabi/6.3.1/../../../../arm-none-eabi/lib/thumb/v7e-m/fpv4-sp/hard\libg.a(lib_a-__call_atexit.o) (atexit)
c:/program files (x86)/gnu tools arm embedded/6 2017-q1-update/bin/../lib/gcc/arm-none-eabi/6.3.1/../../../../arm-none-eabi/lib/thumb/v7e-m/fpv4-sp/hard\libg.a(lib_a-dtoa.o)
                              c:/program files (x86)/gnu tools arm embedded/6 2017-q1-update/bin/../lib/gcc/arm-none-eabi/6.3.1/../../../../arm-none-eabi/lib/thumb/v7e-m/fpv4-sp/hard\libg.a(lib_a-vfprintf.o) (_dtoa_r)
[...]
Memory Configuration

Name             Origin             Length             Attributes
FLASH            0x00000000         0x00040000         xr
RAM              0x20000000         0x00020000         xrw
*default*        0x00000000         0xffffffff

Linker script and memory map

LOAD c:/program files (x86)/gnu tools arm embedded/6 2017-q1-update/bin/../lib/gcc/arm-none-eabi/6.3.1/thumb/v7e-m/fpv4-sp/hard/crti.o
LOAD c:/program files (x86)/gnu tools arm embedded/6 2017-q1-update/bin/../lib/gcc/arm-none-eabi/6.3.1/thumb/v7e-m/fpv4-sp/hard/crtbegin.o
LOAD c:/program files (x86)/gnu tools arm embedded/6 2017-q1-update/bin/../lib/gcc/arm-none-eabi/6.3.1/../../../../arm-none-eabi/lib/thumb/v7e-m/fpv4-sp/hard/crt0.o
LOAD ./User/ParTest.o
LOAD ./User/main.o
LOAD ./Library/clk.o
LOAD ./Library/retarget.o
LOAD ./Library/sys.o
LOAD ./Library/uart.o
LOAD ./FreeRTOS/Source/portable/MemMang/heap_2.o
LOAD ./FreeRTOS/Source/portable/GCC/ARM_CM4F/port.o
LOAD ./FreeRTOS/Demo/Common/Minimal/PollQ.o
LOAD ./FreeRTOS/Demo/Common/Minimal/QueueSet.o
LOAD ./FreeRTOS/Demo/Common/Minimal/flash.o
LOAD ./FreeRTOS/croutine.o
LOAD ./FreeRTOS/event_groups.o
LOAD ./FreeRTOS/list.o
LOAD ./FreeRTOS/queue.o
LOAD ./FreeRTOS/stream_buffer.o
LOAD ./FreeRTOS/tasks.o
LOAD ./FreeRTOS/timers.o
LOAD ./CMSIS/GCC/_syscalls.o
LOAD ./CMSIS/GCC/startup_M480.o
LOAD ./CMSIS/system_M480.o
LOAD c:/program files (x86)/gnu tools arm embedded/6 2017-q1-update/bin/../lib/gcc/arm-none-eabi/6.3.1/../../../../arm-none-eabi/lib/thumb/v7e-m/fpv4-sp/hard\libstdc++.a
LOAD c:/program files (x86)/gnu tools arm embedded/6 2017-q1-update/bin/../lib/gcc/arm-none-eabi/6.3.1/../../../../arm-none-eabi/lib/thumb/v7e-m/fpv4-sp/hard\libm.a
START GROUP
LOAD c:/program files (x86)/gnu tools arm embedded/6 2017-q1-update/bin/../lib/gcc/arm-none-eabi/6.3.1/thumb/v7e-m/fpv4-sp/hard\libgcc.a
LOAD c:/program files (x86)/gnu tools arm embedded/6 2017-q1-update/bin/../lib/gcc/arm-none-eabi/6.3.1/../../../../arm-none-eabi/lib/thumb/v7e-m/fpv4-sp/hard\libg.a
LOAD c:/program files (x86)/gnu tools arm embedded/6 2017-q1-update/bin/../lib/gcc/arm-none-eabi/6.3.1/../../../../arm-none-eabi/lib/thumb/v7e-m/fpv4-sp/hard\libc.a
END GROUP
LOAD c:/program files (x86)/gnu tools arm embedded/6 2017-q1-update/bin/../lib/gcc/arm-none-eabi/6.3.1/thumb/v7e-m/fpv4-sp/hard/crtend.o
LOAD c:/program files (x86)/gnu tools arm embedded/6 2017-q1-update/bin/../lib/gcc/arm-none-eabi/6.3.1/thumb/v7e-m/fpv4-sp/hard/crtn.o
START GROUP
LOAD c:/program files (x86)/gnu tools arm embedded/6 2017-q1-update/bin/../lib/gcc/arm-none-eabi/6.3.1/thumb/v7e-m/fpv4-sp/hard\libgcc.a
LOAD c:/program files (x86)/gnu tools arm embedded/6 2017-q1-update/bin/../lib/gcc/arm-none-eabi/6.3.1/../../../../arm-none-eabi/lib/thumb/v7e-m/fpv4-sp/hard\libc.a
LOAD c:/program files (x86)/gnu tools arm embedded/6 2017-q1-update/bin/../lib/gcc/arm-none-eabi/6.3.1/../../../../arm-none-eabi/lib/thumb/v7e-m/fpv4-sp/hard\libm.a
LOAD c:/program files (x86)/gnu tools arm embedded/6 2017-q1-update/bin/../lib/gcc/arm-none-eabi/6.3.1/../../../../arm-none-eabi/lib/thumb/v7e-m/fpv4-sp/hard\libnosys.a
END GROUP

.text           0x00000000     0x85d0
 *(.vectors)
 .vectors       0x00000000      0x1f4 ./CMSIS/GCC/startup_M480.o
                0x00000000                __Vectors
                0x000001f4                __Vectors_End = .
                0x000001f4                __Vectors_Size = (__Vectors_End - __Vectors)
                0x000001f4                __end__ = .
 *(.text*)
 .text          0x000001f4       0x6c c:/program files (x86)/gnu tools arm embedded/6 2017-q1-update/bin/../lib/gcc/arm-none-eabi/6.3.1/thumb/v7e-m/fpv4-sp/hard/crtbegin.o
 .text          0x00000260       0x74 c:/program files (x86)/gnu tools arm embedded/6 2017-q1-update/bin/../lib/gcc/arm-none-eabi/6.3.1/../../../../arm-none-eabi/lib/thumb/v7e-m/fpv4-sp/hard/crt0.o
                0x00000260                _start
                0x00000260                _mainCRTStartup
 .text.vParTestToggleLED
                0x000002d4       0x1c ./User/ParTest.o
                0x000002d4                vParTestToggleLED
 .text.vCheckTask
                0x000002f0       0x34 ./User/main.o
 .text.prvSetupHardware
                0x00000324       0xbc ./User/main.o
 .text.main     0x000003e0       0x40 ./User/main.o
                0x000003e0                main
 .text.vApplicationMallocFailedHook
                0x00000420       0x12 ./User/main.o
                0x00000420                vApplicationMallocFailedHook
 .text.vApplicationIdleHook
                0x00000432        0x2 ./User/main.o
                0x00000432                vApplicationIdleHook
 .text.vApplicationTickHook
                0x00000434        0x8 ./User/main.o
                0x00000434                vApplicationTickHook
 .text._exit    0x0000043c        0x2 ./User/main.o
                0x0000043c                _exit
 .text._sbrk    0x0000043e        0x2 ./User/main.o
                0x0000043e                _sbrk
 .text.CLK_SetModuleClock
                0x00000440       0xb4 ./Library/clk.o
                0x00000440                CLK_SetModuleClock
 .text.CLK_EnableXtalRC
                0x000004f4       0x10 ./Library/clk.o
                0x000004f4                CLK_EnableXtalRC
 .text.CLK_EnableModuleClock
                0x00000504       0x1c ./Library/clk.o
                0x00000504                CLK_EnableModuleClock
 .text.CLK_DisablePLL
                0x00000520       0x10 ./Library/clk.o
                0x00000520                CLK_DisablePLL
 .text.CLK_WaitClockReady
                0x00000530       0x28 ./Library/clk.o
                0x00000530                CLK_WaitClockReady
 .text.CLK_SetHCLK
                0x00000558       0x4c ./Library/clk.o
                0x00000558                CLK_SetHCLK
 .text.CLK_GetPLLClockFreq
                0x000005a4       0x5c ./Library/clk.o
                0x000005a4                CLK_GetPLLClockFreq
 .text.CLK_EnablePLL
                0x00000600      0x15c ./Library/clk.o
                0x00000600                CLK_EnablePLL
 .text.CLK_SetCoreClock
                0x0000075c       0x7c ./Library/clk.o
                0x0000075c                CLK_SetCoreClock
 .text.stackDump
                0x000007d8       0x68 ./Library/retarget.o
 .text.Hard_Fault_Handler
                0x00000840       0x18 ./Library/retarget.o
                0x00000840                Hard_Fault_Handler
 .text.HardFault_Handler
                0x00000858       0x24 ./Library/retarget.o
                0x00000858                HardFault_Handler
 .text._write   0x0000087c       0x44 ./Library/retarget.o
                0x0000087c                _write
 .text._read    0x000008c0       0x18 ./Library/retarget.o
                0x000008c0                _read
 .text.UART_Open
                0x000008d8      0x11c ./Library/uart.o
                0x000008d8                UART_Open
 .text.prvHeapInit
                0x000009f4       0x2c ./FreeRTOS/Source/portable/MemMang/heap_2.o
 .text.pvPortMalloc
                0x00000a20       0xac ./FreeRTOS/Source/portable/MemMang/heap_2.o
                0x00000a20                pvPortMalloc
 .text.vPortFree
                0x00000acc       0x44 ./FreeRTOS/Source/portable/MemMang/heap_2.o
                0x00000acc                vPortFree
 .text.prvTaskExitError
                0x00000b10       0x40 ./FreeRTOS/Source/portable/GCC/ARM_CM4F/port.o
 .text.prvPortStartFirstTask
                0x00000b50       0x28 ./FreeRTOS/Source/portable/GCC/ARM_CM4F/port.o
 .text.vPortEnableVFP
                0x00000b78       0x14 ./FreeRTOS/Source/portable/GCC/ARM_CM4F/port.o
 .text.pxPortInitialiseStack
                0x00000b8c       0x2c ./FreeRTOS/Source/portable/GCC/ARM_CM4F/port.o
                0x00000b8c                pxPortInitialiseStack
 *fill*         0x00000bb8        0x8 
 .text.SVC_Handler
                0x00000bc0       0x24 ./FreeRTOS/Source/portable/GCC/ARM_CM4F/port.o
                0x00000bc0                SVC_Handler
 .text.vPortEnterCritical
                0x00000be4       0x44 ./FreeRTOS/Source/portable/GCC/ARM_CM4F/port.o
                0x00000be4                vPortEnterCritical
 .text.vPortExitCritical
                0x00000c28       0x2c ./FreeRTOS/Source/portable/GCC/ARM_CM4F/port.o
                0x00000c28                vPortExitCritical
 *fill*         0x00000c54        0xc 
 .text.PendSV_Handler
                0x00000c60       0x64 ./FreeRTOS/Source/portable/GCC/ARM_CM4F/port.o
                0x00000c60                PendSV_Handler
 .text.SysTick_Handler
                0x00000cc4       0x2c ./FreeRTOS/Source/portable/GCC/ARM_CM4F/port.o
                0x00000cc4                SysTick_Handler
 .text.vPortSetupTimerInterrupt
                0x00000cf0       0x38 ./FreeRTOS/Source/portable/GCC/ARM_CM4F/port.o
                0x00000cf0                vPortSetupTimerInterrupt
 .text.xPortStartScheduler
                0x00000d28      0x110 ./FreeRTOS/Source/portable/GCC/ARM_CM4F/port.o
                0x00000d28                xPortStartScheduler
 .text.vPortValidateInterruptPriority
                0x00000e38       0x5c ./FreeRTOS/Source/portable/GCC/ARM_CM4F/port.o
                0x00000e38                vPortValidateInterruptPriority
 .text.vPolledQueueProducer
                0x00000e94       0x58 ./FreeRTOS/Demo/Common/Minimal/PollQ.o
 .text.vPolledQueueConsumer
                0x00000eec       0x5c ./FreeRTOS/Demo/Common/Minimal/PollQ.o
 .text.vStartPolledQueueTasks
                0x00000f48       0x5c ./FreeRTOS/Demo/Common/Minimal/PollQ.o
                0x00000f48                vStartPolledQueueTasks
 .text.xArePollingQueuesStillRunning
                0x00000fa4       0x2c ./FreeRTOS/Demo/Common/Minimal/PollQ.o
                0x00000fa4                xArePollingQueuesStillRunning
 .text.prvCheckReceivedValueWithinExpectedRange
                0x00000fd0       0x38 ./FreeRTOS/Demo/Common/Minimal/QueueSet.o
 .text.prvCheckReceivedValue
                0x00001008       0xb8 ./FreeRTOS/Demo/Common/Minimal/QueueSet.o
 .text.prvReceiveFromQueueInSetFromISR
                0x000010c0       0x34 ./FreeRTOS/Demo/Common/Minimal/QueueSet.o
 .text.prvSendToQueueInSetFromISR
                0x000010f4       0x5c ./FreeRTOS/Demo/Common/Minimal/QueueSet.o
 .text.vQueueSetAccessQueueSetFromISR
                0x00001150       0x30 ./FreeRTOS/Demo/Common/Minimal/QueueSet.o
                0x00001150                vQueueSetAccessQueueSetFromISR
 .text.vLEDFlashTask
                0x00001180       0x48 ./FreeRTOS/Demo/Common/Minimal/flash.o
 .text.vStartLEDFlashTasks
                0x000011c8       0x2c ./FreeRTOS/Demo/Common/Minimal/flash.o
                0x000011c8                vStartLEDFlashTasks
 .text.vListInitialise
                0x000011f4       0x16 ./FreeRTOS/list.o
                0x000011f4                vListInitialise
 .text.vListInitialiseItem
                0x0000120a        0x6 ./FreeRTOS/list.o
                0x0000120a                vListInitialiseItem
 .text.vListInsertEnd
                0x00001210       0x18 ./FreeRTOS/list.o
                0x00001210                vListInsertEnd
 .text.vListInsert
                0x00001228       0x34 ./FreeRTOS/list.o
                0x00001228                vListInsert
 .text.uxListRemove
                0x0000125c       0x28 ./FreeRTOS/list.o
                0x0000125c                uxListRemove
 .text.prvIsQueueFull
                0x00001284       0x1e ./FreeRTOS/queue.o
 .text.prvIsQueueEmpty
                0x000012a2       0x1a ./FreeRTOS/queue.o
 .text.prvCopyDataToQueue
                0x000012bc       0x76 ./FreeRTOS/queue.o
 .text.prvNotifyQueueSetContainer
                0x00001332       0x7c ./FreeRTOS/queue.o
 .text.prvCopyDataFromQueue
                0x000013ae       0x24 ./FreeRTOS/queue.o
 .text.prvUnlockQueue
                0x000013d2       0x84 ./FreeRTOS/queue.o
 *fill*         0x00001456        0x2 
 .text.xQueueGenericReset
                0x00001458       0x80 ./FreeRTOS/queue.o
                0x00001458                xQueueGenericReset
 .text.prvInitialiseNewQueue
                0x000014d8       0x26 ./FreeRTOS/queue.o
 .text.xQueueGenericCreate
                0x000014fe       0x48 ./FreeRTOS/queue.o
                0x000014fe                xQueueGenericCreate
 *fill*         0x00001546        0x2 
 .text.xQueueGenericSend
                0x00001548      0x1ac ./FreeRTOS/queue.o
                0x00001548                xQueueGenericSend
 .text.xQueueGenericSendFromISR
                0x000016f4      0x102 ./FreeRTOS/queue.o
                0x000016f4                xQueueGenericSendFromISR
 *fill*         0x000017f6        0x2 
 .text.xQueueReceive
                0x000017f8      0x15c ./FreeRTOS/queue.o
                0x000017f8                xQueueReceive
 .text.xQueueReceiveFromISR
                0x00001954       0xb6 ./FreeRTOS/queue.o
                0x00001954                xQueueReceiveFromISR
 .text.uxQueueMessagesWaiting
                0x00001a0a       0x26 ./FreeRTOS/queue.o
                0x00001a0a                uxQueueMessagesWaiting
 .text.vQueueAddToRegistry
                0x00001a30       0x28 ./FreeRTOS/queue.o
                0x00001a30                vQueueAddToRegistry
 .text.vQueueWaitForMessageRestricted
                0x00001a58       0x52 ./FreeRTOS/queue.o
                0x00001a58                vQueueWaitForMessageRestricted
 .text.xQueueSelectFromSetFromISR
                0x00001aaa       0x18 ./FreeRTOS/queue.o
                0x00001aaa                xQueueSelectFromSetFromISR
 *fill*         0x00001ac2        0x2 
 .text.prvResetNextTaskUnblockTime
                0x00001ac4       0x34 ./FreeRTOS/tasks.o
 .text.prvDeleteTCB
                0x00001af8       0x12 ./FreeRTOS/tasks.o
 .text.prvInitialiseNewTask
                0x00001b0a       0x90 ./FreeRTOS/tasks.o
 *fill*         0x00001b9a        0x2 
 .text.prvInitialiseTaskLists
                0x00001b9c       0x68 ./FreeRTOS/tasks.o
 .text.prvAddNewTaskToReadyList
                0x00001c04       0xac ./FreeRTOS/tasks.o
 .text.prvCheckTasksWaitingTermination
                0x00001cb0       0x4c ./FreeRTOS/tasks.o
 .text.prvAddCurrentTaskToDelayedList
                0x00001cfc       0x98 ./FreeRTOS/tasks.o
 .text.prvIdleTask
                0x00001d94       0x30 ./FreeRTOS/tasks.o
 .text.xTaskCreate
                0x00001dc4       0x62 ./FreeRTOS/tasks.o
                0x00001dc4                xTaskCreate
 *fill*         0x00001e26        0x2 
 .text.vTaskStartScheduler
                0x00001e28       0x84 ./FreeRTOS/tasks.o
                0x00001e28                vTaskStartScheduler
 .text.vTaskSuspendAll
                0x00001eac       0x10 ./FreeRTOS/tasks.o
                0x00001eac                vTaskSuspendAll
 .text.xTaskGetTickCount
                0x00001ebc        0xc ./FreeRTOS/tasks.o
                0x00001ebc                xTaskGetTickCount
 .text.xTaskIncrementTick
                0x00001ec8      0x12c ./FreeRTOS/tasks.o
                0x00001ec8                xTaskIncrementTick
 .text.xTaskResumeAll
                0x00001ff4       0xfc ./FreeRTOS/tasks.o
                0x00001ff4                xTaskResumeAll
 .text.vTaskDelayUntil
                0x000020f0       0xac ./FreeRTOS/tasks.o
                0x000020f0                vTaskDelayUntil
 .text.vTaskDelay
                0x0000219c       0x50 ./FreeRTOS/tasks.o
                0x0000219c                vTaskDelay
 .text.vTaskSwitchContext
                0x000021ec       0x9c ./FreeRTOS/tasks.o
                0x000021ec                vTaskSwitchContext
 .text.vTaskPlaceOnEventList
                0x00002288       0x30 ./FreeRTOS/tasks.o
                0x00002288                vTaskPlaceOnEventList
 .text.vTaskPlaceOnEventListRestricted
                0x000022b8       0x38 ./FreeRTOS/tasks.o
                0x000022b8                vTaskPlaceOnEventListRestricted
 .text.xTaskRemoveFromEventList
                0x000022f0       0x8c ./FreeRTOS/tasks.o
                0x000022f0                xTaskRemoveFromEventList
 .text.vTaskInternalSetTimeOutState
                0x0000237c       0x18 ./FreeRTOS/tasks.o
                0x0000237c                vTaskInternalSetTimeOutState
 .text.xTaskCheckForTimeOut
                0x00002394       0x80 ./FreeRTOS/tasks.o
                0x00002394                xTaskCheckForTimeOut
 .text.vTaskMissedYield
                0x00002414        0xc ./FreeRTOS/tasks.o
                0x00002414                vTaskMissedYield
 .text.xTaskGetSchedulerState
                0x00002420       0x20 ./FreeRTOS/tasks.o
                0x00002420                xTaskGetSchedulerState
 .text.xTaskPriorityDisinherit
                0x00002440       0xb4 ./FreeRTOS/tasks.o
                0x00002440                xTaskPriorityDisinherit
 .text.prvGetNextExpireTime
                0x000024f4       0x20 ./FreeRTOS/timers.o
 .text.prvInsertTimerInActiveList
                0x00002514       0x48 ./FreeRTOS/timers.o
 .text.prvCheckForValidListAndQueue
                0x0000255c       0x5c ./FreeRTOS/timers.o
 .text.xTimerCreateTimerTask
                0x000025b8       0x50 ./FreeRTOS/timers.o
                0x000025b8                xTimerCreateTimerTask
 .text.xTimerGenericCommand
                0x00002608       0x6c ./FreeRTOS/timers.o
                0x00002608                xTimerGenericCommand
 .text.prvSwitchTimerLists
                0x00002674       0x78 ./FreeRTOS/timers.o
 .text.prvSampleTimeNow
                0x000026ec       0x2c ./FreeRTOS/timers.o
 .text.prvProcessExpiredTimer
                0x00002718       0x60 ./FreeRTOS/timers.o
 .text.prvProcessTimerOrBlockTask
                0x00002778       0x74 ./FreeRTOS/timers.o
 .text.prvProcessReceivedCommands
                0x000027ec       0xe0 ./FreeRTOS/timers.o
 .text.prvTimerTask
                0x000028cc       0x16 ./FreeRTOS/timers.o
 .text._close   0x000028e2       0x10 ./CMSIS/GCC/_syscalls.o
                0x000028e2                _close
 .text._fstat   0x000028f2       0x10 ./CMSIS/GCC/_syscalls.o
                0x000028f2                _fstat
 .text._isatty  0x00002902        0xe ./CMSIS/GCC/_syscalls.o
                0x00002902                _isatty
 .text._lseek   0x00002910       0x10 ./CMSIS/GCC/_syscalls.o
                0x00002910                _lseek
 .text          0x00002920       0x68 ./CMSIS/GCC/startup_M480.o
                0x00002920                Reset_Handler
                0x00002984                BRAKE0_IRQHandler
                0x00002984                SC2_IRQHandler
                0x00002984                DebugMon_Handler
                0x00002984                EPWM1P2_IRQHandler
                0x00002984                ACMP01_IRQHandler
                0x00002984                I2C0_IRQHandler
                0x00002984                EMAC_RX_IRQHandler
                0x00002984                SC0_IRQHandler
                0x00002984                USCI0_IRQHandler
                0x00002984                EADC13_IRQHandler
                0x00002984                NMI_Handler
                0x00002984                I2C1_IRQHandler
                0x00002984                EINT2_IRQHandler
                0x00002984                UART1_IRQHandler
                0x00002984                CAN1_IRQHandler
                0x00002984                EINT3_IRQHandler
                0x00002984                EADC01_IRQHandler
                0x00002984                I2S0_IRQHandler
                0x00002984                EINT6_IRQHandler
                0x00002984                EPWM1P1_IRQHandler
                0x00002984                UART0_IRQHandler
                0x00002984                BRAKE1_IRQHandler
                0x00002984                GPE_IRQHandler
                0x00002984                EPWM1P0_IRQHandler
                0x00002984                EADC03_IRQHandler
                0x00002984                SDH1_IRQHandler
                0x00002984                USBD_IRQHandler
                0x00002984                EADC12_IRQHandler
                0x00002984                UsageFault_Handler
                0x00002984                EADC10_IRQHandler
                0x00002984                GPB_IRQHandler
                0x00002984                SPI1_IRQHandler
                0x00002984                TAMPER_IRQHandler
                0x00002984                TMR0_IRQHandler
                0x00002984                USCI1_IRQHandler
                0x00002984                SDH0_IRQHandler
                0x00002984                QSPI0_IRQHandler
                0x00002984                EPWM0P1_IRQHandler
                0x00002984                GPA_IRQHandler
                0x00002984                IRC_IRQHandler
                0x00002984                I2C2_IRQHandler
                0x00002984                EINT7_IRQHandler
                0x00002984                EADC02_IRQHandler
                0x00002984                RTC_IRQHandler
                0x00002984                PWRWU_IRQHandler
                0x00002984                EPWM0P2_IRQHandler
                0x00002984                UART5_IRQHandler
                0x00002984                BPWM1_IRQHandler
                0x00002984                EINT1_IRQHandler
                0x00002984                EADC11_IRQHandler
                0x00002984                UART2_IRQHandler
                0x00002984                EHCI_IRQHandler
                0x00002984                GPH_IRQHandler
                0x00002984                UART4_IRQHandler
                0x00002984                GPC_IRQHandler
                0x00002984                OHCI_IRQHandler
                0x00002984                Default_Handler
                0x00002984                QSPI1_IRQHandler
                0x00002984                CKFAIL_IRQHandler
                0x00002984                USBOTG20_IRQHandler
                0x00002984                QEI1_IRQHandler
                0x00002984                TMR2_IRQHandler
                0x00002984                SPIM_IRQHandler
                0x00002984                ECAP0_IRQHandler
                0x00002984                QEI0_IRQHandler
                0x00002984                BPWM0_IRQHandler
                0x00002984                BOD_IRQHandler
                0x00002984                SPI2_IRQHandler
                0x00002984                MemManage_Handler
                0x00002984                WDT_IRQHandler
                0x00002984                USBOTG_IRQHandler
                0x00002984                OPA0_IRQHandler
                0x00002984                EINT4_IRQHandler
                0x00002984                USBD20_IRQHandler
                0x00002984                PDMA_IRQHandler
                0x00002984                SC1_IRQHandler
                0x00002984                RAMPE_IRQHandler
                0x00002984                EPWM0P0_IRQHandler
                0x00002984                EINT0_IRQHandler
                0x00002984                EINT5_IRQHandler
                0x00002984                CRYPTO_IRQHandler
                0x00002984                GPG_IRQHandler
                0x00002984                CAN0_IRQHandler
                0x00002984                TMR3_IRQHandler
                0x00002984                DAC_IRQHandler
                0x00002984                EMAC_TX_IRQHandler
                0x00002984                SPI0_IRQHandler
                0x00002984                GPD_IRQHandler
                0x00002984                UART7_IRQHandler
                0x00002984                UART6_IRQHandler
                0x00002984                CCAP_IRQHandler
                0x00002984                ECAP1_IRQHandler
                0x00002984                CAN2_IRQHandler
                0x00002984                GPF_IRQHandler
                0x00002984                BusFault_Handler
                0x00002984                SPI3_IRQHandler
                0x00002984                UART3_IRQHandler
                0x00002984                TMR1_IRQHandler
                0x00002984                TRNG_IRQHandler
                0x00002984                WWDT_IRQHandler
                0x00002984                EADC00_IRQHandler
 .text.SystemCoreClockUpdate
                0x00002988       0x5c ./CMSIS/system_M480.o
                0x00002988                SystemCoreClockUpdate
 .text.SystemInit
                0x000029e4       0x74 ./CMSIS/system_M480.o
                0x000029e4                SystemInit
 .text.__errno  0x00002a58        0xc c:/program files (x86)/gnu tools arm embedded/6 2017-q1-update/bin/../lib/gcc/arm-none-eabi/6.3.1/../../../../arm-none-eabi/lib/thumb/v7e-m/fpv4-sp/hard\libg.a(lib_a-errno.o)
                0x00002a58                __errno
 .text.exit     0x00002a64       0x20 c:/program files (x86)/gnu tools arm embedded/6 2017-q1-update/bin/../lib/gcc/arm-none-eabi/6.3.1/../../../../arm-none-eabi/lib/thumb/v7e-m/fpv4-sp/hard\libg.a(lib_a-exit.o)
                0x00002a64                exit
 .text.__libc_init_array
                0x00002a84       0x50 c:/program files (x86)/gnu tools arm embedded/6 2017-q1-update/bin/../lib/gcc/arm-none-eabi/6.3.1/../../../../arm-none-eabi/lib/thumb/v7e-m/fpv4-sp/hard\libg.a(lib_a-init.o)
                0x00002a84                __libc_init_array
 .text          0x00002ad4      0x134 c:/program files (x86)/gnu tools arm embedded/6 2017-q1-update/bin/../lib/gcc/arm-none-eabi/6.3.1/../../../../arm-none-eabi/lib/thumb/v7e-m/fpv4-sp/hard\libg.a(lib_a-memcpy.o)
                0x00002ad4                memcpy
 .text.memset   0x00002c08       0x9c c:/program files (x86)/gnu tools arm embedded/6 2017-q1-update/bin/../lib/gcc/arm-none-eabi/6.3.1/../../../../arm-none-eabi/lib/thumb/v7e-m/fpv4-sp/hard\libg.a(lib_a-memset.o)
                0x00002c08                memset
 .text.printf   0x00002ca4       0x28 c:/program files (x86)/gnu tools arm embedded/6 2017-q1-update/bin/../lib/gcc/arm-none-eabi/6.3.1/../../../../arm-none-eabi/lib/thumb/v7e-m/fpv4-sp/hard\libg.a(lib_a-printf.o)
                0x00002ca4                printf
 .text._puts_r  0x00002ccc       0x9c c:/program files (x86)/gnu tools arm embedded/6 2017-q1-update/bin/../lib/gcc/arm-none-eabi/6.3.1/../../../../arm-none-eabi/lib/thumb/v7e-m/fpv4-sp/hard\libg.a(lib_a-puts.o)
                0x00002ccc                _puts_r
 .text.puts     0x00002d68       0x10 c:/program files (x86)/gnu tools arm embedded/6 2017-q1-update/bin/../lib/gcc/arm-none-eabi/6.3.1/../../../../arm-none-eabi/lib/thumb/v7e-m/fpv4-sp/hard\libg.a(lib_a-puts.o)
                0x00002d68                puts
 *fill*         0x00002d78        0x8 
 .text          0x00002d80       0xdc c:/program files (x86)/gnu tools arm embedded/6 2017-q1-update/bin/../lib/gcc/arm-none-eabi/6.3.1/../../../../arm-none-eabi/lib/thumb/v7e-m/fpv4-sp/hard\libg.a(lib_a-strlen.o)
                0x00002d80                strlen
 *fill*         0x00002e5c        0x4 
 .text._vfprintf_r
                0x00002e60     0x157c c:/program files (x86)/gnu tools arm embedded/6 2017-q1-update/bin/../lib/gcc/arm-none-eabi/6.3.1/../../../../arm-none-eabi/lib/thumb/v7e-m/fpv4-sp/hard\libg.a(lib_a-vfprintf.o)
                0x00002e60                _vfprintf_r
 .text.__sbprintf
                0x000043dc       0x84 c:/program files (x86)/gnu tools arm embedded/6 2017-q1-update/bin/../lib/gcc/arm-none-eabi/6.3.1/../../../../arm-none-eabi/lib/thumb/v7e-m/fpv4-sp/hard\libg.a(lib_a-vfprintf.o)
 .text.__swsetup_r
                0x00004460       0xc8 c:/program files (x86)/gnu tools arm embedded/6 2017-q1-update/bin/../lib/gcc/arm-none-eabi/6.3.1/../../../../arm-none-eabi/lib/thumb/v7e-m/fpv4-sp/hard\libg.a(lib_a-wsetup.o)
                0x00004460                __swsetup_r
 .text.startup.register_fini
                0x00004528       0x14 c:/program files (x86)/gnu tools arm embedded/6 2017-q1-update/bin/../lib/gcc/arm-none-eabi/6.3.1/../../../../arm-none-eabi/lib/thumb/v7e-m/fpv4-sp/hard\libg.a(lib_a-__call_atexit.o)
 .text.__call_exitprocs
                0x0000453c       0xe8 c:/program files (x86)/gnu tools arm embedded/6 2017-q1-update/bin/../lib/gcc/arm-none-eabi/6.3.1/../../../../arm-none-eabi/lib/thumb/v7e-m/fpv4-sp/hard\libg.a(lib_a-__call_atexit.o)
                0x0000453c                __call_exitprocs
 .text.atexit   0x00004624        0xc c:/program files (x86)/gnu tools arm embedded/6 2017-q1-update/bin/../lib/gcc/arm-none-eabi/6.3.1/../../../../arm-none-eabi/lib/thumb/v7e-m/fpv4-sp/hard\libg.a(lib_a-atexit.o)
                0x00004624                atexit
 .text.quorem   0x00004630      0x128 c:/program files (x86)/gnu tools arm embedded/6 2017-q1-update/bin/../lib/gcc/arm-none-eabi/6.3.1/../../../../arm-none-eabi/lib/thumb/v7e-m/fpv4-sp/hard\libg.a(lib_a-dtoa.o)
 .text._dtoa_r  0x00004758      0xe4c c:/program files (x86)/gnu tools arm embedded/6 2017-q1-update/bin/../lib/gcc/arm-none-eabi/6.3.1/../../../../arm-none-eabi/lib/thumb/v7e-m/fpv4-sp/hard\libg.a(lib_a-dtoa.o)
                0x00004758                _dtoa_r
 .text.__sflush_r
                0x000055a4      0x140 c:/program files (x86)/gnu tools arm embedded/6 2017-q1-update/bin/../lib/gcc/arm-none-eabi/6.3.1/../../../../arm-none-eabi/lib/thumb/v7e-m/fpv4-sp/hard\libg.a(lib_a-fflush.o)
                0x000055a4                __sflush_r
 .text._fflush_r
                0x000056e4       0x54 c:/program files (x86)/gnu tools arm embedded/6 2017-q1-update/bin/../lib/gcc/arm-none-eabi/6.3.1/../../../../arm-none-eabi/lib/thumb/v7e-m/fpv4-sp/hard\libg.a(lib_a-fflush.o)
                0x000056e4                _fflush_r
 .text._cleanup_r
                0x00005738        0xc c:/program files (x86)/gnu tools arm embedded/6 2017-q1-update/bin/../lib/gcc/arm-none-eabi/6.3.1/../../../../arm-none-eabi/lib/thumb/v7e-m/fpv4-sp/hard\libg.a(lib_a-findfp.o)
                0x00005738                _cleanup_r
 .text.std.isra.0
                0x00005744       0x50 c:/program files (x86)/gnu tools arm embedded/6 2017-q1-update/bin/../lib/gcc/arm-none-eabi/6.3.1/../../../../arm-none-eabi/lib/thumb/v7e-m/fpv4-sp/hard\libg.a(lib_a-findfp.o)
 .text.__sinit  0x00005794       0x58 c:/program files (x86)/gnu tools arm embedded/6 2017-q1-update/bin/../lib/gcc/arm-none-eabi/6.3.1/../../../../arm-none-eabi/lib/thumb/v7e-m/fpv4-sp/hard\libg.a(lib_a-findfp.o)
                0x00005794                __sinit
 .text.__sfp_lock_acquire
                0x000057ec        0xc c:/program files (x86)/gnu tools arm embedded/6 2017-q1-update/bin/../lib/gcc/arm-none-eabi/6.3.1/../../../../arm-none-eabi/lib/thumb/v7e-m/fpv4-sp/hard\libg.a(lib_a-findfp.o)
                0x000057ec                __sfp_lock_acquire
 .text.__sfp_lock_release
                0x000057f8        0xc c:/program files (x86)/gnu tools arm embedded/6 2017-q1-update/bin/../lib/gcc/arm-none-eabi/6.3.1/../../../../arm-none-eabi/lib/thumb/v7e-m/fpv4-sp/hard\libg.a(lib_a-findfp.o)
                0x000057f8                __sfp_lock_release
 .text.__libc_fini_array
                0x00005804       0x34 c:/program files (x86)/gnu tools arm embedded/6 2017-q1-update/bin/../lib/gcc/arm-none-eabi/6.3.1/../../../../arm-none-eabi/lib/thumb/v7e-m/fpv4-sp/hard\libg.a(lib_a-fini.o)
                0x00005804                __libc_fini_array
 .text._malloc_trim_r
                0x00005838       0xa0 c:/program files (x86)/gnu tools arm embedded/6 2017-q1-update/bin/../lib/gcc/arm-none-eabi/6.3.1/../../../../arm-none-eabi/lib/thumb/v7e-m/fpv4-sp/hard\libg.a(lib_a-freer.o)
                0x00005838                _malloc_trim_r
 .text._free_r  0x000058d8      0x1cc c:/program files (x86)/gnu tools arm embedded/6 2017-q1-update/bin/../lib/gcc/arm-none-eabi/6.3.1/../../../../arm-none-eabi/lib/thumb/v7e-m/fpv4-sp/hard\libg.a(lib_a-freer.o)
                0x000058d8                _free_r
 .text.__sfvwrite_r
                0x00005aa4      0x2f0 c:/program files (x86)/gnu tools arm embedded/6 2017-q1-update/bin/../lib/gcc/arm-none-eabi/6.3.1/../../../../arm-none-eabi/lib/thumb/v7e-m/fpv4-sp/hard\libg.a(lib_a-fvwrite.o)
                0x00005aa4                __sfvwrite_r
 .text._fwalk_reent
                0x00005d94       0x54 c:/program files (x86)/gnu tools arm embedded/6 2017-q1-update/bin/../lib/gcc/arm-none-eabi/6.3.1/../../../../arm-none-eabi/lib/thumb/v7e-m/fpv4-sp/hard\libg.a(lib_a-fwalk.o)
                0x00005d94                _fwalk_reent
 .text._localeconv_r
                0x00005de8       0x1c c:/program files (x86)/gnu tools arm embedded/6 2017-q1-update/bin/../lib/gcc/arm-none-eabi/6.3.1/../../../../arm-none-eabi/lib/thumb/v7e-m/fpv4-sp/hard\libg.a(lib_a-localeconv.o)
                0x00005de8                _localeconv_r
 .text.__retarget_lock_init_recursive
                0x00005e04        0x4 c:/program files (x86)/gnu tools arm embedded/6 2017-q1-update/bin/../lib/gcc/arm-none-eabi/6.3.1/../../../../arm-none-eabi/lib/thumb/v7e-m/fpv4-sp/hard\libg.a(lib_a-lock.o)
                0x00005e04                __retarget_lock_init_recursive
 .text.__retarget_lock_close_recursive
                0x00005e08        0x4 c:/program files (x86)/gnu tools arm embedded/6 2017-q1-update/bin/../lib/gcc/arm-none-eabi/6.3.1/../../../../arm-none-eabi/lib/thumb/v7e-m/fpv4-sp/hard\libg.a(lib_a-lock.o)
                0x00005e08                __retarget_lock_close_recursive
 .text.__retarget_lock_acquire_recursive
                0x00005e0c        0x4 c:/program files (x86)/gnu tools arm embedded/6 2017-q1-update/bin/../lib/gcc/arm-none-eabi/6.3.1/../../../../arm-none-eabi/lib/thumb/v7e-m/fpv4-sp/hard\libg.a(lib_a-lock.o)
                0x00005e0c                __retarget_lock_acquire_recursive
 .text.__retarget_lock_release_recursive
                0x00005e10        0x4 c:/program files (x86)/gnu tools arm embedded/6 2017-q1-update/bin/../lib/gcc/arm-none-eabi/6.3.1/../../../../arm-none-eabi/lib/thumb/v7e-m/fpv4-sp/hard\libg.a(lib_a-lock.o)
                0x00005e10                __retarget_lock_release_recursive
 .text.__swhatbuf_r
                0x00005e14       0x5c c:/program files (x86)/gnu tools arm embedded/6 2017-q1-update/bin/../lib/gcc/arm-none-eabi/6.3.1/../../../../arm-none-eabi/lib/thumb/v7e-m/fpv4-sp/hard\libg.a(lib_a-makebuf.o)
                0x00005e14                __swhatbuf_r
 .text.__smakebuf_r
                0x00005e70       0x94 c:/program files (x86)/gnu tools arm embedded/6 2017-q1-update/bin/../lib/gcc/arm-none-eabi/6.3.1/../../../../arm-none-eabi/lib/thumb/v7e-m/fpv4-sp/hard\libg.a(lib_a-makebuf.o)
                0x00005e70                __smakebuf_r
 .text._malloc_r
                0x00005f04      0x560 c:/program files (x86)/gnu tools arm embedded/6 2017-q1-update/bin/../lib/gcc/arm-none-eabi/6.3.1/../../../../arm-none-eabi/lib/thumb/v7e-m/fpv4-sp/hard\libg.a(lib_a-mallocr.o)
                0x00005f04                _malloc_r
 *fill*         0x00006464        0xc 
 .text          0x00006470       0xa0 c:/program files (x86)/gnu tools arm embedded/6 2017-q1-update/bin/../lib/gcc/arm-none-eabi/6.3.1/../../../../arm-none-eabi/lib/thumb/v7e-m/fpv4-sp/hard\libg.a(lib_a-memchr.o)
                0x00006470                memchr
 .text.memmove  0x00006510       0xc8 c:/program files (x86)/gnu tools arm embedded/6 2017-q1-update/bin/../lib/gcc/arm-none-eabi/6.3.1/../../../../arm-none-eabi/lib/thumb/v7e-m/fpv4-sp/hard\libg.a(lib_a-memmove.o)
                0x00006510                memmove
 .text.__malloc_lock
                0x000065d8        0xc c:/program files (x86)/gnu tools arm embedded/6 2017-q1-update/bin/../lib/gcc/arm-none-eabi/6.3.1/../../../../arm-none-eabi/lib/thumb/v7e-m/fpv4-sp/hard\libg.a(lib_a-mlock.o)
                0x000065d8                __malloc_lock
 .text.__malloc_unlock
                0x000065e4        0xc c:/program files (x86)/gnu tools arm embedded/6 2017-q1-update/bin/../lib/gcc/arm-none-eabi/6.3.1/../../../../arm-none-eabi/lib/thumb/v7e-m/fpv4-sp/hard\libg.a(lib_a-mlock.o)
                0x000065e4                __malloc_unlock
 .text._Balloc  0x000065f0       0x4c c:/program files (x86)/gnu tools arm embedded/6 2017-q1-update/bin/../lib/gcc/arm-none-eabi/6.3.1/../../../../arm-none-eabi/lib/thumb/v7e-m/fpv4-sp/hard\libg.a(lib_a-mprec.o)
                0x000065f0                _Balloc
 .text._Bfree   0x0000663c       0x14 c:/program files (x86)/gnu tools arm embedded/6 2017-q1-update/bin/../lib/gcc/arm-none-eabi/6.3.1/../../../../arm-none-eabi/lib/thumb/v7e-m/fpv4-sp/hard\libg.a(lib_a-mprec.o)
                0x0000663c                _Bfree
 .text.__multadd
                0x00006650       0x80 c:/program files (x86)/gnu tools arm embedded/6 2017-q1-update/bin/../lib/gcc/arm-none-eabi/6.3.1/../../../../arm-none-eabi/lib/thumb/v7e-m/fpv4-sp/hard\libg.a(lib_a-mprec.o)
                0x00006650                __multadd
 .text.__hi0bits
                0x000066d0       0x40 c:/program files (x86)/gnu tools arm embedded/6 2017-q1-update/bin/../lib/gcc/arm-none-eabi/6.3.1/../../../../arm-none-eabi/lib/thumb/v7e-m/fpv4-sp/hard\libg.a(lib_a-mprec.o)
                0x000066d0                __hi0bits
 .text.__lo0bits
                0x00006710       0x60 c:/program files (x86)/gnu tools arm embedded/6 2017-q1-update/bin/../lib/gcc/arm-none-eabi/6.3.1/../../../../arm-none-eabi/lib/thumb/v7e-m/fpv4-sp/hard\libg.a(lib_a-mprec.o)
                0x00006710                __lo0bits
 .text.__i2b    0x00006770       0x14 c:/program files (x86)/gnu tools arm embedded/6 2017-q1-update/bin/../lib/gcc/arm-none-eabi/6.3.1/../../../../arm-none-eabi/lib/thumb/v7e-m/fpv4-sp/hard\libg.a(lib_a-mprec.o)
                0x00006770                __i2b
 .text.__multiply
                0x00006784      0x124 c:/program files (x86)/gnu tools arm embedded/6 2017-q1-update/bin/../lib/gcc/arm-none-eabi/6.3.1/../../../../arm-none-eabi/lib/thumb/v7e-m/fpv4-sp/hard\libg.a(lib_a-mprec.o)
                0x00006784                __multiply
 .text.__pow5mult
                0x000068a8       0xa0 c:/program files (x86)/gnu tools arm embedded/6 2017-q1-update/bin/../lib/gcc/arm-none-eabi/6.3.1/../../../../arm-none-eabi/lib/thumb/v7e-m/fpv4-sp/hard\libg.a(lib_a-mprec.o)
                0x000068a8                __pow5mult
 .text.__lshift
                0x00006948       0xa4 c:/program files (x86)/gnu tools arm embedded/6 2017-q1-update/bin/../lib/gcc/arm-none-eabi/6.3.1/../../../../arm-none-eabi/lib/thumb/v7e-m/fpv4-sp/hard\libg.a(lib_a-mprec.o)
                0x00006948                __lshift
 .text.__mcmp   0x000069ec       0x38 c:/program files (x86)/gnu tools arm embedded/6 2017-q1-update/bin/../lib/gcc/arm-none-eabi/6.3.1/../../../../arm-none-eabi/lib/thumb/v7e-m/fpv4-sp/hard\libg.a(lib_a-mprec.o)
                0x000069ec                __mcmp
 .text.__mdiff  0x00006a24      0x108 c:/program files (x86)/gnu tools arm embedded/6 2017-q1-update/bin/../lib/gcc/arm-none-eabi/6.3.1/../../../../arm-none-eabi/lib/thumb/v7e-m/fpv4-sp/hard\libg.a(lib_a-mprec.o)
                0x00006a24                __mdiff
 .text.__d2b    0x00006b2c       0xbc c:/program files (x86)/gnu tools arm embedded/6 2017-q1-update/bin/../lib/gcc/arm-none-eabi/6.3.1/../../../../arm-none-eabi/lib/thumb/v7e-m/fpv4-sp/hard\libg.a(lib_a-mprec.o)
                0x00006b2c                __d2b
 .text._realloc_r
                0x00006be8      0x34c c:/program files (x86)/gnu tools arm embedded/6 2017-q1-update/bin/../lib/gcc/arm-none-eabi/6.3.1/../../../../arm-none-eabi/lib/thumb/v7e-m/fpv4-sp/hard\libg.a(lib_a-reallocr.o)
                0x00006be8                _realloc_r
 .text._sbrk_r  0x00006f34       0x24 c:/program files (x86)/gnu tools arm embedded/6 2017-q1-update/bin/../lib/gcc/arm-none-eabi/6.3.1/../../../../arm-none-eabi/lib/thumb/v7e-m/fpv4-sp/hard\libg.a(lib_a-sbrkr.o)
                0x00006f34                _sbrk_r
 .text.__sread  0x00006f58       0x24 c:/program files (x86)/gnu tools arm embedded/6 2017-q1-update/bin/../lib/gcc/arm-none-eabi/6.3.1/../../../../arm-none-eabi/lib/thumb/v7e-m/fpv4-sp/hard\libg.a(lib_a-stdio.o)
                0x00006f58                __sread
 .text.__swrite
                0x00006f7c       0x3c c:/program files (x86)/gnu tools arm embedded/6 2017-q1-update/bin/../lib/gcc/arm-none-eabi/6.3.1/../../../../arm-none-eabi/lib/thumb/v7e-m/fpv4-sp/hard\libg.a(lib_a-stdio.o)
                0x00006f7c                __swrite
 .text.__sseek  0x00006fb8       0x20 c:/program files (x86)/gnu tools arm embedded/6 2017-q1-update/bin/../lib/gcc/arm-none-eabi/6.3.1/../../../../arm-none-eabi/lib/thumb/v7e-m/fpv4-sp/hard\libg.a(lib_a-stdio.o)
                0x00006fb8                __sseek
 .text.__sclose
                0x00006fd8        0x8 c:/program files (x86)/gnu tools arm embedded/6 2017-q1-update/bin/../lib/gcc/arm-none-eabi/6.3.1/../../../../arm-none-eabi/lib/thumb/v7e-m/fpv4-sp/hard\libg.a(lib_a-stdio.o)
                0x00006fd8                __sclose
 .text.__sprint_r.part.0
                0x00006fe0       0x80 c:/program files (x86)/gnu tools arm embedded/6 2017-q1-update/bin/../lib/gcc/arm-none-eabi/6.3.1/../../../../arm-none-eabi/lib/thumb/v7e-m/fpv4-sp/hard\libg.a(lib_a-vfiprintf.o)
 .text.__sprint_r
                0x00007060       0x14 c:/program files (x86)/gnu tools arm embedded/6 2017-q1-update/bin/../lib/gcc/arm-none-eabi/6.3.1/../../../../arm-none-eabi/lib/thumb/v7e-m/fpv4-sp/hard\libg.a(lib_a-vfiprintf.o)
                0x00007060                __sprint_r
 .text._write_r
                0x00007074       0x2c c:/program files (x86)/gnu tools arm embedded/6 2017-q1-update/bin/../lib/gcc/arm-none-eabi/6.3.1/../../../../arm-none-eabi/lib/thumb/v7e-m/fpv4-sp/hard\libg.a(lib_a-writer.o)
                0x00007074                _write_r
 .text.__register_exitproc
                0x000070a0       0xc4 c:/program files (x86)/gnu tools arm embedded/6 2017-q1-update/bin/../lib/gcc/arm-none-eabi/6.3.1/../../../../arm-none-eabi/lib/thumb/v7e-m/fpv4-sp/hard\libg.a(lib_a-__atexit.o)
                0x000070a0                __register_exitproc
 .text._calloc_r
                0x00007164       0x60 c:/program files (x86)/gnu tools arm embedded/6 2017-q1-update/bin/../lib/gcc/arm-none-eabi/6.3.1/../../../../arm-none-eabi/lib/thumb/v7e-m/fpv4-sp/hard\libg.a(lib_a-callocr.o)
                0x00007164                _calloc_r
 .text._close_r
                0x000071c4       0x24 c:/program files (x86)/gnu tools arm embedded/6 2017-q1-update/bin/../lib/gcc/arm-none-eabi/6.3.1/../../../../arm-none-eabi/lib/thumb/v7e-m/fpv4-sp/hard\libg.a(lib_a-closer.o)
                0x000071c4                _close_r
 .text._fclose_r
                0x000071e8       0xc4 c:/program files (x86)/gnu tools arm embedded/6 2017-q1-update/bin/../lib/gcc/arm-none-eabi/6.3.1/../../../../arm-none-eabi/lib/thumb/v7e-m/fpv4-sp/hard\libg.a(lib_a-fclose.o)
                0x000071e8                _fclose_r
 .text.__fputwc
                0x000072ac       0xa0 c:/program files (x86)/gnu tools arm embedded/6 2017-q1-update/bin/../lib/gcc/arm-none-eabi/6.3.1/../../../../arm-none-eabi/lib/thumb/v7e-m/fpv4-sp/hard\libg.a(lib_a-fputwc.o)
                0x000072ac                __fputwc
 .text._fputwc_r
                0x0000734c       0x68 c:/program files (x86)/gnu tools arm embedded/6 2017-q1-update/bin/../lib/gcc/arm-none-eabi/6.3.1/../../../../arm-none-eabi/lib/thumb/v7e-m/fpv4-sp/hard\libg.a(lib_a-fputwc.o)
                0x0000734c                _fputwc_r
 .text._fstat_r
                0x000073b4       0x28 c:/program files (x86)/gnu tools arm embedded/6 2017-q1-update/bin/../lib/gcc/arm-none-eabi/6.3.1/../../../../arm-none-eabi/lib/thumb/v7e-m/fpv4-sp/hard\libg.a(lib_a-fstatr.o)
                0x000073b4                _fstat_r
 .text._isatty_r
                0x000073dc       0x24 c:/program files (x86)/gnu tools arm embedded/6 2017-q1-update/bin/../lib/gcc/arm-none-eabi/6.3.1/../../../../arm-none-eabi/lib/thumb/v7e-m/fpv4-sp/hard\libg.a(lib_a-isattyr.o)
                0x000073dc                _isatty_r
 .text.__locale_mb_cur_max
                0x00007400       0x1c c:/program files (x86)/gnu tools arm embedded/6 2017-q1-update/bin/../lib/gcc/arm-none-eabi/6.3.1/../../../../arm-none-eabi/lib/thumb/v7e-m/fpv4-sp/hard\libg.a(lib_a-locale.o)
                0x00007400                __locale_mb_cur_max
 .text._lseek_r
                0x0000741c       0x2c c:/program files (x86)/gnu tools arm embedded/6 2017-q1-update/bin/../lib/gcc/arm-none-eabi/6.3.1/../../../../arm-none-eabi/lib/thumb/v7e-m/fpv4-sp/hard\libg.a(lib_a-lseekr.o)
                0x0000741c                _lseek_r
 .text.__ascii_mbtowc
                0x00007448       0x2c c:/program files (x86)/gnu tools arm embedded/6 2017-q1-update/bin/../lib/gcc/arm-none-eabi/6.3.1/../../../../arm-none-eabi/lib/thumb/v7e-m/fpv4-sp/hard\libg.a(lib_a-mbtowc_r.o)
                0x00007448                __ascii_mbtowc
 .text._read_r  0x00007474       0x2c c:/program files (x86)/gnu tools arm embedded/6 2017-q1-update/bin/../lib/gcc/arm-none-eabi/6.3.1/../../../../arm-none-eabi/lib/thumb/v7e-m/fpv4-sp/hard\libg.a(lib_a-readr.o)
                0x00007474                _read_r
 .text.__swbuf_r
                0x000074a0       0xb0 c:/program files (x86)/gnu tools arm embedded/6 2017-q1-update/bin/../lib/gcc/arm-none-eabi/6.3.1/../../../../arm-none-eabi/lib/thumb/v7e-m/fpv4-sp/hard\libg.a(lib_a-wbuf.o)
                0x000074a0                __swbuf_r
 .text._wcrtomb_r
                0x00007550       0x54 c:/program files (x86)/gnu tools arm embedded/6 2017-q1-update/bin/../lib/gcc/arm-none-eabi/6.3.1/../../../../arm-none-eabi/lib/thumb/v7e-m/fpv4-sp/hard\libg.a(lib_a-wcrtomb.o)
                0x00007550                _wcrtomb_r
 .text.__ascii_wctomb
                0x000075a4       0x1c c:/program files (x86)/gnu tools arm embedded/6 2017-q1-update/bin/../lib/gcc/arm-none-eabi/6.3.1/../../../../arm-none-eabi/lib/thumb/v7e-m/fpv4-sp/hard\libg.a(lib_a-wctomb_r.o)
                0x000075a4                __ascii_wctomb
 .text          0x000075c0      0x370 c:/program files (x86)/gnu tools arm embedded/6 2017-q1-update/bin/../lib/gcc/arm-none-eabi/6.3.1/thumb/v7e-m/fpv4-sp/hard\libgcc.a(_arm_addsubdf3.o)
                0x000075c0                __aeabi_drsub
                0x000075c8                __aeabi_dsub
                0x000075c8                __subdf3
                0x000075cc                __aeabi_dadd
                0x000075cc                __adddf3
                0x00007844                __floatunsidf
                0x00007844                __aeabi_ui2d
                0x00007864                __floatsidf
                0x00007864                __aeabi_i2d
                0x00007888                __aeabi_f2d
                0x00007888                __extendsfdf2
                0x000078c4                __floatundidf
                0x000078c4                __aeabi_ul2d
                0x000078d4                __floatdidf
                0x000078d4                __aeabi_l2d
 .text          0x00007930      0x424 c:/program files (x86)/gnu tools arm embedded/6 2017-q1-update/bin/../lib/gcc/arm-none-eabi/6.3.1/thumb/v7e-m/fpv4-sp/hard\libgcc.a(_arm_muldivdf3.o)
                0x00007930                __aeabi_dmul
                0x00007930                __muldf3
                0x00007b84                __divdf3
                0x00007b84                __aeabi_ddiv
 .text          0x00007d54      0x110 c:/program files (x86)/gnu tools arm embedded/6 2017-q1-update/bin/../lib/gcc/arm-none-eabi/6.3.1/thumb/v7e-m/fpv4-sp/hard\libgcc.a(_arm_cmpdf2.o)
                0x00007d54                __gtdf2
                0x00007d54                __gedf2
                0x00007d5c                __ltdf2
                0x00007d5c                __ledf2
                0x00007d64                __nedf2
                0x00007d64                __eqdf2
                0x00007d64                __cmpdf2
                0x00007de0                __aeabi_cdrcmple
                0x00007df0                __aeabi_cdcmpeq
                0x00007df0                __aeabi_cdcmple
                0x00007e00                __aeabi_dcmpeq
                0x00007e14                __aeabi_dcmplt
                0x00007e28                __aeabi_dcmple
                0x00007e3c                __aeabi_dcmpge
                0x00007e50                __aeabi_dcmpgt
 .text          0x00007e64       0x2c c:/program files (x86)/gnu tools arm embedded/6 2017-q1-update/bin/../lib/gcc/arm-none-eabi/6.3.1/thumb/v7e-m/fpv4-sp/hard\libgcc.a(_arm_unorddf2.o)
                0x00007e64                __unorddf2
                0x00007e64                __aeabi_dcmpun
 .text          0x00007e90       0x50 c:/program files (x86)/gnu tools arm embedded/6 2017-q1-update/bin/../lib/gcc/arm-none-eabi/6.3.1/thumb/v7e-m/fpv4-sp/hard\libgcc.a(_arm_fixdfsi.o)
                0x00007e90                __aeabi_d2iz
                0x00007e90                __fixdfsi
 .text          0x00007ee0       0x30 c:/program files (x86)/gnu tools arm embedded/6 2017-q1-update/bin/../lib/gcc/arm-none-eabi/6.3.1/thumb/v7e-m/fpv4-sp/hard\libgcc.a(_aeabi_uldivmod.o)
                0x00007ee0                __aeabi_uldivmod
 .text          0x00007f10      0x2dc c:/program files (x86)/gnu tools arm embedded/6 2017-q1-update/bin/../lib/gcc/arm-none-eabi/6.3.1/thumb/v7e-m/fpv4-sp/hard\libgcc.a(_udivmoddi4.o)
                0x00007f10                __udivmoddi4
 .text          0x000081ec        0x4 c:/program files (x86)/gnu tools arm embedded/6 2017-q1-update/bin/../lib/gcc/arm-none-eabi/6.3.1/thumb/v7e-m/fpv4-sp/hard\libgcc.a(_dvmd_tls.o)
                0x000081ec                __aeabi_idiv0
                0x000081ec                __aeabi_ldiv0
 *(.init)
 .init          0x000081f0        0x4 c:/program files (x86)/gnu tools arm embedded/6 2017-q1-update/bin/../lib/gcc/arm-none-eabi/6.3.1/thumb/v7e-m/fpv4-sp/hard/crti.o
                0x000081f0                _init
 .init          0x000081f4        0x8 c:/program files (x86)/gnu tools arm embedded/6 2017-q1-update/bin/../lib/gcc/arm-none-eabi/6.3.1/thumb/v7e-m/fpv4-sp/hard/crtn.o
 *(.fini)
 .fini          0x000081fc        0x4 c:/program files (x86)/gnu tools arm embedded/6 2017-q1-update/bin/../lib/gcc/arm-none-eabi/6.3.1/thumb/v7e-m/fpv4-sp/hard/crti.o
                0x000081fc                _fini
 .fini          0x00008200        0x8 c:/program files (x86)/gnu tools arm embedded/6 2017-q1-update/bin/../lib/gcc/arm-none-eabi/6.3.1/thumb/v7e-m/fpv4-sp/hard/crtn.o
 *crtbegin.o(.ctors)
 *crtbegin?.o(.ctors)
 *(EXCLUDE_FILE(*crtend.o *crtend?.o) .ctors)
 *(SORT(.ctors.*))
 *(.ctors)
 *crtbegin.o(.dtors)
 *crtbegin?.o(.dtors)
 *(EXCLUDE_FILE(*crtend.o *crtend?.o) .dtors)
 *(SORT(.dtors.*))
 *(.dtors)
 *(.rodata*)
 .rodata.main.str1.4
                0x00008208       0x21 ./User/main.o
 *fill*         0x00008229        0x3 
 .rodata.vCheckTask.str1.4
                0x0000822c       0x2c ./User/main.o
 .rodata        0x00008258       0x24 ./Library/clk.o
 .rodata.Hard_Fault_Handler.str1.4
                0x0000827c       0x16 ./Library/retarget.o
 *fill*         0x00008292        0x2 
 .rodata.stackDump.str1.4
                0x00008294       0x60 ./Library/retarget.o
 .rodata        0x000082f4       0x10 ./Library/uart.o
 .rodata.vStartPolledQueueTasks.str1.4
                0x00008304       0x20 ./FreeRTOS/Demo/Common/Minimal/PollQ.o
 .rodata.vStartLEDFlashTasks.str1.4
                0x00008324        0x5 ./FreeRTOS/Demo/Common/Minimal/flash.o
 *fill*         0x00008329        0x3 
 .rodata.vTaskStartScheduler.str1.4
                0x0000832c        0x5 ./FreeRTOS/tasks.o
 *fill*         0x00008331        0x3 
 .rodata.prvCheckForValidListAndQueue.str1.4
                0x00008334        0x5 ./FreeRTOS/timers.o
 *fill*         0x00008339        0x3 
 .rodata.xTimerCreateTimerTask.str1.4
                0x0000833c        0x8 ./FreeRTOS/timers.o
 .rodata._global_impure_ptr
                0x00008344        0x4 c:/program files (x86)/gnu tools arm embedded/6 2017-q1-update/bin/../lib/gcc/arm-none-eabi/6.3.1/../../../../arm-none-eabi/lib/thumb/v7e-m/fpv4-sp/hard\libg.a(lib_a-impure.o)
                0x00008344                _global_impure_ptr
 .rodata._puts_r.str1.4
                0x00008348        0x2 c:/program files (x86)/gnu tools arm embedded/6 2017-q1-update/bin/../lib/gcc/arm-none-eabi/6.3.1/../../../../arm-none-eabi/lib/thumb/v7e-m/fpv4-sp/hard\libg.a(lib_a-puts.o)
 *fill*         0x0000834a        0x2 
 .rodata._vfprintf_r.str1.4
                0x0000834c       0x42 c:/program files (x86)/gnu tools arm embedded/6 2017-q1-update/bin/../lib/gcc/arm-none-eabi/6.3.1/../../../../arm-none-eabi/lib/thumb/v7e-m/fpv4-sp/hard\libg.a(lib_a-vfprintf.o)
 *fill*         0x0000838e        0x2 
 .rodata.blanks.8366
                0x00008390       0x10 c:/program files (x86)/gnu tools arm embedded/6 2017-q1-update/bin/../lib/gcc/arm-none-eabi/6.3.1/../../../../arm-none-eabi/lib/thumb/v7e-m/fpv4-sp/hard\libg.a(lib_a-vfprintf.o)
 .rodata.zeroes.8367
                0x000083a0       0x10 c:/program files (x86)/gnu tools arm embedded/6 2017-q1-update/bin/../lib/gcc/arm-none-eabi/6.3.1/../../../../arm-none-eabi/lib/thumb/v7e-m/fpv4-sp/hard\libg.a(lib_a-vfprintf.o)
 .rodata._dtoa_r.str1.4
                0x000083b0       0x10 c:/program files (x86)/gnu tools arm embedded/6 2017-q1-update/bin/../lib/gcc/arm-none-eabi/6.3.1/../../../../arm-none-eabi/lib/thumb/v7e-m/fpv4-sp/hard\libg.a(lib_a-dtoa.o)
                                 0x12 (size before relaxing)
 .rodata.__mprec_bigtens
                0x000083c0       0x28 c:/program files (x86)/gnu tools arm embedded/6 2017-q1-update/bin/../lib/gcc/arm-none-eabi/6.3.1/../../../../arm-none-eabi/lib/thumb/v7e-m/fpv4-sp/hard\libg.a(lib_a-mprec.o)
                0x000083c0                __mprec_bigtens
 .rodata.__mprec_tens
                0x000083e8       0xc8 c:/program files (x86)/gnu tools arm embedded/6 2017-q1-update/bin/../lib/gcc/arm-none-eabi/6.3.1/../../../../arm-none-eabi/lib/thumb/v7e-m/fpv4-sp/hard\libg.a(lib_a-mprec.o)
                0x000083e8                __mprec_tens
 .rodata.p05.7183
                0x000084b0        0xc c:/program files (x86)/gnu tools arm embedded/6 2017-q1-update/bin/../lib/gcc/arm-none-eabi/6.3.1/../../../../arm-none-eabi/lib/thumb/v7e-m/fpv4-sp/hard\libg.a(lib_a-mprec.o)
 .rodata._setlocale_r.str1.4
                0x000084bc        0xa c:/program files (x86)/gnu tools arm embedded/6 2017-q1-update/bin/../lib/gcc/arm-none-eabi/6.3.1/../../../../arm-none-eabi/lib/thumb/v7e-m/fpv4-sp/hard\libg.a(lib_a-locale.o)
                                  0xd (size before relaxing)
 .rodata.str1.4
                0x000084c6        0xc c:/program files (x86)/gnu tools arm embedded/6 2017-q1-update/bin/../lib/gcc/arm-none-eabi/6.3.1/../../../../arm-none-eabi/lib/thumb/v7e-m/fpv4-sp/hard\libg.a(lib_a-locale.o)
                                  0x2 (size before relaxing)
 *fill*         0x000084c6        0x2 
 .rodata._ctype_
                0x000084c8      0x101 c:/program files (x86)/gnu tools arm embedded/6 2017-q1-update/bin/../lib/gcc/arm-none-eabi/6.3.1/../../../../arm-none-eabi/lib/thumb/v7e-m/fpv4-sp/hard\libg.a(lib_a-ctype_.o)
                0x000084c8                _ctype_
 *(.eh_frame*)
 *fill*         0x000085c9        0x3 
 .eh_frame      0x000085cc        0x0 c:/program files (x86)/gnu tools arm embedded/6 2017-q1-update/bin/../lib/gcc/arm-none-eabi/6.3.1/thumb/v7e-m/fpv4-sp/hard/crtbegin.o
 .eh_frame      0x000085cc        0x4 c:/program files (x86)/gnu tools arm embedded/6 2017-q1-update/bin/../lib/gcc/arm-none-eabi/6.3.1/thumb/v7e-m/fpv4-sp/hard/crtend.o

.glue_7         0x000085d0        0x0
 .glue_7        0x000085d0        0x0 linker stubs

.glue_7t        0x000085d0        0x0
 .glue_7t       0x000085d0        0x0 linker stubs

.vfp11_veneer   0x000085d0        0x0
 .vfp11_veneer  0x000085d0        0x0 linker stubs

.v4_bx          0x000085d0        0x0
 .v4_bx         0x000085d0        0x0 linker stubs

.iplt           0x000085d0        0x0
 .iplt          0x000085d0        0x0 c:/program files (x86)/gnu tools arm embedded/6 2017-q1-update/bin/../lib/gcc/arm-none-eabi/6.3.1/thumb/v7e-m/fpv4-sp/hard/crtbegin.o

.ARM.extab
 *(.ARM.extab* .gnu.linkonce.armextab.*)
                0x000085d0                __exidx_start = .

.ARM.exidx      0x000085d0        0x8
 *(.ARM.exidx* .gnu.linkonce.armexidx.*)
 .ARM.exidx     0x000085d0        0x8 c:/program files (x86)/gnu tools arm embedded/6 2017-q1-update/bin/../lib/gcc/arm-none-eabi/6.3.1/../../../../arm-none-eabi/lib/thumb/v7e-m/fpv4-sp/hard/crt0.o
 .ARM.exidx     0x000085d8        0x0 c:/program files (x86)/gnu tools arm embedded/6 2017-q1-update/bin/../lib/gcc/arm-none-eabi/6.3.1/thumb/v7e-m/fpv4-sp/hard\libgcc.a(_udivmoddi4.o)
                                  0x8 (size before relaxing)
                0x000085d8                __exidx_end = .
                0x000085d8                __etext = .

.rel.dyn        0x000085d8        0x0
 .rel.iplt      0x000085d8        0x0 c:/program files (x86)/gnu tools arm embedded/6 2017-q1-update/bin/../lib/gcc/arm-none-eabi/6.3.1/thumb/v7e-m/fpv4-sp/hard/crtbegin.o

.data           0x20000000      0xa00 load address 0x000085d8
                0x20000000                __data_start__ = .
 *(vtable)
 *(.data*)
 .data.xFreeBytesRemaining
                0x20000000        0x4 ./FreeRTOS/Source/portable/MemMang/heap_2.o
 .data.uxCriticalNesting
                0x20000004        0x4 ./FreeRTOS/Source/portable/GCC/ARM_CM4F/port.o
 .data.ulExpectedReceivedFromISR.6454
                0x20000008        0x4 ./FreeRTOS/Demo/Common/Minimal/QueueSet.o
 .data.ulISRTxValue
                0x2000000c        0x4 ./FreeRTOS/Demo/Common/Minimal/QueueSet.o
 .data.xQueueSetTasksStatus
                0x20000010        0x4 ./FreeRTOS/Demo/Common/Minimal/QueueSet.o
 .data.CyclesPerUs
                0x20000014        0x4 ./CMSIS/system_M480.o
                0x20000014                CyclesPerUs
 .data.PllClock
                0x20000018        0x4 ./CMSIS/system_M480.o
                0x20000018                PllClock
 .data.SystemCoreClock
                0x2000001c        0x4 ./CMSIS/system_M480.o
                0x2000001c                SystemCoreClock
 .data.gau32ClkSrcTbl
                0x20000020       0x20 ./CMSIS/system_M480.o
                0x20000020                gau32ClkSrcTbl
 .data._impure_ptr
                0x20000040        0x4 c:/program files (x86)/gnu tools arm embedded/6 2017-q1-update/bin/../lib/gcc/arm-none-eabi/6.3.1/../../../../arm-none-eabi/lib/thumb/v7e-m/fpv4-sp/hard\libg.a(lib_a-impure.o)
                0x20000040                _impure_ptr
 *fill*         0x20000044        0x4 
 .data.impure_data
                0x20000048      0x428 c:/program files (x86)/gnu tools arm embedded/6 2017-q1-update/bin/../lib/gcc/arm-none-eabi/6.3.1/../../../../arm-none-eabi/lib/thumb/v7e-m/fpv4-sp/hard\libg.a(lib_a-impure.o)
 .data.__atexit_recursive_mutex
                0x20000470        0x4 c:/program files (x86)/gnu tools arm embedded/6 2017-q1-update/bin/../lib/gcc/arm-none-eabi/6.3.1/../../../../arm-none-eabi/lib/thumb/v7e-m/fpv4-sp/hard\libg.a(lib_a-__call_atexit.o)
                0x20000470                __atexit_recursive_mutex
 .data.__malloc_av_
                0x20000474      0x408 c:/program files (x86)/gnu tools arm embedded/6 2017-q1-update/bin/../lib/gcc/arm-none-eabi/6.3.1/../../../../arm-none-eabi/lib/thumb/v7e-m/fpv4-sp/hard\libg.a(lib_a-mallocr.o)
                0x20000474                __malloc_av_
 .data.__malloc_sbrk_base
                0x2000087c        0x4 c:/program files (x86)/gnu tools arm embedded/6 2017-q1-update/bin/../lib/gcc/arm-none-eabi/6.3.1/../../../../arm-none-eabi/lib/thumb/v7e-m/fpv4-sp/hard\libg.a(lib_a-mallocr.o)
                0x2000087c                __malloc_sbrk_base
 .data.__malloc_trim_threshold
                0x20000880        0x4 c:/program files (x86)/gnu tools arm embedded/6 2017-q1-update/bin/../lib/gcc/arm-none-eabi/6.3.1/../../../../arm-none-eabi/lib/thumb/v7e-m/fpv4-sp/hard\libg.a(lib_a-mallocr.o)
                0x20000880                __malloc_trim_threshold
 .data.__global_locale
                0x20000884      0x16c c:/program files (x86)/gnu tools arm embedded/6 2017-q1-update/bin/../lib/gcc/arm-none-eabi/6.3.1/../../../../arm-none-eabi/lib/thumb/v7e-m/fpv4-sp/hard\libg.a(lib_a-locale.o)
                0x20000884                __global_locale
                0x200009f0                . = ALIGN (0x4)
                0x200009f0                PROVIDE (__preinit_array_start, .)
 *(.preinit_array)
                0x200009f0                PROVIDE (__preinit_array_end, .)
                0x200009f0                . = ALIGN (0x4)
                0x200009f0                PROVIDE (__init_array_start, .)
 *(SORT(.init_array.*))
 .init_array.00000
                0x200009f0        0x4 c:/program files (x86)/gnu tools arm embedded/6 2017-q1-update/bin/../lib/gcc/arm-none-eabi/6.3.1/../../../../arm-none-eabi/lib/thumb/v7e-m/fpv4-sp/hard\libg.a(lib_a-__call_atexit.o)
 *(.init_array)
 .init_array    0x200009f4        0x4 c:/program files (x86)/gnu tools arm embedded/6 2017-q1-update/bin/../lib/gcc/arm-none-eabi/6.3.1/thumb/v7e-m/fpv4-sp/hard/crtbegin.o
                0x200009f8                PROVIDE (__init_array_end, .)
                0x200009f8                . = ALIGN (0x4)
                0x200009f8                PROVIDE (__fini_array_start, .)
 *(SORT(.fini_array.*))
 *(.fini_array)
 .fini_array    0x200009f8        0x4 c:/program files (x86)/gnu tools arm embedded/6 2017-q1-update/bin/../lib/gcc/arm-none-eabi/6.3.1/thumb/v7e-m/fpv4-sp/hard/crtbegin.o
                0x200009fc                PROVIDE (__fini_array_end, .)
 *(.jcr*)
 .jcr           0x200009fc        0x0 c:/program files (x86)/gnu tools arm embedded/6 2017-q1-update/bin/../lib/gcc/arm-none-eabi/6.3.1/thumb/v7e-m/fpv4-sp/hard/crtbegin.o
 .jcr           0x200009fc        0x4 c:/program files (x86)/gnu tools arm embedded/6 2017-q1-update/bin/../lib/gcc/arm-none-eabi/6.3.1/thumb/v7e-m/fpv4-sp/hard/crtend.o
                0x20000a00                . = ALIGN (0x4)
                0x20000a00                __data_end__ = .

.igot.plt       0x20000a00        0x0 load address 0x00008fd8
 .igot.plt      0x20000a00        0x0 c:/program files (x86)/gnu tools arm embedded/6 2017-q1-update/bin/../lib/gcc/arm-none-eabi/6.3.1/thumb/v7e-m/fpv4-sp/hard/crtbegin.o

.bss            0x20000a00     0x2248 load address 0x00008fd8
                0x20000a00                . = ALIGN (0x4)
                0x20000a00                __bss_start__ = .
 *(.bss*)
 .bss           0x20000a00       0x1c c:/program files (x86)/gnu tools arm embedded/6 2017-q1-update/bin/../lib/gcc/arm-none-eabi/6.3.1/thumb/v7e-m/fpv4-sp/hard/crtbegin.o
 .bss.i.11091   0x20000a1c        0x2 ./User/ParTest.o
 *fill*         0x20000a1e        0x2 
 .bss.ucHeap    0x20000a20     0x2000 ./FreeRTOS/Source/portable/MemMang/heap_2.o
 .bss.xEnd      0x20002a20        0x8 ./FreeRTOS/Source/portable/MemMang/heap_2.o
 .bss.xHeapHasBeenInitialised.6263
                0x20002a28        0x4 ./FreeRTOS/Source/portable/MemMang/heap_2.o
 .bss.xStart    0x20002a2c        0x8 ./FreeRTOS/Source/portable/MemMang/heap_2.o
 .bss.ucMaxSysCallPriority
                0x20002a34        0x1 ./FreeRTOS/Source/portable/GCC/ARM_CM4F/port.o
 *fill*         0x20002a35        0x3 
 .bss.ulMaxPRIGROUPValue
                0x20002a38        0x4 ./FreeRTOS/Source/portable/GCC/ARM_CM4F/port.o
 .bss.xPolledQueue.6380
                0x20002a3c        0x4 ./FreeRTOS/Demo/Common/Minimal/PollQ.o
 .bss.xPollingConsumerCount
                0x20002a40        0x4 ./FreeRTOS/Demo/Common/Minimal/PollQ.o
 .bss.xPollingProducerCount
                0x20002a44        0x4 ./FreeRTOS/Demo/Common/Minimal/PollQ.o
 .bss.ulCallCount.6449
                0x20002a48        0x4 ./FreeRTOS/Demo/Common/Minimal/QueueSet.o
 .bss.ulExpectedReceivedFromTask.6453
                0x20002a4c        0x4 ./FreeRTOS/Demo/Common/Minimal/QueueSet.o
 .bss.xQueueSet
                0x20002a50        0x4 ./FreeRTOS/Demo/Common/Minimal/QueueSet.o
 .bss.xQueueToWriteTo.6472
                0x20002a54        0x4 ./FreeRTOS/Demo/Common/Minimal/QueueSet.o
 .bss.xQueues   0x20002a58        0xc ./FreeRTOS/Demo/Common/Minimal/QueueSet.o
 .bss.xSetupComplete
                0x20002a64        0x4 ./FreeRTOS/Demo/Common/Minimal/QueueSet.o
 .bss.uxFlashTaskNumber
                0x20002a68        0x4 ./FreeRTOS/Demo/Common/Minimal/flash.o
 .bss.pxCurrentTCB
                0x20002a6c        0x4 ./FreeRTOS/tasks.o
                0x20002a6c                pxCurrentTCB
 .bss.pxDelayedTaskList
                0x20002a70        0x4 ./FreeRTOS/tasks.o
 .bss.pxOverflowDelayedTaskList
                0x20002a74        0x4 ./FreeRTOS/tasks.o
 .bss.pxReadyTasksLists
                0x20002a78       0x64 ./FreeRTOS/tasks.o
 .bss.uxCurrentNumberOfTasks
                0x20002adc        0x4 ./FreeRTOS/tasks.o
 .bss.uxDeletedTasksWaitingCleanUp
                0x20002ae0        0x4 ./FreeRTOS/tasks.o
 .bss.uxPendedTicks
                0x20002ae4        0x4 ./FreeRTOS/tasks.o
 .bss.uxSchedulerSuspended
                0x20002ae8        0x4 ./FreeRTOS/tasks.o
 .bss.uxTaskNumber
                0x20002aec        0x4 ./FreeRTOS/tasks.o
 .bss.uxTopReadyPriority
                0x20002af0        0x4 ./FreeRTOS/tasks.o
 .bss.xDelayedTaskList1
                0x20002af4       0x14 ./FreeRTOS/tasks.o
 .bss.xDelayedTaskList2
                0x20002b08       0x14 ./FreeRTOS/tasks.o
 .bss.xIdleTaskHandle
                0x20002b1c        0x4 ./FreeRTOS/tasks.o
 .bss.xNextTaskUnblockTime
                0x20002b20        0x4 ./FreeRTOS/tasks.o
 .bss.xNumOfOverflows
                0x20002b24        0x4 ./FreeRTOS/tasks.o
 .bss.xPendingReadyList
                0x20002b28       0x14 ./FreeRTOS/tasks.o
 .bss.xSchedulerRunning
                0x20002b3c        0x4 ./FreeRTOS/tasks.o
 .bss.xSuspendedTaskList
                0x20002b40       0x14 ./FreeRTOS/tasks.o
 .bss.xTasksWaitingTermination
                0x20002b54       0x14 ./FreeRTOS/tasks.o
 .bss.xTickCount
                0x20002b68        0x4 ./FreeRTOS/tasks.o
 .bss.xYieldPending
                0x20002b6c        0x4 ./FreeRTOS/tasks.o
 .bss.pxCurrentTimerList
                0x20002b70        0x4 ./FreeRTOS/timers.o
 .bss.pxOverflowTimerList
                0x20002b74        0x4 ./FreeRTOS/timers.o
 .bss.xActiveTimerList1
                0x20002b78       0x14 ./FreeRTOS/timers.o
 .bss.xActiveTimerList2
                0x20002b8c       0x14 ./FreeRTOS/timers.o
 .bss.xLastTime.6557
                0x20002ba0        0x4 ./FreeRTOS/timers.o
 .bss.xTimerQueue
                0x20002ba4        0x4 ./FreeRTOS/timers.o
 .bss.xTimerTaskHandle
                0x20002ba8        0x4 ./FreeRTOS/timers.o
 .bss.__malloc_current_mallinfo
                0x20002bac       0x28 c:/program files (x86)/gnu tools arm embedded/6 2017-q1-update/bin/../lib/gcc/arm-none-eabi/6.3.1/../../../../arm-none-eabi/lib/thumb/v7e-m/fpv4-sp/hard\libg.a(lib_a-mallocr.o)
                0x20002bac                __malloc_current_mallinfo
 .bss.__malloc_max_sbrked_mem
                0x20002bd4        0x4 c:/program files (x86)/gnu tools arm embedded/6 2017-q1-update/bin/../lib/gcc/arm-none-eabi/6.3.1/../../../../arm-none-eabi/lib/thumb/v7e-m/fpv4-sp/hard\libg.a(lib_a-mallocr.o)
                0x20002bd4                __malloc_max_sbrked_mem
 .bss.__malloc_max_total_mem
                0x20002bd8        0x4 c:/program files (x86)/gnu tools arm embedded/6 2017-q1-update/bin/../lib/gcc/arm-none-eabi/6.3.1/../../../../arm-none-eabi/lib/thumb/v7e-m/fpv4-sp/hard\libg.a(lib_a-mallocr.o)
                0x20002bd8                __malloc_max_total_mem
 .bss.__malloc_top_pad
                0x20002bdc        0x4 c:/program files (x86)/gnu tools arm embedded/6 2017-q1-update/bin/../lib/gcc/arm-none-eabi/6.3.1/../../../../arm-none-eabi/lib/thumb/v7e-m/fpv4-sp/hard\libg.a(lib_a-mallocr.o)
                0x20002bdc                __malloc_top_pad
 *(COMMON)
 COMMON         0x20002be0       0x40 ./FreeRTOS/queue.o
                0x20002be0                xQueueRegistry
 COMMON         0x20002c20        0x4 ./CMSIS/GCC/_syscalls.o
                0x20002c20                errno
 COMMON         0x20002c24       0x21 c:/program files (x86)/gnu tools arm embedded/6 2017-q1-update/bin/../lib/gcc/arm-none-eabi/6.3.1/../../../../arm-none-eabi/lib/thumb/v7e-m/fpv4-sp/hard\libg.a(lib_a-lock.o)
                0x20002c24                __lock___atexit_recursive_mutex
                0x20002c28                __lock___arc4random_mutex
                0x20002c2c                __lock___env_recursive_mutex
                0x20002c30                __lock___sinit_recursive_mutex
                0x20002c34                __lock___malloc_recursive_mutex
                0x20002c38                __lock___at_quick_exit_mutex
                0x20002c3c                __lock___dd_hash_mutex
                0x20002c40                __lock___tz_mutex
                0x20002c44                __lock___sfp_recursive_mutex
                0x20002c48                . = ALIGN (0x4)
 *fill*         0x20002c45        0x3 
                0x20002c48                __bss_end__ = .

.heap           0x20002c48      0x100
                0x20002c48                __HeapBase = .
                0x20002c48                __end__ = .
                0x20002c48                end = __end__
 *(.heap*)
 .heap          0x20002c48      0x100 ./CMSIS/GCC/startup_M480.o
                0x20002d48                __HeapLimit = .

.stack_dummy    0x20002c48      0x800
 *(.stack*)
 .stack         0x20002c48      0x800 ./CMSIS/GCC/startup_M480.o
                0x20020000                __StackTop = (ORIGIN (RAM) + LENGTH (RAM))
                0x2001f800                __StackLimit = (__StackTop - SIZEOF (.stack_dummy))
                0x20020000                PROVIDE (__stack, __StackTop)
                0x00000001                ASSERT ((__StackLimit >= __HeapLimit), region RAM overflowed with stack)
OUTPUT(HelloWorld.elf elf32-littlearm)

.ARM.attributes
                0x00000000       0x30
 .ARM.attributes
                0x00000000       0x22 c:/program files (x86)/gnu tools arm embedded/6 2017-q1-update/bin/../lib/gcc/arm-none-eabi/6.3.1/thumb/v7e-m/fpv4-sp/hard/crti.o
 .ARM.attributes
                0x00000022       0x34 c:/program files (x86)/gnu tools arm embedded/6 2017-q1-update/bin/../lib/gcc/arm-none-eabi/6.3.1/thumb/v7e-m/fpv4-sp/hard/crtbegin.o
 .ARM.attributes
                0x00000056       0x20 c:/program files (x86)/gnu tools arm embedded/6 2017-q1-update/bin/../lib/gcc/arm-none-eabi/6.3.1/../../../../arm-none-eabi/lib/thumb/v7e-m/fpv4-sp/hard/crt0.o
 .ARM.attributes
                0x00000076       0x39 ./User/ParTest.o
 .ARM.attributes
                0x000000af       0x39 ./User/main.o
 .ARM.attributes
                0x000000e8       0x39 ./Library/clk.o
 .ARM.attributes
                0x00000121       0x39 ./Library/retarget.o
 .ARM.attributes
                0x0000015a       0x39 ./Library/uart.o
 .ARM.attributes
                0x00000193       0x39 ./FreeRTOS/Source/portable/MemMang/heap_2.o
 .ARM.attributes
                0x000001cc       0x39 ./FreeRTOS/Source/portable/GCC/ARM_CM4F/port.o
 .ARM.attributes
                0x00000205       0x39 ./FreeRTOS/Demo/Common/Minimal/PollQ.o
 .ARM.attributes
                0x0000023e       0x39 ./FreeRTOS/Demo/Common/Minimal/QueueSet.o
 .ARM.attributes
                0x00000277       0x39 ./FreeRTOS/Demo/Common/Minimal/flash.o
 .ARM.attributes
                0x000002b0       0x39 ./FreeRTOS/list.o
 .ARM.attributes
                0x000002e9       0x39 ./FreeRTOS/queue.o
 .ARM.attributes
                0x00000322       0x39 ./FreeRTOS/tasks.o
 .ARM.attributes
                0x0000035b       0x39 ./FreeRTOS/timers.o
 .ARM.attributes
                0x00000394       0x39 ./CMSIS/GCC/_syscalls.o
 .ARM.attributes
                0x000003cd       0x1f ./CMSIS/GCC/startup_M480.o
 .ARM.attributes
                0x000003ec       0x39 ./CMSIS/system_M480.o
 .ARM.attributes
                0x00000425       0x34 c:/program files (x86)/gnu tools arm embedded/6 2017-q1-update/bin/../lib/gcc/arm-none-eabi/6.3.1/../../../../arm-none-eabi/lib/thumb/v7e-m/fpv4-sp/hard\libg.a(lib_a-errno.o)
 .ARM.attributes
                0x00000459       0x34 c:/program files (x86)/gnu tools arm embedded/6 2017-q1-update/bin/../lib/gcc/arm-none-eabi/6.3.1/../../../../arm-none-eabi/lib/thumb/v7e-m/fpv4-sp/hard\libg.a(lib_a-exit.o)
 .ARM.attributes
                0x0000048d       0x34 c:/program files (x86)/gnu tools arm embedded/6 2017-q1-update/bin/../lib/gcc/arm-none-eabi/6.3.1/../../../../arm-none-eabi/lib/thumb/v7e-m/fpv4-sp/hard\libg.a(lib_a-impure.o)
 .ARM.attributes
                0x000004c1       0x34 c:/program files (x86)/gnu tools arm embedded/6 2017-q1-update/bin/../lib/gcc/arm-none-eabi/6.3.1/../../../../arm-none-eabi/lib/thumb/v7e-m/fpv4-sp/hard\libg.a(lib_a-init.o)
 .ARM.attributes
                0x000004f5       0x20 c:/program files (x86)/gnu tools arm embedded/6 2017-q1-update/bin/../lib/gcc/arm-none-eabi/6.3.1/../../../../arm-none-eabi/lib/thumb/v7e-m/fpv4-sp/hard\libg.a(lib_a-memcpy.o)
 .ARM.attributes
                0x00000515       0x34 c:/program files (x86)/gnu tools arm embedded/6 2017-q1-update/bin/../lib/gcc/arm-none-eabi/6.3.1/../../../../arm-none-eabi/lib/thumb/v7e-m/fpv4-sp/hard\libg.a(lib_a-memset.o)
 .ARM.attributes
                0x00000549       0x34 c:/program files (x86)/gnu tools arm embedded/6 2017-q1-update/bin/../lib/gcc/arm-none-eabi/6.3.1/../../../../arm-none-eabi/lib/thumb/v7e-m/fpv4-sp/hard\libg.a(lib_a-printf.o)
 .ARM.attributes
                0x0000057d       0x34 c:/program files (x86)/gnu tools arm embedded/6 2017-q1-update/bin/../lib/gcc/arm-none-eabi/6.3.1/../../../../arm-none-eabi/lib/thumb/v7e-m/fpv4-sp/hard\libg.a(lib_a-puts.o)
 .ARM.attributes
                0x000005b1       0x20 c:/program files (x86)/gnu tools arm embedded/6 2017-q1-update/bin/../lib/gcc/arm-none-eabi/6.3.1/../../../../arm-none-eabi/lib/thumb/v7e-m/fpv4-sp/hard\libg.a(lib_a-strlen.o)
 .ARM.attributes
                0x000005d1       0x34 c:/program files (x86)/gnu tools arm embedded/6 2017-q1-update/bin/../lib/gcc/arm-none-eabi/6.3.1/../../../../arm-none-eabi/lib/thumb/v7e-m/fpv4-sp/hard\libg.a(lib_a-vfprintf.o)
 .ARM.attributes
                0x00000605       0x34 c:/program files (x86)/gnu tools arm embedded/6 2017-q1-update/bin/../lib/gcc/arm-none-eabi/6.3.1/../../../../arm-none-eabi/lib/thumb/v7e-m/fpv4-sp/hard\libg.a(lib_a-wsetup.o)
 .ARM.attributes
                0x00000639       0x34 c:/program files (x86)/gnu tools arm embedded/6 2017-q1-update/bin/../lib/gcc/arm-none-eabi/6.3.1/../../../../arm-none-eabi/lib/thumb/v7e-m/fpv4-sp/hard\libg.a(lib_a-__call_atexit.o)
 .ARM.attributes
                0x0000066d       0x34 c:/program files (x86)/gnu tools arm embedded/6 2017-q1-update/bin/../lib/gcc/arm-none-eabi/6.3.1/../../../../arm-none-eabi/lib/thumb/v7e-m/fpv4-sp/hard\libg.a(lib_a-atexit.o)
 .ARM.attributes
                0x000006a1       0x34 c:/program files (x86)/gnu tools arm embedded/6 2017-q1-update/bin/../lib/gcc/arm-none-eabi/6.3.1/../../../../arm-none-eabi/lib/thumb/v7e-m/fpv4-sp/hard\libg.a(lib_a-dtoa.o)
 .ARM.attributes
                0x000006d5       0x34 c:/program files (x86)/gnu tools arm embedded/6 2017-q1-update/bin/../lib/gcc/arm-none-eabi/6.3.1/../../../../arm-none-eabi/lib/thumb/v7e-m/fpv4-sp/hard\libg.a(lib_a-fflush.o)
 .ARM.attributes
                0x00000709       0x34 c:/program files (x86)/gnu tools arm embedded/6 2017-q1-update/bin/../lib/gcc/arm-none-eabi/6.3.1/../../../../arm-none-eabi/lib/thumb/v7e-m/fpv4-sp/hard\libg.a(lib_a-findfp.o)
 .ARM.attributes
                0x0000073d       0x34 c:/program files (x86)/gnu tools arm embedded/6 2017-q1-update/bin/../lib/gcc/arm-none-eabi/6.3.1/../../../../arm-none-eabi/lib/thumb/v7e-m/fpv4-sp/hard\libg.a(lib_a-fini.o)
 .ARM.attributes
                0x00000771       0x34 c:/program files (x86)/gnu tools arm embedded/6 2017-q1-update/bin/../lib/gcc/arm-none-eabi/6.3.1/../../../../arm-none-eabi/lib/thumb/v7e-m/fpv4-sp/hard\libg.a(lib_a-freer.o)
 .ARM.attributes
                0x000007a5       0x34 c:/program files (x86)/gnu tools arm embedded/6 2017-q1-update/bin/../lib/gcc/arm-none-eabi/6.3.1/../../../../arm-none-eabi/lib/thumb/v7e-m/fpv4-sp/hard\libg.a(lib_a-fvwrite.o)
 .ARM.attributes
                0x000007d9       0x34 c:/program files (x86)/gnu tools arm embedded/6 2017-q1-update/bin/../lib/gcc/arm-none-eabi/6.3.1/../../../../arm-none-eabi/lib/thumb/v7e-m/fpv4-sp/hard\libg.a(lib_a-fwalk.o)
 .ARM.attributes
                0x0000080d       0x34 c:/program files (x86)/gnu tools arm embedded/6 2017-q1-update/bin/../lib/gcc/arm-none-eabi/6.3.1/../../../../arm-none-eabi/lib/thumb/v7e-m/fpv4-sp/hard\libg.a(lib_a-localeconv.o)
 .ARM.attributes
                0x00000841       0x34 c:/program files (x86)/gnu tools arm embedded/6 2017-q1-update/bin/../lib/gcc/arm-none-eabi/6.3.1/../../../../arm-none-eabi/lib/thumb/v7e-m/fpv4-sp/hard\libg.a(lib_a-lock.o)
 .ARM.attributes
                0x00000875       0x34 c:/program files (x86)/gnu tools arm embedded/6 2017-q1-update/bin/../lib/gcc/arm-none-eabi/6.3.1/../../../../arm-none-eabi/lib/thumb/v7e-m/fpv4-sp/hard\libg.a(lib_a-makebuf.o)
 .ARM.attributes
                0x000008a9       0x34 c:/program files (x86)/gnu tools arm embedded/6 2017-q1-update/bin/../lib/gcc/arm-none-eabi/6.3.1/../../../../arm-none-eabi/lib/thumb/v7e-m/fpv4-sp/hard\libg.a(lib_a-mallocr.o)
 .ARM.attributes
                0x000008dd       0x20 c:/program files (x86)/gnu tools arm embedded/6 2017-q1-update/bin/../lib/gcc/arm-none-eabi/6.3.1/../../../../arm-none-eabi/lib/thumb/v7e-m/fpv4-sp/hard\libg.a(lib_a-memchr.o)
 .ARM.attributes
                0x000008fd       0x34 c:/program files (x86)/gnu tools arm embedded/6 2017-q1-update/bin/../lib/gcc/arm-none-eabi/6.3.1/../../../../arm-none-eabi/lib/thumb/v7e-m/fpv4-sp/hard\libg.a(lib_a-memmove.o)
 .ARM.attributes
                0x00000931       0x34 c:/program files (x86)/gnu tools arm embedded/6 2017-q1-update/bin/../lib/gcc/arm-none-eabi/6.3.1/../../../../arm-none-eabi/lib/thumb/v7e-m/fpv4-sp/hard\libg.a(lib_a-mlock.o)
 .ARM.attributes
                0x00000965       0x34 c:/program files (x86)/gnu tools arm embedded/6 2017-q1-update/bin/../lib/gcc/arm-none-eabi/6.3.1/../../../../arm-none-eabi/lib/thumb/v7e-m/fpv4-sp/hard\libg.a(lib_a-mprec.o)
 .ARM.attributes
                0x00000999       0x34 c:/program files (x86)/gnu tools arm embedded/6 2017-q1-update/bin/../lib/gcc/arm-none-eabi/6.3.1/../../../../arm-none-eabi/lib/thumb/v7e-m/fpv4-sp/hard\libg.a(lib_a-reallocr.o)
 .ARM.attributes
                0x000009cd       0x34 c:/program files (x86)/gnu tools arm embedded/6 2017-q1-update/bin/../lib/gcc/arm-none-eabi/6.3.1/../../../../arm-none-eabi/lib/thumb/v7e-m/fpv4-sp/hard\libg.a(lib_a-sbrkr.o)
 .ARM.attributes
                0x00000a01       0x34 c:/program files (x86)/gnu tools arm embedded/6 2017-q1-update/bin/../lib/gcc/arm-none-eabi/6.3.1/../../../../arm-none-eabi/lib/thumb/v7e-m/fpv4-sp/hard\libg.a(lib_a-stdio.o)
 .ARM.attributes
                0x00000a35       0x34 c:/program files (x86)/gnu tools arm embedded/6 2017-q1-update/bin/../lib/gcc/arm-none-eabi/6.3.1/../../../../arm-none-eabi/lib/thumb/v7e-m/fpv4-sp/hard\libg.a(lib_a-vfiprintf.o)
 .ARM.attributes
                0x00000a69       0x34 c:/program files (x86)/gnu tools arm embedded/6 2017-q1-update/bin/../lib/gcc/arm-none-eabi/6.3.1/../../../../arm-none-eabi/lib/thumb/v7e-m/fpv4-sp/hard\libg.a(lib_a-writer.o)
 .ARM.attributes
                0x00000a9d       0x34 c:/program files (x86)/gnu tools arm embedded/6 2017-q1-update/bin/../lib/gcc/arm-none-eabi/6.3.1/../../../../arm-none-eabi/lib/thumb/v7e-m/fpv4-sp/hard\libg.a(lib_a-__atexit.o)
 .ARM.attributes
                0x00000ad1       0x34 c:/program files (x86)/gnu tools arm embedded/6 2017-q1-update/bin/../lib/gcc/arm-none-eabi/6.3.1/../../../../arm-none-eabi/lib/thumb/v7e-m/fpv4-sp/hard\libg.a(lib_a-callocr.o)
 .ARM.attributes
                0x00000b05       0x34 c:/program files (x86)/gnu tools arm embedded/6 2017-q1-update/bin/../lib/gcc/arm-none-eabi/6.3.1/../../../../arm-none-eabi/lib/thumb/v7e-m/fpv4-sp/hard\libg.a(lib_a-closer.o)
 .ARM.attributes
                0x00000b39       0x34 c:/program files (x86)/gnu tools arm embedded/6 2017-q1-update/bin/../lib/gcc/arm-none-eabi/6.3.1/../../../../arm-none-eabi/lib/thumb/v7e-m/fpv4-sp/hard\libg.a(lib_a-fclose.o)
 .ARM.attributes
                0x00000b6d       0x34 c:/program files (x86)/gnu tools arm embedded/6 2017-q1-update/bin/../lib/gcc/arm-none-eabi/6.3.1/../../../../arm-none-eabi/lib/thumb/v7e-m/fpv4-sp/hard\libg.a(lib_a-fputwc.o)
 .ARM.attributes
                0x00000ba1       0x34 c:/program files (x86)/gnu tools arm embedded/6 2017-q1-update/bin/../lib/gcc/arm-none-eabi/6.3.1/../../../../arm-none-eabi/lib/thumb/v7e-m/fpv4-sp/hard\libg.a(lib_a-fstatr.o)
 .ARM.attributes
                0x00000bd5       0x34 c:/program files (x86)/gnu tools arm embedded/6 2017-q1-update/bin/../lib/gcc/arm-none-eabi/6.3.1/../../../../arm-none-eabi/lib/thumb/v7e-m/fpv4-sp/hard\libg.a(lib_a-isattyr.o)
 .ARM.attributes
                0x00000c09       0x34 c:/program files (x86)/gnu tools arm embedded/6 2017-q1-update/bin/../lib/gcc/arm-none-eabi/6.3.1/../../../../arm-none-eabi/lib/thumb/v7e-m/fpv4-sp/hard\libg.a(lib_a-locale.o)
 .ARM.attributes
                0x00000c3d       0x34 c:/program files (x86)/gnu tools arm embedded/6 2017-q1-update/bin/../lib/gcc/arm-none-eabi/6.3.1/../../../../arm-none-eabi/lib/thumb/v7e-m/fpv4-sp/hard\libg.a(lib_a-lseekr.o)
 .ARM.attributes
                0x00000c71       0x34 c:/program files (x86)/gnu tools arm embedded/6 2017-q1-update/bin/../lib/gcc/arm-none-eabi/6.3.1/../../../../arm-none-eabi/lib/thumb/v7e-m/fpv4-sp/hard\libg.a(lib_a-mbtowc_r.o)
 .ARM.attributes
                0x00000ca5       0x34 c:/program files (x86)/gnu tools arm embedded/6 2017-q1-update/bin/../lib/gcc/arm-none-eabi/6.3.1/../../../../arm-none-eabi/lib/thumb/v7e-m/fpv4-sp/hard\libg.a(lib_a-readr.o)
 .ARM.attributes
                0x00000cd9       0x34 c:/program files (x86)/gnu tools arm embedded/6 2017-q1-update/bin/../lib/gcc/arm-none-eabi/6.3.1/../../../../arm-none-eabi/lib/thumb/v7e-m/fpv4-sp/hard\libg.a(lib_a-wbuf.o)
 .ARM.attributes
                0x00000d0d       0x34 c:/program files (x86)/gnu tools arm embedded/6 2017-q1-update/bin/../lib/gcc/arm-none-eabi/6.3.1/../../../../arm-none-eabi/lib/thumb/v7e-m/fpv4-sp/hard\libg.a(lib_a-wcrtomb.o)
 .ARM.attributes
                0x00000d41       0x34 c:/program files (x86)/gnu tools arm embedded/6 2017-q1-update/bin/../lib/gcc/arm-none-eabi/6.3.1/../../../../arm-none-eabi/lib/thumb/v7e-m/fpv4-sp/hard\libg.a(lib_a-wctomb_r.o)
 .ARM.attributes
                0x00000d75       0x34 c:/program files (x86)/gnu tools arm embedded/6 2017-q1-update/bin/../lib/gcc/arm-none-eabi/6.3.1/../../../../arm-none-eabi/lib/thumb/v7e-m/fpv4-sp/hard\libg.a(lib_a-ctype_.o)
 .ARM.attributes
                0x00000da9       0x22 c:/program files (x86)/gnu tools arm embedded/6 2017-q1-update/bin/../lib/gcc/arm-none-eabi/6.3.1/thumb/v7e-m/fpv4-sp/hard\libgcc.a(_arm_addsubdf3.o)
 .ARM.attributes
                0x00000dcb       0x22 c:/program files (x86)/gnu tools arm embedded/6 2017-q1-update/bin/../lib/gcc/arm-none-eabi/6.3.1/thumb/v7e-m/fpv4-sp/hard\libgcc.a(_arm_muldivdf3.o)
 .ARM.attributes
                0x00000ded       0x22 c:/program files (x86)/gnu tools arm embedded/6 2017-q1-update/bin/../lib/gcc/arm-none-eabi/6.3.1/thumb/v7e-m/fpv4-sp/hard\libgcc.a(_arm_cmpdf2.o)
 .ARM.attributes
                0x00000e0f       0x22 c:/program files (x86)/gnu tools arm embedded/6 2017-q1-update/bin/../lib/gcc/arm-none-eabi/6.3.1/thumb/v7e-m/fpv4-sp/hard\libgcc.a(_arm_unorddf2.o)
 .ARM.attributes
                0x00000e31       0x22 c:/program files (x86)/gnu tools arm embedded/6 2017-q1-update/bin/../lib/gcc/arm-none-eabi/6.3.1/thumb/v7e-m/fpv4-sp/hard\libgcc.a(_arm_fixdfsi.o)
 .ARM.attributes
                0x00000e53       0x22 c:/program files (x86)/gnu tools arm embedded/6 2017-q1-update/bin/../lib/gcc/arm-none-eabi/6.3.1/thumb/v7e-m/fpv4-sp/hard\libgcc.a(_aeabi_uldivmod.o)
 .ARM.attributes
                0x00000e75       0x34 c:/program files (x86)/gnu tools arm embedded/6 2017-q1-update/bin/../lib/gcc/arm-none-eabi/6.3.1/thumb/v7e-m/fpv4-sp/hard\libgcc.a(_udivmoddi4.o)
 .ARM.attributes
                0x00000ea9       0x22 c:/program files (x86)/gnu tools arm embedded/6 2017-q1-update/bin/../lib/gcc/arm-none-eabi/6.3.1/thumb/v7e-m/fpv4-sp/hard\libgcc.a(_dvmd_tls.o)
 .ARM.attributes
                0x00000ecb       0x34 c:/program files (x86)/gnu tools arm embedded/6 2017-q1-update/bin/../lib/gcc/arm-none-eabi/6.3.1/thumb/v7e-m/fpv4-sp/hard/crtend.o
 .ARM.attributes
                0x00000eff       0x22 c:/program files (x86)/gnu tools arm embedded/6 2017-q1-update/bin/../lib/gcc/arm-none-eabi/6.3.1/thumb/v7e-m/fpv4-sp/hard/crtn.o

.comment        0x00000000       0x7f
 .comment       0x00000000       0x7f ./User/ParTest.o
                                 0x80 (size before relaxing)
 .comment       0x0000007f       0x80 ./User/main.o
 .comment       0x0000007f       0x80 ./Library/clk.o
 .comment       0x0000007f       0x80 ./Library/retarget.o
 .comment       0x0000007f       0x80 ./Library/uart.o
 .comment       0x0000007f       0x80 ./FreeRTOS/Source/portable/MemMang/heap_2.o
 .comment       0x0000007f       0x80 ./FreeRTOS/Source/portable/GCC/ARM_CM4F/port.o
 .comment       0x0000007f       0x80 ./FreeRTOS/Demo/Common/Minimal/PollQ.o
 .comment       0x0000007f       0x80 ./FreeRTOS/Demo/Common/Minimal/QueueSet.o
 .comment       0x0000007f       0x80 ./FreeRTOS/Demo/Common/Minimal/flash.o
 .comment       0x0000007f       0x80 ./FreeRTOS/list.o
 .comment       0x0000007f       0x80 ./FreeRTOS/queue.o
 .comment       0x0000007f       0x80 ./FreeRTOS/tasks.o
 .comment       0x0000007f       0x80 ./FreeRTOS/timers.o
 .comment       0x0000007f       0x80 ./CMSIS/GCC/_syscalls.o
 .comment       0x0000007f       0x80 ./CMSIS/system_M480.o

.debug_info     0x00000000    0x143fa
 .debug_info    0x00000000      0xcb9 ./User/ParTest.o
 .debug_info    0x00000cb9     0x17ad ./User/main.o
 .debug_info    0x00002466     0x1c44 ./Library/clk.o
 .debug_info    0x000040aa     0x1026 ./Library/retarget.o
 .debug_info    0x000050d0     0x137f ./Library/uart.o
 .debug_info    0x0000644f      0xb86 ./FreeRTOS/Source/portable/MemMang/heap_2.o
 .debug_info    0x00006fd5      0x572 ./FreeRTOS/Source/portable/GCC/ARM_CM4F/port.o
 .debug_info    0x00007547      0xbe7 ./FreeRTOS/Demo/Common/Minimal/PollQ.o
 .debug_info    0x0000812e     0x1172 ./FreeRTOS/Demo/Common/Minimal/QueueSet.o
 .debug_info    0x000092a0      0xa77 ./FreeRTOS/Demo/Common/Minimal/flash.o
 .debug_info    0x00009d17      0xad5 ./FreeRTOS/list.o
 .debug_info    0x0000a7ec     0x2ae4 ./FreeRTOS/queue.o
 .debug_info    0x0000d2d0     0x315e ./FreeRTOS/tasks.o
 .debug_info    0x0001042e     0x18da ./FreeRTOS/timers.o
 .debug_info    0x00011d08     0x11bb ./CMSIS/GCC/_syscalls.o
 .debug_info    0x00012ec3       0x65 ./CMSIS/GCC/startup_M480.o
 .debug_info    0x00012f28     0x14d2 ./CMSIS/system_M480.o

.debug_abbrev   0x00000000     0x2d29
 .debug_abbrev  0x00000000      0x1dd ./User/ParTest.o
 .debug_abbrev  0x000001dd      0x373 ./User/main.o
 .debug_abbrev  0x00000550      0x351 ./Library/clk.o
 .debug_abbrev  0x000008a1      0x340 ./Library/retarget.o
 .debug_abbrev  0x00000be1      0x29a ./Library/uart.o
 .debug_abbrev  0x00000e7b      0x2bb ./FreeRTOS/Source/portable/MemMang/heap_2.o
 .debug_abbrev  0x00001136      0x23a ./FreeRTOS/Source/portable/GCC/ARM_CM4F/port.o
 .debug_abbrev  0x00001370      0x262 ./FreeRTOS/Demo/Common/Minimal/PollQ.o
 .debug_abbrev  0x000015d2      0x37f ./FreeRTOS/Demo/Common/Minimal/QueueSet.o
 .debug_abbrev  0x00001951      0x246 ./FreeRTOS/Demo/Common/Minimal/flash.o
 .debug_abbrev  0x00001b97      0x220 ./FreeRTOS/list.o
 .debug_abbrev  0x00001db7      0x3b6 ./FreeRTOS/queue.o
 .debug_abbrev  0x0000216d      0x3bd ./FreeRTOS/tasks.o
 .debug_abbrev  0x0000252a      0x31e ./FreeRTOS/timers.o
 .debug_abbrev  0x00002848      0x289 ./CMSIS/GCC/_syscalls.o
 .debug_abbrev  0x00002ad1       0x14 ./CMSIS/GCC/startup_M480.o
 .debug_abbrev  0x00002ae5      0x244 ./CMSIS/system_M480.o

.debug_aranges  0x00000000      0x988
 .debug_aranges
                0x00000000       0x20 ./User/ParTest.o
 .debug_aranges
                0x00000020       0x60 ./User/main.o
 .debug_aranges
                0x00000080      0x108 ./Library/clk.o
 .debug_aranges
                0x00000188       0x70 ./Library/retarget.o
 .debug_aranges
                0x000001f8       0x88 ./Library/uart.o
 .debug_aranges
                0x00000280       0x40 ./FreeRTOS/Source/portable/MemMang/heap_2.o
 .debug_aranges
                0x000002c0       0x80 ./FreeRTOS/Source/portable/GCC/ARM_CM4F/port.o
 .debug_aranges
                0x00000340       0x38 ./FreeRTOS/Demo/Common/Minimal/PollQ.o
 .debug_aranges
                0x00000378       0x80 ./FreeRTOS/Demo/Common/Minimal/QueueSet.o
 .debug_aranges
                0x000003f8       0x28 ./FreeRTOS/Demo/Common/Minimal/flash.o
 .debug_aranges
                0x00000420       0x40 ./FreeRTOS/list.o
 .debug_aranges
                0x00000460      0x160 ./FreeRTOS/queue.o
 .debug_aranges
                0x000005c0      0x1e8 ./FreeRTOS/tasks.o
 .debug_aranges
                0x000007a8       0xc8 ./FreeRTOS/timers.o
 .debug_aranges
                0x00000870       0xd0 ./CMSIS/GCC/_syscalls.o
 .debug_aranges
                0x00000940       0x20 ./CMSIS/GCC/startup_M480.o
 .debug_aranges
                0x00000960       0x28 ./CMSIS/system_M480.o

.debug_ranges   0x00000000      0xa68
 .debug_ranges  0x00000000       0x10 ./User/ParTest.o
 .debug_ranges  0x00000010       0x50 ./User/main.o
 .debug_ranges  0x00000060       0xf8 ./Library/clk.o
 .debug_ranges  0x00000158       0x60 ./Library/retarget.o
 .debug_ranges  0x000001b8       0x78 ./Library/uart.o
 .debug_ranges  0x00000230       0x30 ./FreeRTOS/Source/portable/MemMang/heap_2.o
 .debug_ranges  0x00000260       0x70 ./FreeRTOS/Source/portable/GCC/ARM_CM4F/port.o
 .debug_ranges  0x000002d0       0x28 ./FreeRTOS/Demo/Common/Minimal/PollQ.o
 .debug_ranges  0x000002f8       0x70 ./FreeRTOS/Demo/Common/Minimal/QueueSet.o
 .debug_ranges  0x00000368       0x18 ./FreeRTOS/Demo/Common/Minimal/flash.o
 .debug_ranges  0x00000380       0x30 ./FreeRTOS/list.o
 .debug_ranges  0x000003b0      0x258 ./FreeRTOS/queue.o
 .debug_ranges  0x00000608      0x2d0 ./FreeRTOS/tasks.o
 .debug_ranges  0x000008d8       0xb8 ./FreeRTOS/timers.o
 .debug_ranges  0x00000990       0xc0 ./CMSIS/GCC/_syscalls.o
 .debug_ranges  0x00000a50       0x18 ./CMSIS/system_M480.o

.debug_line     0x00000000     0x4f8f
 .debug_line    0x00000000      0x29d ./User/ParTest.o
 .debug_line    0x0000029d      0x45c ./User/main.o
 .debug_line    0x000006f9      0x5a6 ./Library/clk.o
 .debug_line    0x00000c9f      0x3a3 ./Library/retarget.o
 .debug_line    0x00001042      0x40a ./Library/uart.o
 .debug_line    0x0000144c      0x387 ./FreeRTOS/Source/portable/MemMang/heap_2.o
 .debug_line    0x000017d3      0x392 ./FreeRTOS/Source/portable/GCC/ARM_CM4F/port.o
 .debug_line    0x00001b65      0x36b ./FreeRTOS/Demo/Common/Minimal/PollQ.o
 .debug_line    0x00001ed0      0x4ac ./FreeRTOS/Demo/Common/Minimal/QueueSet.o
 .debug_line    0x0000237c      0x35c ./FreeRTOS/Demo/Common/Minimal/flash.o
 .debug_line    0x000026d8      0x32c ./FreeRTOS/list.o
 .debug_line    0x00002a04      0xb1d ./FreeRTOS/queue.o
 .debug_line    0x00003521      0xdc2 ./FreeRTOS/tasks.o
 .debug_line    0x000042e3      0x5a8 ./FreeRTOS/timers.o
 .debug_line    0x0000488b      0x3e2 ./CMSIS/GCC/_syscalls.o
 .debug_line    0x00004c6d       0x7f ./CMSIS/GCC/startup_M480.o
 .debug_line    0x00004cec      0x2a3 ./CMSIS/system_M480.o

.debug_str      0x00000000     0x3999
 .debug_str     0x00000000      0x83d ./User/ParTest.o
                                0x8e8 (size before relaxing)
 .debug_str     0x0000083d      0x5c2 ./User/main.o
                                0xe9b (size before relaxing)
 .debug_str     0x00000dff      0x404 ./Library/clk.o
                                0xfd4 (size before relaxing)
 .debug_str     0x00001203       0xa9 ./Library/retarget.o
                                0x98b (size before relaxing)
 .debug_str     0x000012ac      0x1ec ./Library/uart.o
                                0xbfa (size before relaxing)
 .debug_str     0x00001498      0x1ac ./FreeRTOS/Source/portable/MemMang/heap_2.o
                                0x79a (size before relaxing)
 .debug_str     0x00001644      0x27c ./FreeRTOS/Source/portable/GCC/ARM_CM4F/port.o
                                0x499 (size before relaxing)
 .debug_str     0x000018c0      0x151 ./FreeRTOS/Demo/Common/Minimal/PollQ.o
                                0x7c4 (size before relaxing)
 .debug_str     0x00001a11      0x429 ./FreeRTOS/Demo/Common/Minimal/QueueSet.o
                                0xb15 (size before relaxing)
 .debug_str     0x00001e3a       0x88 ./FreeRTOS/Demo/Common/Minimal/flash.o
                                0x6eb (size before relaxing)
 .debug_str     0x00001ec2      0x125 ./FreeRTOS/list.o
                                0x6f5 (size before relaxing)
 .debug_str     0x00001fe7      0x715 ./FreeRTOS/queue.o
                                0xfd5 (size before relaxing)
 .debug_str     0x000026fc      0xa1c ./FreeRTOS/tasks.o
                               0x1548 (size before relaxing)
 .debug_str     0x00003118      0x438 ./FreeRTOS/timers.o
                                0xcb9 (size before relaxing)
 .debug_str     0x00003550      0x2aa ./CMSIS/GCC/_syscalls.o
                                0x8b5 (size before relaxing)
 .debug_str     0x000037fa      0x19f ./CMSIS/system_M480.o
                                0xc06 (size before relaxing)

.debug_frame    0x00000000     0x2bc4
 .debug_frame   0x00000000       0x20 ./User/ParTest.o